06-10 00:59:02.324  6145  6145 D TaskViewThumbnail: setThumbnail, t=[TaskKey{id=7394, stackId=0, baseIntent=Intent { act=android.intent.action.MAIN cat=[android.intent.category.LAUNCHER] flg=0x10200000 cmp=com.DefaultCompany.HybridCLR/com.unity3d.player.UnityPlayerActivity }, userId=0, lastActiveTime=622578992, windowingMode=1, isThumbnailBlur=false, isScreening=false, topActivity=ComponentInfo{com.DefaultCompany.HybridCLR/com.unity3d.player.UnityPlayerActivity}, mHashCode=221198206}, title=HybridCLR_YooAsset_UniTask, titleDescription=HybridCLR_YooAsset_UniTask, bounds=null, isLaunchTarget=true, isStackTask=true, isSystemApp=false, isDockable=false, baseActivity=ComponentInfo{com.DefaultCompany.HybridCLR/com.unity3d.player.UnityPlayerActivity}, isLocked=false, isAccessLocked=false, mNeedHide=false, hasMultipleTasks=false, cti1Key=, cti2Key=] , mThumbnailInfo=TaskThumbnailInfo{isSnapshotInvalidate=false}, mThumbnailBitmapRect=Rect(0, 0 - 1440, 3200)
06-10 00:59:02.324  6145  6145 D TaskViewThumbnail: updateThumbnailScale, t=[TaskKey{id=7394, stackId=0, baseIntent=Intent { act=android.intent.action.MAIN cat=[android.intent.category.LAUNCHER] flg=0x10200000 cmp=com.DefaultCompany.HybridCLR/com.unity3d.player.UnityPlayerActivity }, userId=0, lastActiveTime=622578992, windowingMode=1, isThumbnailBlur=false, isScreening=false, topActivity=ComponentInfo{com.DefaultCompany.HybridCLR/com.unity3d.player.UnityPlayerActivity}, mHashCode=221198206}, title=HybridCLR_YooAsset_UniTask, titleDescription=HybridCLR_YooAsset_UniTask, bounds=null, isLaunchTarget=true, isStackTask=true, isSystemApp=false, isDockable=false, baseActivity=ComponentInfo{com.DefaultCompany.HybridCLR/com.unity3d.player.UnityPlayerActivity}, isLocked=false, isAccessLocked=false, mNeedHide=false, hasMultipleTasks=false, cti1Key=, cti2Key=] , mThumbnailBitmapSizeAfterScaled=(1402, 631)
06-10 00:59:02.324  6145  6145 D TaskViewThumbnail: updateThumbnailDrawInfo: transX=-6, transY=-2
06-10 00:59:02.324  6145  6145 D TaskViewThumbnail: setThumbnail, t=[TaskKey{id=7391, stackId=0, baseIntent=Intent { act=android.intent.action.MAIN cat=[android.intent.category.LAUNCHER] flg=0x10200000 cmp=com.android.settings/.MainSettings }, userId=0, lastActiveTime=622399684, windowingMode=1, isThumbnailBlur=false, isScreening=false, topActivity=ComponentInfo{com.android.settings/com.android.settings.Settings$WifiSettingsActivity}, mHashCode=221108833}, title=WLAN, titleDescription=设置 WLAN, bounds=null, isLaunchTarget=false, isStackTask=true, isSystemApp=true, isDockable=true, baseActivity=ComponentInfo{com.android.settings/com.android.settings.MiuiSettings}, isLocked=false, isAccessLocked=false, mNeedHide=false, hasMultipleTasks=false, cti1Key=, cti2Key=] , mThumbnailInfo=TaskThumbnailInfo{isSnapshotInvalidate=false}, mThumbnailBitmapRect=Rect(0, 0 - 1440, 3200)
06-10 00:59:02.324  6145  6145 D TaskViewThumbnail: updateThumbnailScale, t=[TaskKey{id=7391, stackId=0, baseIntent=Intent { act=android.intent.action.MAIN cat=[android.intent.category.LAUNCHER] flg=0x10200000 cmp=com.android.settings/.MainSettings }, userId=0, lastActiveTime=622399684, windowingMode=1, isThumbnailBlur=false, isScreening=false, topActivity=ComponentInfo{com.android.settings/com.android.settings.Settings$WifiSettingsActivity}, mHashCode=221108833}, title=WLAN, titleDescription=设置 WLAN, bounds=null, isLaunchTarget=false, isStackTask=true, isSystemApp=true, isDockable=true, baseActivity=ComponentInfo{com.android.settings/com.android.settings.MiuiSettings}, isLocked=false, isAccessLocked=false, mNeedHide=false, hasMultipleTasks=false, cti1Key=, cti2Key=] , mThumbnailBitmapSizeAfterScaled=(1402, 631)
06-10 00:59:02.324  6145  6145 D TaskViewThumbnail: updateThumbnailDrawInfo: transX=-6, transY=-2
06-10 00:59:02.324  6145  6145 D OnGlobalListenerError: TaskStackView before requestLayout isParentLayoutRequested = true
06-10 00:59:02.324  6145  6145 D OnGlobalListenerError: TaskStackView after requestLayout
06-10 00:59:02.324  6145  6145 D OnGlobalListenerError: TaskStackView setVisibility :0
06-10 00:59:02.324  6145  6145 D OnGlobalListenerError: RecentsView before requestLayout isParentLayoutRequested = true
06-10 00:59:02.324  6145  6145 D OnGlobalListenerError: RecentsView after requestLayout
06-10 00:59:02.324  6145  6145 D RecentsContainer: setSkipTouchWhenQuickSwitching=false
06-10 00:59:02.324  6145  6145 E RecentsContainer: setIsExitRecentsAnimating animating=false
06-10 00:59:02.324  6145  6145 D Launcher: notifyBackGestureStatus
06-10 00:59:02.324  6145  6145 D EventBus: No subscribers registered for event class com.miui.home.launcher.common.messages.CloseAllOverLauncherWindowMessage
06-10 00:59:02.324  6145  6145 D EventBus: No subscribers registered for event class org.greenrobot.eventbus.NoSubscriberEvent
06-10 00:59:02.324  6145  6145 E RotationHelper: setCurrentStateRequest: request=1
06-10 00:59:02.324  6145  6145 E RotationHelper: notifyChange activityFlags=1, mMultiWindowRotationRequest=3, mCurrentTransitionRequest=2, mCurrentStateRequest=1
06-10 00:59:02.324  6145  6145 E StateManager: setWorkspaceProperty  state=OverviewState
06-10 00:59:02.324  6145  6145 D StateManager: setHotseatsProperty: hotseats.Visiblity = 0 ,hotseats.Alpha = 1.0 ,hotseats.TranslationY = 0.0 ,hotseats.TranslationX = 0.0 ,isInNormalEditing = false
06-10 00:59:02.324  6145  6145 E RecentsViewStateController: setState: state=OverviewState
06-10 00:59:02.324  6145  6145 D OnGlobalListenerError: RecentsContainer setVisibility :0
06-10 00:59:02.324  6145  6145 D OnGlobalListenerError: java.lang.Exception
06-10 00:59:02.324  6145  6145 D OnGlobalListenerError: 	at com.miui.home.recents.views.RecentsContainer.setVisibility(RecentsContainer.java:313)
06-10 00:59:02.324  6145  6145 D OnGlobalListenerError: 	at com.miui.home.recents.RecentsViewStateController.setState(RecentsViewStateController.java:49)
06-10 00:59:02.324  6145  6145 D OnGlobalListenerError: 	at com.miui.home.launcher.LauncherStateManager.goToState(LauncherStateManager.java:279)
06-10 00:59:02.324  6145  6145 D OnGlobalListenerError: 	at com.miui.home.recents.anim.TaskViewsElement.showRecents(TaskViewsElement.kt:1141)
06-10 00:59:02.324  6145  6145 D OnGlobalListenerError: 	at com.miui.home.recents.anim.StateManager$AppState.handleEvent(StateManager.kt:655)
06-10 00:59:02.324  6145  6145 D OnGlobalListenerError: 	at com.miui.home.recents.anim.StateManager.handleEventActually(StateManager.kt:115)
06-10 00:59:02.324  6145  6145 D OnGlobalListenerError: 	at com.miui.home.recents.anim.StateManager.sendEventActually(StateManager.kt:100)
06-10 00:59:02.324  6145  6145 D OnGlobalListenerError: 	at com.miui.home.recents.anim.StateManager.sendEvent(StateManager.kt:126)
06-10 00:59:02.324  6145  6145 D OnGlobalListenerError: 	at com.miui.home.recents.NavStubView.enterAppHoldState(NavStubView.java:3950)
06-10 00:59:02.324  6145  6145 D OnGlobalListenerError: 	at com.miui.home.recents.GestureStateMachine$AppTaskHoldState.enter(GestureStateMachine.java:643)
06-10 00:59:02.324  6145  6145 D OnGlobalListenerError: 	at com.android.internal.util.StateMachine$SmHandler.invokeEnterMethods(StateMachine.java:1043)
06-10 00:59:02.324  6145  6145 D OnGlobalListenerError: 	at com.android.internal.util.StateMachine$SmHandler.performTransitions(StateMachine.java:889)
06-10 00:59:02.324  6145  6145 D OnGlobalListenerError: 	at com.android.internal.util.StateMachine$SmHandler.handleMessage(StateMachine.java:829)
06-10 00:59:02.324  6145  6145 D OnGlobalListenerError: 	at android.os.Handler.dispatchMessage(Handler.java:107)
06-10 00:59:02.324  6145  6145 D OnGlobalListenerError: 	at android.os.Looper.loopOnce(Looper.java:249)
06-10 00:59:02.324  6145  6145 D OnGlobalListenerError: 	at android.os.Looper.loop(Looper.java:337)
06-10 00:59:02.324  6145  6145 D OnGlobalListenerError: 	at android.app.ActivityThread.main(ActivityThread.java:9604)
06-10 00:59:02.324  6145  6145 D OnGlobalListenerError: 	at java.lang.reflect.Method.invoke(Native Method)
06-10 00:59:02.324  6145  6145 D OnGlobalListenerError: 	at com.android.internal.os.RuntimeInit$MethodAndArgsCaller.run(RuntimeInit.java:615)
06-10 00:59:02.324  6145  6145 D OnGlobalListenerError: 	at com.android.internal.os.ZygoteInit.main(ZygoteInit.java:936)
06-10 00:59:02.324  6145  6145 D OnGlobalListenerError: RecentsContainer before requestLayout isParentLayoutRequested = false
06-10 00:59:02.324  6145  6145 D OnGlobalListenerError: RecentsContainer after requestLayout
06-10 00:59:02.324  6145  6145 D AnimStateManager: send event 7012 currentState = AppState windowElement = com.miui.home.recents.anim.WindowElement@a185dd9
06-10 00:59:02.324  6145  6145 I AnimStateManager: AppState handle event 7012
06-10 00:59:02.324  6145  6145 I AnimStateManager: CommonState handle event 7012
06-10 00:59:02.324  6145  6145 D RecentBlurViewElement: animTo: params = RecentBlurParams(blurRadius=120.0, dimming=1.0, dampingRatio=0.9, response=0.3)
06-10 00:59:02.325  6145  6145 D LauncherStateManager: onStateTransitionEnd, mLastStableState=NormalState, mCurrentStableState=OverviewState
06-10 00:59:02.325  8761  2220 D LauncherOverlay: closeOverlay:0
06-10 00:59:02.325  6145  6145 E OverviewState: onStateTransitionEnd
06-10 00:59:02.325  6145  6145 E RotationHelper: setCurrentStateRequest: request=1
06-10 00:59:02.325  6145  6145 W TaskViewsElement: addOnGlobalLayoutListener mTaskStackViewLayoutListener
06-10 00:59:02.325  6145  6145 D OnGlobalListenerError: TaskStackView before requestLayout isParentLayoutRequested = true
06-10 00:59:02.325  6145  6145 D OnGlobalListenerError: TaskStackView after requestLayout
06-10 00:59:02.325  6145  6145 D RecentsView: setRunningTaskHidden runningTaskId=7394, isHidden=true
06-10 00:59:02.325  6145  6145 D RecentsView: setCurrentTaskId runningTaskId :7394
06-10 00:59:02.325  6145  6145 I AnimStateManager: CommonState handle event 6002
06-10 00:59:02.325  6145  6145 D gk      : setRunningTaskIndex, mRunningTaskIndex=0
06-10 00:59:02.325  6145  6145 D NavStubView: onPointEvent: rawX=2090.2998   rawY=1058.5   action=2   mIsInFsMode=false
06-10 00:59:02.325  2250  2250 D RefreshRateSelector: Touch Boost
06-10 00:59:02.325  2250  2250 D MI-SF   : modeGroup0 mIsSupportAutomodeForMaxFpsSetting is 1(0), getCurrentBrightness() = 1879(528), mIsKeepAutoMode 0
06-10 00:59:02.325  2250  2250 D RefreshRateSelector: fixedMode_group: 0, isFindModeGroup 0
06-10 00:59:02.325  2250  2250 D RefreshRateSelector: find max refresh rate:120, mode Group:0
06-10 00:59:02.325  6145  6145 I GestureStateMachine: getCurrentState = com.miui.home.recents.GestureStateMachine$AppTaskHoldState@1381b5
06-10 00:59:02.326  2250  2587 D RenderEngine: makePassBlurBetterDownShader layername:Wallpaper BBQ wrapper#84
06-10 00:59:02.326  6145  6240 D RecentsContainer: notifyRecentTaskState: true
06-10 00:59:02.326  2225  2225 D vendor.hardware.vibratorfeature: configStrengthForEffect id : 4 , strength: 0.375000
06-10 00:59:02.327  2225  2225 D vendor.hardware.vibratorfeature: Vibrator perform effect 4
06-10 00:59:02.327  2225  2225 D vendor.hardware.vibratorfeature: uses mCurrMagnitudeExt 1.500000
06-10 00:59:02.327  2225  2225 D vendor.hardware.vibratorfeature: getAmplitudeFromEffectStrength 0.562500
06-10 00:59:02.327  2225  2225 D MiEvent : MiEvent: this 0x7fdb842ef0, paylod=0xb400007bd9c5d480
06-10 00:59:02.327  6145  6145 D NavStubView: onTouchEvent: action=2, count=1
06-10 00:59:02.327  6145  6145 D NavStubView: remove LongPress check
06-10 00:59:02.327  6145  6145 D backgroundBlur: clearMiBackgroundBlendColors com.miui.home.launcher.BlurView
06-10 00:59:02.327  6145  6145 D backgroundBlur: enablePassWindowBlur has set com.miui.home.launcher.BlurView enable:true
06-10 00:59:02.328  6145  6145 D RecentsContainer: onMeasure, rotation=1
06-10 00:59:02.328  6145  6145 D RecentsContainer: rotateRecentsContainer, recentsRotation=1, widthAndHeight=[3200, 1440]
06-10 00:59:02.328  6145  6145 D TaskStackLayoutAlgorithm: initialize: windowRect=Rect(0, 0 - 3200, 1440), mVisualRotationSystemInsets=Rect(0, 0 - 0, 0), mTaskStackViewRect=Rect(0, 0 - 3200, 1440), mTaskViewRect=RectF(905.60004, 0.0, 2294.4, 760.95996)
06-10 00:59:02.328  6145  6145 D TaskStackLayoutAlgorithm: initialize: windowRect=Rect(0, 0 - 3200, 1440), mVisualRotationSystemInsets=Rect(0, 0 - 0, 0), mTaskStackViewRect=Rect(0, 0 - 3200, 1440), mTaskViewRect=RectF(905.60004, 0.0, 2294.4, 760.95996)
06-10 00:59:02.328  6145  6145 D TaskStackViewsAlgorithmVertical: computeTaskStackViewPadding topRatio:0.29,bottomRatio: 0.5
06-10 00:59:02.328  6145  6145 D TaskView: TaskView bind task, task=[TaskKey{id=7365, stackId=0, baseIntent=Intent { act=android.intent.action.MAIN cat=[android.intent.category.LAUNCHER] flg=0x10200000 cmp=com.ss.android.ugc.aweme/.splash.SplashActivity }, userId=999, lastActiveTime=622357540, windowingMode=1, isThumbnailBlur=false, isScreening=false, topActivity=ComponentInfo{com.ss.android.ugc.aweme/com.ss.android.ugc.aweme.main.MainActivity}, mHashCode=220335266}, title=抖音, titleDescription=抖音, bounds=null, isLaunchTarget=false, isStackTask=true, isSystemApp=false, isDockable=true, baseActivity=ComponentInfo{com.ss.android.ugc.aweme/com.ss.android.ugc.aweme.main.MainActivity}, isLocked=false, isAccessLocked=false, mNeedHide=false, hasMultipleTasks=false, cti1Key=, cti2Key=] , isLock=false, is9_1Task= false
06-10 00:59:02.328  2225  2225 D MiEvent : ~MiEvent: this 0x7fdb842ef0, paylod=0xb400007bd9c5d480
06-10 00:59:02.328  2225  2225 D vendor.hardware.vibratorfeature: return from driver is 18
06-10 00:59:02.328  6145  6145 D TaskViewThumbnail: setThumbnail, clearThumbnail, t=[TaskKey{id=7365, stackId=0, baseIntent=Intent { act=android.intent.action.MAIN cat=[android.intent.category.LAUNCHER] flg=0x10200000 cmp=com.ss.android.ugc.aweme/.splash.SplashActivity }, userId=999, lastActiveTime=622357540, windowingMode=1, isThumbnailBlur=false, isScreening=false, topActivity=ComponentInfo{com.ss.android.ugc.aweme/com.ss.android.ugc.aweme.main.MainActivity}, mHashCode=220335266}, title=抖音, titleDescription=抖音, bounds=null, isLaunchTarget=false, isStackTask=true, isSystemApp=false, isDockable=true, baseActivity=ComponentInfo{com.ss.android.ugc.aweme/com.ss.android.ugc.aweme.main.MainActivity}, isLocked=false, isAccessLocked=false, mNeedHide=false, hasMultipleTasks=false, cti1Key=, cti2Key=] , bm=null, thumbnailInfo=null
06-10 00:59:02.328  5967  5967 D MiWallpaper-SnowmountainSuperWallpaper: Engine onCommand action action_open_recent x: 0 y: 0
06-10 00:59:02.328  5967  5967 D MiWallpaper-SnowmountainSuperWallpaper: Engine onCommand event = 
06-10 00:59:02.329  6145  6240 E Launcher: mFsGestureStatusRefreshRunnable:run usingFsGesture=true   show=true   focus=false   pause=false
06-10 00:59:02.329  6145  6240 D Launcher: mFsGestureStatusRefreshRunnable, in landscape overview, hide navStubView
06-10 00:59:02.329  6145  6240 D Launcher: notifyFsGestureHomeStatus    enableBackGesture=true   isSupportRecentsAndFsGesture=true
06-10 00:59:02.329  6145  6145 D TaskViewThumbnail: updateThumbnailScale, t=[TaskKey{id=7386, stackId=0, baseIntent=Intent { act=android.intent.action.MAIN cat=[android.intent.category.LAUNCHER] flg=0x10200000 cmp=org.mozilla.firefox/.App }, userId=0, lastActiveTime=622457307, windowingMode=1, isThumbnailBlur=false, isScreening=false, topActivity=ComponentInfo{org.mozilla.firefox/org.mozilla.fenix.HomeActivity}, mHashCode=220959878}, title=Firefox, titleDescription=Firefox, bounds=null, isLaunchTarget=false, isStackTask=true, isSystemApp=false, isDockable=true, baseActivity=ComponentInfo{org.mozilla.firefox/org.mozilla.fenix.HomeActivity}, isLocked=false, isAccessLocked=false, mNeedHide=false, hasMultipleTasks=false, cti1Key=, cti2Key=] , mThumbnailBitmapSizeAfterScaled=(1391, 626)
06-10 00:59:02.329  6145  6145 D TaskViewThumbnail: updateThumbnailDrawInfo: transX=0, transY=0
06-10 00:59:02.329  6145  6145 D TaskViewThumbnail: updateThumbnailScale, t=[TaskKey{id=7392, stackId=0, baseIntent=Intent { act=android.intent.action.VIEW cat=[android.intent.category.BROWSABLE] dat=http://192.168.5.2:8888/... typ=application/octet-stream flg=0x10000000 cmp=com.android.providers.downloads.ui/.activity.BrowserDownloadActivity }, userId=0, lastActiveTime=622455872, windowingMode=1, isThumbnailBlur=false, isScreening=false, topActivity=null, mHashCode=221138624}, title=下载管理, titleDescription=下载管理, bounds=null, isLaunchTarget=false, isStackTask=true, isSystemApp=false, isDockable=true, baseActivity=null, isLocked=false, isAccessLocked=false, mNeedHide=false, hasMultipleTasks=false, cti1Key=, cti2Key=] , mThumbnailBitmapSizeAfterScaled=(1391, 626)
06-10 00:59:02.329  6145  6145 D TaskViewThumbnail: updateThumbnailDrawInfo: transX=0, transY=0
06-10 00:59:02.329  6145  6145 D TaskViewThumbnail: updateThumbnailScale, t=[TaskKey{id=7391, stackId=0, baseIntent=Intent { act=android.intent.action.MAIN cat=[android.intent.category.LAUNCHER] flg=0x10200000 cmp=com.android.settings/.MainSettings }, userId=0, lastActiveTime=622399684, windowingMode=1, isThumbnailBlur=false, isScreening=false, topActivity=ComponentInfo{com.android.settings/com.android.settings.Settings$WifiSettingsActivity}, mHashCode=221108833}, title=WLAN, titleDescription=设置 WLAN, bounds=null, isLaunchTarget=false, isStackTask=true, isSystemApp=true, isDockable=true, baseActivity=ComponentInfo{com.android.settings/com.android.settings.MiuiSettings}, isLocked=false, isAccessLocked=false, mNeedHide=false, hasMultipleTasks=false, cti1Key=, cti2Key=] , mThumbnailBitmapSizeAfterScaled=(1391, 626)
06-10 00:59:02.329  6145  6145 D TaskViewThumbnail: updateThumbnailDrawInfo: transX=0, transY=0
06-10 00:59:02.329  6145  6145 D TaskView: TaskView bind task, task=[TaskKey{id=7394, stackId=0, baseIntent=Intent { act=android.intent.action.MAIN cat=[android.intent.category.LAUNCHER] flg=0x10200000 cmp=com.DefaultCompany.HybridCLR/com.unity3d.player.UnityPlayerActivity }, userId=0, lastActiveTime=622578992, windowingMode=1, isThumbnailBlur=false, isScreening=false, topActivity=ComponentInfo{com.DefaultCompany.HybridCLR/com.unity3d.player.UnityPlayerActivity}, mHashCode=221198206}, title=HybridCLR_YooAsset_UniTask, titleDescription=HybridCLR_YooAsset_UniTask, bounds=null, isLaunchTarget=true, isStackTask=true, isSystemApp=false, isDockable=false, baseActivity=ComponentInfo{com.DefaultCompany.HybridCLR/com.unity3d.player.UnityPlayerActivity}, isLocked=false, isAccessLocked=false, mNeedHide=false, hasMultipleTasks=false, cti1Key=, cti2Key=] , isLock=false, is9_1Task= false
06-10 00:59:02.329  6145  6145 D TaskViewThumbnail: setThumbnail, t=[TaskKey{id=7365, stackId=0, baseIntent=Intent { act=android.intent.action.MAIN cat=[android.intent.category.LAUNCHER] flg=0x10200000 cmp=com.ss.android.ugc.aweme/.splash.SplashActivity }, userId=999, lastActiveTime=622357540, windowingMode=1, isThumbnailBlur=false, isScreening=false, topActivity=ComponentInfo{com.ss.android.ugc.aweme/com.ss.android.ugc.aweme.main.MainActivity}, mHashCode=220335266}, title=抖音, titleDescription=抖音, bounds=null, isLaunchTarget=false, isStackTask=true, isSystemApp=false, isDockable=true, baseActivity=ComponentInfo{com.ss.android.ugc.aweme/com.ss.android.ugc.aweme.main.MainActivity}, isLocked=false, isAccessLocked=false, mNeedHide=false, hasMultipleTasks=false, cti1Key=, cti2Key=] , mThumbnailInfo=TaskThumbnailInfo{isSnapshotInvalidate=false}, mThumbnailBitmapRect=Rect(0, 0 - 3200, 1440)
06-10 00:59:02.329  6145  6145 D TaskViewThumbnail: updateThumbnailScale, t=[TaskKey{id=7365, stackId=0, baseIntent=Intent { act=android.intent.action.MAIN cat=[android.intent.category.LAUNCHER] flg=0x10200000 cmp=com.ss.android.ugc.aweme/.splash.SplashActivity }, userId=999, lastActiveTime=622357540, windowingMode=1, isThumbnailBlur=false, isScreening=false, topActivity=ComponentInfo{com.ss.android.ugc.aweme/com.ss.android.ugc.aweme.main.MainActivity}, mHashCode=220335266}, title=抖音, titleDescription=抖音, bounds=null, isLaunchTarget=false, isStackTask=true, isSystemApp=false, isDockable=true, baseActivity=ComponentInfo{com.ss.android.ugc.aweme/com.ss.android.ugc.aweme.main.MainActivity}, isLocked=false, isAccessLocked=false, mNeedHide=false, hasMultipleTasks=false, cti1Key=, cti2Key=] , mThumbnailBitmapSizeAfterScaled=(1391, 626)
06-10 00:59:02.329  6145  6145 D TaskViewThumbnail: updateThumbnailDrawInfo: transX=0, transY=0
06-10 00:59:02.329  6145  6145 D TaskViewThumbnail: setThumbnail, t=[TaskKey{id=7394, stackId=0, baseIntent=Intent { act=android.intent.action.MAIN cat=[android.intent.category.LAUNCHER] flg=0x10200000 cmp=com.DefaultCompany.HybridCLR/com.unity3d.player.UnityPlayerActivity }, userId=0, lastActiveTime=622578992, windowingMode=1, isThumbnailBlur=false, isScreening=false, topActivity=ComponentInfo{com.DefaultCompany.HybridCLR/com.unity3d.player.UnityPlayerActivity}, mHashCode=221198206}, title=HybridCLR_YooAsset_UniTask, titleDescription=HybridCLR_YooAsset_UniTask, bounds=null, isLaunchTarget=true, isStackTask=true, isSystemApp=false, isDockable=false, baseActivity=ComponentInfo{com.DefaultCompany.HybridCLR/com.unity3d.player.UnityPlayerActivity}, isLocked=false, isAccessLocked=false, mNeedHide=false, hasMultipleTasks=false, cti1Key=, cti2Key=] , mThumbnailInfo=TaskThumbnailInfo{isSnapshotInvalidate=false}, mThumbnailBitmapRect=Rect(0, 0 - 3200, 1440)
06-10 00:59:02.329  6145  6145 D TaskViewThumbnail: updateThumbnailScale, t=[TaskKey{id=7394, stackId=0, baseIntent=Intent { act=android.intent.action.MAIN cat=[android.intent.category.LAUNCHER] flg=0x10200000 cmp=com.DefaultCompany.HybridCLR/com.unity3d.player.UnityPlayerActivity }, userId=0, lastActiveTime=622578992, windowingMode=1, isThumbnailBlur=false, isScreening=false, topActivity=ComponentInfo{com.DefaultCompany.HybridCLR/com.unity3d.player.UnityPlayerActivity}, mHashCode=221198206}, title=HybridCLR_YooAsset_UniTask, titleDescription=HybridCLR_YooAsset_UniTask, bounds=null, isLaunchTarget=true, isStackTask=true, isSystemApp=false, isDockable=false, baseActivity=ComponentInfo{com.DefaultCompany.HybridCLR/com.unity3d.player.UnityPlayerActivity}, isLocked=false, isAccessLocked=false, mNeedHide=false, hasMultipleTasks=false, cti1Key=, cti2Key=] , mThumbnailBitmapSizeAfterScaled=(1391, 626)
06-10 00:59:02.329  6145  6145 D TaskViewThumbnail: updateThumbnailDrawInfo: transX=0, transY=0
06-10 00:59:02.329  6145  6145 D TaskViewThumbnail: updateThumbnailScale, t=[TaskKey{id=7394, stackId=0, baseIntent=Intent { act=android.intent.action.MAIN cat=[android.intent.category.LAUNCHER] flg=0x10200000 cmp=com.DefaultCompany.HybridCLR/com.unity3d.player.UnityPlayerActivity }, userId=0, lastActiveTime=622578992, windowingMode=1, isThumbnailBlur=false, isScreening=false, topActivity=ComponentInfo{com.DefaultCompany.HybridCLR/com.unity3d.player.UnityPlayerActivity}, mHashCode=221198206}, title=HybridCLR_YooAsset_UniTask, titleDescription=HybridCLR_YooAsset_UniTask, bounds=null, isLaunchTarget=true, isStackTask=true, isSystemApp=false, isDockable=false, baseActivity=ComponentInfo{com.DefaultCompany.HybridCLR/com.unity3d.player.UnityPlayerActivity}, isLocked=false, isAccessLocked=false, mNeedHide=false, hasMultipleTasks=false, cti1Key=, cti2Key=] , mThumbnailBitmapSizeAfterScaled=(1389, 625)
06-10 00:59:02.329  6145  6145 D TaskViewThumbnail: updateThumbnailDrawInfo: transX=0, transY=0
06-10 00:59:02.329  6145  6145 D TaskViewThumbnail: updateThumbnailScale, t=[TaskKey{id=7386, stackId=0, baseIntent=Intent { act=android.intent.action.MAIN cat=[android.intent.category.LAUNCHER] flg=0x10200000 cmp=org.mozilla.firefox/.App }, userId=0, lastActiveTime=622457307, windowingMode=1, isThumbnailBlur=false, isScreening=false, topActivity=ComponentInfo{org.mozilla.firefox/org.mozilla.fenix.HomeActivity}, mHashCode=220959878}, title=Firefox, titleDescription=Firefox, bounds=null, isLaunchTarget=false, isStackTask=true, isSystemApp=false, isDockable=true, baseActivity=ComponentInfo{org.mozilla.firefox/org.mozilla.fenix.HomeActivity}, isLocked=false, isAccessLocked=false, mNeedHide=false, hasMultipleTasks=false, cti1Key=, cti2Key=] , mThumbnailBitmapSizeAfterScaled=(1389, 625)
06-10 00:59:02.329  6145  6145 D TaskViewThumbnail: updateThumbnailDrawInfo: transX=0, transY=0
06-10 00:59:02.329  6145  6145 D TaskViewThumbnail: updateThumbnailScale, t=[TaskKey{id=7392, stackId=0, baseIntent=Intent { act=android.intent.action.VIEW cat=[android.intent.category.BROWSABLE] dat=http://192.168.5.2:8888/... typ=application/octet-stream flg=0x10000000 cmp=com.android.providers.downloads.ui/.activity.BrowserDownloadActivity }, userId=0, lastActiveTime=622455872, windowingMode=1, isThumbnailBlur=false, isScreening=false, topActivity=null, mHashCode=221138624}, title=下载管理, titleDescription=下载管理, bounds=null, isLaunchTarget=false, isStackTask=true, isSystemApp=false, isDockable=true, baseActivity=null, isLocked=false, isAccessLocked=false, mNeedHide=false, hasMultipleTasks=false, cti1Key=, cti2Key=] , mThumbnailBitmapSizeAfterScaled=(1389, 625)
06-10 00:59:02.329  6145  6145 D TaskViewThumbnail: updateThumbnailDrawInfo: transX=0, transY=0
06-10 00:59:02.329  6145  6145 D TaskViewThumbnail: updateThumbnailScale, t=[TaskKey{id=7391, stackId=0, baseIntent=Intent { act=android.intent.action.MAIN cat=[android.intent.category.LAUNCHER] flg=0x10200000 cmp=com.android.settings/.MainSettings }, userId=0, lastActiveTime=622399684, windowingMode=1, isThumbnailBlur=false, isScreening=false, topActivity=ComponentInfo{com.android.settings/com.android.settings.Settings$WifiSettingsActivity}, mHashCode=221108833}, title=WLAN, titleDescription=设置 WLAN, bounds=null, isLaunchTarget=false, isStackTask=true, isSystemApp=true, isDockable=true, baseActivity=ComponentInfo{com.android.settings/com.android.settings.MiuiSettings}, isLocked=false, isAccessLocked=false, mNeedHide=false, hasMultipleTasks=false, cti1Key=, cti2Key=] , mThumbnailBitmapSizeAfterScaled=(1389, 625)
06-10 00:59:02.329  6145  6145 D TaskViewThumbnail: updateThumbnailDrawInfo: transX=0, transY=0
06-10 00:59:02.329  6145  6145 D TaskViewThumbnail: updateThumbnailScale, t=[TaskKey{id=7365, stackId=0, baseIntent=Intent { act=android.intent.action.MAIN cat=[android.intent.category.LAUNCHER] flg=0x10200000 cmp=com.ss.android.ugc.aweme/.splash.SplashActivity }, userId=999, lastActiveTime=622357540, windowingMode=1, isThumbnailBlur=false, isScreening=false, topActivity=ComponentInfo{com.ss.android.ugc.aweme/com.ss.android.ugc.aweme.main.MainActivity}, mHashCode=220335266}, title=抖音, titleDescription=抖音, bounds=null, isLaunchTarget=false, isStackTask=true, isSystemApp=false, isDockable=true, baseActivity=ComponentInfo{com.ss.android.ugc.aweme/com.ss.android.ugc.aweme.main.MainActivity}, isLocked=false, isAccessLocked=false, mNeedHide=false, hasMultipleTasks=false, cti1Key=, cti2Key=] , mThumbnailBitmapSizeAfterScaled=(1389, 625)
06-10 00:59:02.329  6145  6145 D TaskViewThumbnail: updateThumbnailDrawInfo: transX=0, transY=0
06-10 00:59:02.329  6145  6145 W TaskViewsElement: onGlobalLayout mRecentsViewLayoutListener
06-10 00:59:02.329  6145  6145 D SyncRtSurfaceTransactionApplierCompat: SyncRtSurfaceTransactionApplierCompat::create targetView is null? false, mTargetViewRootImpl null? false
06-10 00:59:02.329  6145  6145 D SyncRtSurfaceTransactionApplierCompat: SyncRtSurfaceTransactionApplierCompat::create targetView is null? false, mTargetViewRootImpl null? false
06-10 00:59:02.329  6145  6145 D SyncRtSurfaceTransactionApplierCompat: SyncRtSurfaceTransactionApplierCompat::create targetView is null? false, mTargetViewRootImpl null? false
06-10 00:59:02.329  6145  6145 D SyncRtSurfaceTransactionApplierCompat: SyncRtSurfaceTransactionApplierCompat::create targetView is null? false, mTargetViewRootImpl null? false
06-10 00:59:02.329  6145  6145 D SyncRtSurfaceTransactionApplierCompat: SyncRtSurfaceTransactionApplierCompat::create targetView is null? false, mTargetViewRootImpl null? false
06-10 00:59:02.329  6145  6145 W TaskViewsElement: onGlobalLayout mTaskStackViewLayoutListener
06-10 00:59:02.329  6145  6145 D RecentsView: setRunningTaskHidden runningTaskId=7394, isHidden=true
06-10 00:59:02.330  6145  6283 D TaskSnapshotCompatVV: getIsInvalidateFromTaskSnapshot, isInvalidate=false
06-10 00:59:02.330  6145  6283 D BackgroundTaskLoader: getThumbnailData, getTaskThumbnail from AMS, key=ComponentInfo{com.ss.android.ugc.aweme/com.ss.android.ugc.aweme.main.MainActivity}, cachedThumbnailData=ThumbnailData{thumbnail=android.graphics.Bitmap@6cd70c5, isAccessLocked=false, thumbnailInfo=TaskThumbnailInfo{isSnapshotInvalidate=false}, isDeterminedWhetherBlur=false}
06-10 00:59:02.330  6145  6283 D BackgroundTaskLoader: postNotifyTask, sync load thumbnailData finished, task=ComponentInfo{com.ss.android.ugc.aweme/com.ss.android.ugc.aweme.main.MainActivity}, cachedThumbnailData=ThumbnailData{thumbnail=android.graphics.Bitmap@6cd70c5, isAccessLocked=false, thumbnailInfo=TaskThumbnailInfo{isSnapshotInvalidate=false}, isDeterminedWhetherBlur=true}, cachedSecondThumbnailData=null
06-10 00:59:02.330  2225  2225 D vendor.hardware.vibratorfeature: playLengthMs is 57
06-10 00:59:02.331  2225  3703 D vendor.hardware.vibratorfeature: Starting perform on another thread
06-10 00:59:02.332  8761  8761 I LauncherOverlayCallback: handleMessage WHAT_SWITCH_OVERLAY
06-10 00:59:02.332  8761  8761 I AssistContentView: startScroll size = 21,mEnterAnimated = false,mProgress = 0.0,checkX = false
06-10 00:59:02.332  8761  8761 I LauncherOverlay.SlidingWindow: hideOverlay:0
06-10 00:59:02.332  8761  8761 I LauncherOverlay.SlidingPaneStateManager: goToState：a mCurrentStableState：a,animated = false
06-10 00:59:02.332  6145  6322 D HWUI    : backgroundBlur, blurRadius(183), blurType(-1), blurScaleRatio(0.000000)
06-10 00:59:02.332  8761  8761 I LauncherOverlay.SlidingWindow: setVisible = false
06-10 00:59:02.332  8761  8761 I LauncherOverlay.SlidingWindow: java.lang.Exception
06-10 00:59:02.332  8761  8761 I LauncherOverlay.SlidingWindow: 	at com.miui.launcher.overlay.server.pane.SlidingPaneWindow.Q(SlidingPaneWindow.java:2)
06-10 00:59:02.332  8761  8761 I LauncherOverlay.SlidingWindow: 	at com.miui.personalassistant.core.overlay.AssistantOverlayWindow.i(AssistantOverlayWindow.java:4)
06-10 00:59:02.332  8761  8761 I LauncherOverlay.SlidingWindow: 	at k5.c.handleMessage(LauncherOverlayCallback.java:41)
06-10 00:59:02.332  8761  8761 I LauncherOverlay.SlidingWindow: 	at android.os.Handler.dispatchMessage(Handler.java:103)
06-10 00:59:02.332  8761  8761 I LauncherOverlay.SlidingWindow: 	at android.os.Looper.loopOnce(Looper.java:249)
06-10 00:59:02.332  8761  8761 I LauncherOverlay.SlidingWindow: 	at android.os.Looper.loop(Looper.java:337)
06-10 00:59:02.332  8761  8761 I LauncherOverlay.SlidingWindow: 	at android.app.ActivityThread.main(ActivityThread.java:9604)
06-10 00:59:02.332  8761  8761 I LauncherOverlay.SlidingWindow: 	at java.lang.reflect.Method.invoke(Native Method)
06-10 00:59:02.332  8761  8761 I LauncherOverlay.SlidingWindow: 	at com.android.internal.os.RuntimeInit$MethodAndArgsCaller.run(RuntimeInit.java:615)
06-10 00:59:02.332  8761  8761 I LauncherOverlay.SlidingWindow: 	at com.android.internal.os.ZygoteInit.main(ZygoteInit.java:936)
06-10 00:59:02.332  8761  8761 I AssistantOverlayWindow: hideOverlay flags = 0
06-10 00:59:02.332  8761  8761 I CTADialog: onLeave
06-10 00:59:02.332  8761  8761 I StatusBarUtil: updateStatusBarVisibility visible = true
06-10 00:59:02.332  6145  6322 D HWUI    : backgroundBlur, blurRadius(97), blurType(-1), blurScaleRatio(0.000000)
06-10 00:59:02.333  2250  2250 D RefreshRateSelector: Touch Boost
06-10 00:59:02.333  2250  2250 D MI-SF   : modeGroup0 mIsSupportAutomodeForMaxFpsSetting is 1(0), getCurrentBrightness() = 1879(528), mIsKeepAutoMode 0
06-10 00:59:02.333  2250  2250 D RefreshRateSelector: fixedMode_group: 0, isFindModeGroup 0
06-10 00:59:02.333  2250  2250 D RefreshRateSelector: find max refresh rate:120, mode Group:0
06-10 00:59:02.334  6145  6145 W GestureStateMachine: AppTaskHoldState msg=3
06-10 00:59:02.334  6145  6145 D AnimStateManager: send event 6003 currentState = AppState windowElement = com.miui.home.recents.anim.WindowElement@a185dd9
06-10 00:59:02.334  6145  6145 I AnimStateManager: AppState handle event 6003
06-10 00:59:02.335  6145  6145 D WindowElementa185dd9: animTo, params=RectFParams(targetApps=null, startRect=null, targetRect=RectF(280.5846, 596.31836, 1324.465, 2916.0525), startRadius=101.48837, endRadius=101.48837, startAlpha=1.0, endAlpha=1.0, animType=CLOSE_TO_DRAG, ignoreIcon=true, showTask=true, isQuickSwitchMode=false, targetView=null, animListener=null, clipAnimationHelper=null, clearLastListener=true, currentDisplayRotation=1, homeRotation=0, needFinishOnAnimEnd=true, currentTaskIndex=0, isSplitModeBack=false, isUseTranslucentAnim=false, runningTaskId=7394, touchRange=2), isRunning()=true
06-10 00:59:02.335  6145  6145 D WindowElementa185dd9: java.lang.Exception
06-10 00:59:02.335  6145  6145 D WindowElementa185dd9: 	at com.miui.home.recents.anim.WindowElement.animTo(WindowElement.kt:1341)
06-10 00:59:02.335  6145  6145 D WindowElementa185dd9: 	at com.miui.home.recents.anim.StateManager$AppState.onGestureAppMove(StateManager.kt:862)
06-10 00:59:02.335  6145  6145 D WindowElementa185dd9: 	at com.miui.home.recents.anim.StateManager$AppState.handleEvent(StateManager.kt:659)
06-10 00:59:02.335  6145  6145 D WindowElementa185dd9: 	at com.miui.home.recents.anim.StateManager.handleEventActually(StateManager.kt:115)
06-10 00:59:02.335  6145  6145 D WindowElementa185dd9: 	at com.miui.home.recents.anim.StateManager.sendEventActually(StateManager.kt:100)
06-10 00:59:02.335  6145  6145 D WindowElementa185dd9: 	at com.miui.home.recents.anim.StateManager.sendEvent(StateManager.kt:126)
06-10 00:59:02.335  6145  6145 D WindowElementa185dd9: 	at com.miui.home.recents.NavStubView.sendAppMoveEvent(NavStubView.java:3929)
06-10 00:59:02.335  6145  6145 D WindowElementa185dd9: 	at com.miui.home.recents.NavStubView.actionMoveAppDrag(NavStubView.java:3937)
06-10 00:59:02.335  6145  6145 D WindowElementa185dd9: 	at com.miui.home.recents.GestureStateMachine$AppTaskHoldState.processMessage(GestureStateMachine.java:655)
06-10 00:59:02.335  6145  6145 D WindowElementa185dd9: 	at com.android.internal.util.StateMachine$SmHandler.processMsg(StateMachine.java:1002)
06-10 00:59:02.335  6145  6145 D WindowElementa185dd9: 	at com.android.internal.util.StateMachine$SmHandler.handleMessage(StateMachine.java:820)
06-10 00:59:02.335  6145  6145 D WindowElementa185dd9: 	at android.os.Handler.dispatchMessage(Handler.java:107)
06-10 00:59:02.335  6145  6145 D WindowElementa185dd9: 	at android.os.Looper.loopOnce(Looper.java:249)
06-10 00:59:02.335  6145  6145 D WindowElementa185dd9: 	at android.os.Looper.loop(Looper.java:337)
06-10 00:59:02.335  6145  6145 D WindowElementa185dd9: 	at android.app.ActivityThread.main(ActivityThread.java:9604)
06-10 00:59:02.335  6145  6145 D WindowElementa185dd9: 	at java.lang.reflect.Method.invoke(Native Method)
06-10 00:59:02.335  6145  6145 D WindowElementa185dd9: 	at com.android.internal.os.RuntimeInit$MethodAndArgsCaller.run(RuntimeInit.java:615)
06-10 00:59:02.335  6145  6145 D WindowElementa185dd9: 	at com.android.internal.os.ZygoteInit.main(ZygoteInit.java:936)
06-10 00:59:02.335  6145  6145 D WindowElementa185dd9: updateFloatingIconView, animType=CLOSE_TO_DRAG
06-10 00:59:02.335  6145  6145 I RectFSpringAnim_218395427: setStartRect = RectF(277.33325, 589.5105, 1325.8038, 2919.4453)
06-10 00:59:02.335  6145  6145 I RectFSpringAnim_218395427: resetAnimValue KEY_SURFACE_EXT_ALPHA mTargetRect = RectF(280.5846, 596.31836, 1324.465, 2916.0525) endAlpha=1.0
06-10 00:59:02.335  6145  6145 I RectFSpringAnim_218395427: setAnimParamByType = CLOSE_TO_DRAG , magicSpeed = 1.0
06-10 00:59:02.335  6145  6145 E MultiSpringDynamicAnimation60be020: ERROR Not Found Bundle SurfaceExtAlpha
06-10 00:59:02.335  6145  6145 I RectFSpringAnim_218395427: updateAllAnimEndDirectly, centerX = 802.5248, centerY = 1756.1854, width = 1043.8804, height = 2319.7341, rectF = RectF(280.5846, 596.31836, 1324.465, 2916.0525), radius = 101.48837, alpha = 1.0
06-10 00:59:02.335  6145  6145 E MultiSpringDynamicAnimation60be020: ERROR Not Found Bundle SurfaceExtAlpha
06-10 00:59:02.335  6145  6145 D RecentBlurViewElement: animTo: params = RecentBlurParams(blurRadius=92.4917, dimming=0.63322264, dampingRatio=0.9, response=0.3)
06-10 00:59:02.335  6145  6145 I AnimStateManager: CommonState handle event 6003
06-10 00:59:02.335  6145  6145 D NavStubView: onPointEvent: rawX=2090.5   rawY=1055.4502   action=2   mIsInFsMode=false
06-10 00:59:02.335  6145  6145 I GestureStateMachine: getCurrentState = com.miui.home.recents.GestureStateMachine$AppTaskHoldState@1381b5
06-10 00:59:02.335  6145  6145 W RecentsImpl: updateFsgWindowVisibilityState origin isEnter=true, typeFrom=typefrom_landscape_overview
06-10 00:59:02.336  6145  6145 D NavStubView: onTouchEvent: action=2, count=1
06-10 00:59:02.336  6145  6145 D NavStubView: remove LongPress check
06-10 00:59:02.336  6145  6145 D backgroundBlur: clearMiBackgroundBlendColors com.miui.home.launcher.BlurView
06-10 00:59:02.336  6145  6145 D backgroundBlur: enablePassWindowBlur has set com.miui.home.launcher.BlurView enable:true
06-10 00:59:02.336  2843  6795 D MiuiMemoryInfoImpl: MEMINFO_KRECLAIMABLE: 847184, MEMINFO_SLAB_RECLAIMABLE: 331136, MEMINFO_BUFFERS: 4424, MEMINFO_CACHED: 3581752, MEMINFO_FREE: 275340
06-10 00:59:02.336  2843  6795 D MiuiMemoryInfoImpl: cache: 4821708800, cachePss: 4718515200, lostcache: 0
06-10 00:59:02.336  6145  6240 W RecentsImpl: updateFsgWindowVisibilityState   isEnter=true   typeFrom=typefrom_landscape_overview   isOpen=true   mIsInAnotherPro=false   mIsStatusBarExpansion=false
06-10 00:59:02.336  6145  6240 D RecentsImpl: updateFsgWindowVisibilityStateInBgThread, mLastResumedClassName=com.miui.home.launcher.Launcher
06-10 00:59:02.337  6145  6311 D RecentsImpl: hideBackStubWindow exceute
06-10 00:59:02.337  6116  6182 E FrameEvents: addRelease: Did not find frame.
06-10 00:59:02.337  6145  6322 D HWUI    : backgroundBlur, blurRadius(183), blurType(-1), blurScaleRatio(0.000000)
06-10 00:59:02.338  6145  6322 D HWUI    : backgroundBlur, blurRadius(97), blurType(-1), blurScaleRatio(0.000000)
06-10 00:59:02.340  6145  6287 D RecentsContainer: getFreeMemory:9540224000
06-10 00:59:02.340  6145  6145 D TaskViewThumbnail: setThumbnail, t=[TaskKey{id=7365, stackId=0, baseIntent=Intent { act=android.intent.action.MAIN cat=[android.intent.category.LAUNCHER] flg=0x10200000 cmp=com.ss.android.ugc.aweme/.splash.SplashActivity }, userId=999, lastActiveTime=622357540, windowingMode=1, isThumbnailBlur=false, isScreening=false, topActivity=ComponentInfo{com.ss.android.ugc.aweme/com.ss.android.ugc.aweme.main.MainActivity}, mHashCode=220335266}, title=抖音, titleDescription=抖音, bounds=null, isLaunchTarget=false, isStackTask=true, isSystemApp=false, isDockable=true, baseActivity=ComponentInfo{com.ss.android.ugc.aweme/com.ss.android.ugc.aweme.main.MainActivity}, isLocked=false, isAccessLocked=false, mNeedHide=false, hasMultipleTasks=false, cti1Key=, cti2Key=] , mThumbnailInfo=TaskThumbnailInfo{isSnapshotInvalidate=false}, mThumbnailBitmapRect=Rect(0, 0 - 1440, 3200)
06-10 00:59:02.340  6145  6145 D TaskViewThumbnail: updateThumbnailScale, t=[TaskKey{id=7365, stackId=0, baseIntent=Intent { act=android.intent.action.MAIN cat=[android.intent.category.LAUNCHER] flg=0x10200000 cmp=com.ss.android.ugc.aweme/.splash.SplashActivity }, userId=999, lastActiveTime=622357540, windowingMode=1, isThumbnailBlur=false, isScreening=false, topActivity=ComponentInfo{com.ss.android.ugc.aweme/com.ss.android.ugc.aweme.main.MainActivity}, mHashCode=220335266}, title=抖音, titleDescription=抖音, bounds=null, isLaunchTarget=false, isStackTask=true, isSystemApp=false, isDockable=true, baseActivity=ComponentInfo{com.ss.android.ugc.aweme/com.ss.android.ugc.aweme.main.MainActivity}, isLocked=false, isAccessLocked=false, mNeedHide=false, hasMultipleTasks=false, cti1Key=, cti2Key=] , mThumbnailBitmapSizeAfterScaled=(1389, 625)
06-10 00:59:02.340  6145  6145 D TaskViewThumbnail: updateThumbnailDrawInfo: transX=0, transY=0
06-10 00:59:02.341  6145  6145 D EventBus: No subscribers registered for event class com.miui.home.launcher.common.messages.CloseAllOverLauncherWindowMessage
06-10 00:59:02.341  6145  6145 D EventBus: No subscribers registered for event class org.greenrobot.eventbus.NoSubscriberEvent
06-10 00:59:02.341  6145  6145 W GestureStateMachine: AppTaskHoldState msg=3
06-10 00:59:02.341  6145  6145 D AnimStateManager: send event 6003 currentState = AppState windowElement = com.miui.home.recents.anim.WindowElement@a185dd9
06-10 00:59:02.341  6145  6145 I AnimStateManager: AppState handle event 6003
06-10 00:59:02.341  6145  6145 D WindowElementa185dd9: animTo, params=RectFParams(targetApps=null, startRect=null, targetRect=RectF(283.177, 601.7561, 1323.3977, 2913.3577), startRadius=101.13257, endRadius=101.13257, startAlpha=1.0, endAlpha=1.0, animType=CLOSE_TO_DRAG, ignoreIcon=true, showTask=true, isQuickSwitchMode=false, targetView=null, animListener=null, clipAnimationHelper=null, clearLastListener=true, currentDisplayRotation=1, homeRotation=0, needFinishOnAnimEnd=true, currentTaskIndex=0, isSplitModeBack=false, isUseTranslucentAnim=false, runningTaskId=7394, touchRange=2), isRunning()=true
06-10 00:59:02.341  6145  6145 D WindowElementa185dd9: java.lang.Exception
06-10 00:59:02.341  6145  6145 D WindowElementa185dd9: 	at com.miui.home.recents.anim.WindowElement.animTo(WindowElement.kt:1341)
06-10 00:59:02.341  6145  6145 D WindowElementa185dd9: 	at com.miui.home.recents.anim.StateManager$AppState.onGestureAppMove(StateManager.kt:862)
06-10 00:59:02.341  6145  6145 D WindowElementa185dd9: 	at com.miui.home.recents.anim.StateManager$AppState.handleEvent(StateManager.kt:659)
06-10 00:59:02.341  6145  6145 D WindowElementa185dd9: 	at com.miui.home.recents.anim.StateManager.handleEventActually(StateManager.kt:115)
06-10 00:59:02.341  6145  6145 D WindowElementa185dd9: 	at com.miui.home.recents.anim.StateManager.sendEventActually(StateManager.kt:100)
06-10 00:59:02.341  6145  6145 D WindowElementa185dd9: 	at com.miui.home.recents.anim.StateManager.sendEvent(StateManager.kt:126)
06-10 00:59:02.341  6145  6145 D WindowElementa185dd9: 	at com.miui.home.recents.NavStubView.sendAppMoveEvent(NavStubView.java:3929)
06-10 00:59:02.341  6145  6145 D WindowElementa185dd9: 	at com.miui.home.recents.NavStubView.actionMoveAppDrag(NavStubView.java:3937)
06-10 00:59:02.341  6145  6145 D WindowElementa185dd9: 	at com.miui.home.recents.GestureStateMachine$AppTaskHoldState.processMessage(GestureStateMachine.java:655)
06-10 00:59:02.341  6145  6145 D WindowElementa185dd9: 	at com.android.internal.util.StateMachine$SmHandler.processMsg(StateMachine.java:1002)
06-10 00:59:02.341  6145  6145 D WindowElementa185dd9: 	at com.android.internal.util.StateMachine$SmHandler.handleMessage(StateMachine.java:820)
06-10 00:59:02.341  6145  6145 D WindowElementa185dd9: 	at android.os.Handler.dispatchMessage(Handler.java:107)
06-10 00:59:02.341  6145  6145 D WindowElementa185dd9: 	at android.os.Looper.loopOnce(Looper.java:249)
06-10 00:59:02.341  6145  6145 D WindowElementa185dd9: 	at android.os.Looper.loop(Looper.java:337)
06-10 00:59:02.341  6145  6145 D WindowElementa185dd9: 	at android.app.ActivityThread.main(ActivityThread.java:9604)
06-10 00:59:02.341  6145  6145 D WindowElementa185dd9: 	at java.lang.reflect.Method.invoke(Native Method)
06-10 00:59:02.341  6145  6145 D WindowElementa185dd9: 	at com.android.internal.os.RuntimeInit$MethodAndArgsCaller.run(RuntimeInit.java:615)
06-10 00:59:02.341  6145  6145 D WindowElementa185dd9: 	at com.android.internal.os.ZygoteInit.main(ZygoteInit.java:936)
06-10 00:59:02.341  6145  6145 D WindowElementa185dd9: updateFloatingIconView, animType=CLOSE_TO_DRAG
06-10 00:59:02.341  6145  6145 I RectFSpringAnim_218395427: setStartRect = RectF(280.5846, 596.31836, 1324.465, 2916.0525)
06-10 00:59:02.341  6145  6145 I RectFSpringAnim_218395427: resetAnimValue KEY_SURFACE_EXT_ALPHA mTargetRect = RectF(283.177, 601.7561, 1323.3977, 2913.3577) endAlpha=1.0
06-10 00:59:02.341  6145  6145 I RectFSpringAnim_218395427: setAnimParamByType = CLOSE_TO_DRAG , magicSpeed = 1.0
06-10 00:59:02.341  6145  6145 E MultiSpringDynamicAnimation60be020: ERROR Not Found Bundle SurfaceExtAlpha
06-10 00:59:02.341  6145  6145 I RectFSpringAnim_218395427: updateAllAnimEndDirectly, centerX = 803.28735, centerY = 1757.5569, width = 1040.2207, height = 2311.6016, rectF = RectF(283.177, 601.7561, 1323.3977, 2913.3577), radius = 101.13257, alpha = 1.0
06-10 00:59:02.341  6145  6145 E MultiSpringDynamicAnimation60be020: ERROR Not Found Bundle SurfaceExtAlpha
06-10 00:59:02.341  6145  6145 D RecentBlurViewElement: animTo: params = RecentBlurParams(blurRadius=92.23755, dimming=0.62983394, dampingRatio=0.9, response=0.3)
06-10 00:59:02.341  6145  6145 I AnimStateManager: CommonState handle event 6003
06-10 00:59:02.341  6145  6145 D NavStubView: onPointEvent: rawX=2090.875   rawY=1051.8896   action=2   mIsInFsMode=false
06-10 00:59:02.341  6145  6145 I GestureStateMachine: getCurrentState = com.miui.home.recents.GestureStateMachine$AppTaskHoldState@1381b5
06-10 00:59:02.341  6145  6145 D RecentsImpl: hideNavStubView
06-10 00:59:02.341  6145  6145 D NavStubView_Touch: setKeepHidden    old=false   new=true
06-10 00:59:02.341  6145  6145 D NavStubView_Touch: updateTouchable    old=false   new=true
06-10 00:59:02.341  6145  6145 D NavStubView_Touch:   updateTouchable---requestApplyInsets
06-10 00:59:02.342  6145  6145 D OnGlobalListenerError: RecentsContainer before requestLayout isParentLayoutRequested = false
06-10 00:59:02.342  6145  6145 D OnGlobalListenerError: RecentsContainer after requestLayout
06-10 00:59:02.342  2250  2250 D RefreshRateSelector: Touch Boost
06-10 00:59:02.342  2250  2250 D MI-SF   : modeGroup0 mIsSupportAutomodeForMaxFpsSetting is 1(0), getCurrentBrightness() = 1879(528), mIsKeepAutoMode 0
06-10 00:59:02.342  2250  2250 D RefreshRateSelector: fixedMode_group: 0, isFindModeGroup 0
06-10 00:59:02.342  2250  2250 D RefreshRateSelector: find max refresh rate:120, mode Group:0
06-10 00:59:02.344  8854  8854 I VideoToolBoxService: onReceive: android.intent.action.CLOSE_SYSTEM_DIALOGS
06-10 00:59:02.344  8854  8854 I GameBoosterService: onReceive: android.intent.action.CLOSE_SYSTEM_DIALOGS
06-10 00:59:02.344  6145  6145 D NavStubView: onTouchEvent: action=2, count=1
06-10 00:59:02.344  6145  6145 D NavStubView: remove LongPress check
06-10 00:59:02.345  6145  6145 D backgroundBlur: clearMiBackgroundBlendColors com.miui.home.launcher.BlurView
06-10 00:59:02.345  6145  6145 D backgroundBlur: enablePassWindowBlur has set com.miui.home.launcher.BlurView enable:true
06-10 00:59:02.345  6145  6145 D RecentsContainer: onMeasure, rotation=1
06-10 00:59:02.346  6145  6145 D RecentsContainer: rotateRecentsContainer, recentsRotation=1, widthAndHeight=[3200, 1440]
06-10 00:59:02.346  6116  6182 E FrameEvents: addRelease: Did not find frame.
06-10 00:59:02.346  3312  3312 I cnss-daemon: nl80211 response handler invoked
06-10 00:59:02.347  3312  3312 I cnss-daemon: nl80211_response_handler: cmd 103, vendorID 4980, subcmd 13  received
06-10 00:59:02.347  2026 32643 I WifiHAL : event received NL80211_CMD_VENDOR, vendor_id = 0x1374, subcmd = 0xd
06-10 00:59:02.347  6116  6116 D ControlCenterWindowViewController: hidePanel true true
06-10 00:59:02.347  6116  6116 I ControlCenterExpandController: hide panel true true
06-10 00:59:02.347  6116  6116 V ControlCenterExpandController: control center is collapsed, ignore hide with anim: true with blur: true
06-10 00:59:02.348  6145  6322 D HWUI    : backgroundBlur, blurRadius(183), blurType(-1), blurScaleRatio(0.000000)
06-10 00:59:02.348  6145  6322 D HWUI    : backgroundBlur, blurRadius(97), blurType(-1), blurScaleRatio(0.000000)
06-10 00:59:02.350  2250  2250 D RefreshRateSelector: Touch Boost
06-10 00:59:02.350  2250  2250 D MI-SF   : modeGroup0 mIsSupportAutomodeForMaxFpsSetting is 1(0), getCurrentBrightness() = 1879(528), mIsKeepAutoMode 0
06-10 00:59:02.350  2250  2250 D RefreshRateSelector: fixedMode_group: 0, isFindModeGroup 0
06-10 00:59:02.350  2250  2250 D RefreshRateSelector: find max refresh rate:120, mode Group:0
06-10 00:59:02.350  6145  6145 W NavStubView_Touch: onComputeInternalInsets  bounds=Rect(0, 0 - 3200, 47)   mHideGestureLine=true   mIsShowNavBar=true   mKeepHidden=true   mDisableTouch=false   mUseEmptyTouchableRegion=true
06-10 00:59:02.350  6145  6145 D NavStubView: Hot Area Rect: Rect(1155, 1393 - 2045, 1440)
06-10 00:59:02.350  6145  6145 W NavStubView_Touch:   onComputeInternalInsets  empty
06-10 00:59:02.350  6145  6145 W NavStubView_Touch:   onComputeInternalInsets  path.addRect: NavStubTraggeRange=NavStubTraggeRange{mLeftRange=RectF(0.0, 0.0, 0.0, 0.0), mCenterRange=RectF(0.0, 0.0, 0.0, 0.0), mRightRange=RectF(0.0, 0.0, 0.0, 0.0)}
06-10 00:59:02.350  6145  6145 W GestureStateMachine: AppTaskHoldState msg=2
06-10 00:59:02.351  6145  6145 W GestureStateMachine: AppTaskHoldState msg=3
06-10 00:59:02.351  6145  6145 D AnimStateManager: send event 6003 currentState = AppState windowElement = com.miui.home.recents.anim.WindowElement@a185dd9
06-10 00:59:02.351  6145  6145 I AnimStateManager: AppState handle event 6003
