06-10 00:59:02.222  6145  6145 I RectFSpringAnim_218395427: updateAllAnimEndDirectly, centerX = 786.79834, centerY = 1732.0239, width = 1119.3679, height = 2487.4844, rectF = RectF(227.11438, 488.28186, 1346.4823, 2975.766), radius = 108.82744, alpha = 1.0
06-10 00:59:02.222  6145  6145 E MultiSpringDynamicAnimation60be020: ERROR Not Found Bundle SurfaceExtAlpha
06-10 00:59:02.222  6145  6145 D RecentBlurViewElement: animTo: params = RecentBlurParams(blurRadius=97.73389, dimming=0.70311844, dampingRatio=0.9, response=0.3)
06-10 00:59:02.222  6145  6145 I AnimStateManager: CommonState handle event 6003
06-10 00:59:02.222  6145  6322 D HWUI    : backgroundBlur, blurRadius(97), blurType(-1), blurScaleRatio(0.000000)
06-10 00:59:02.222  6145  6145 D NavStubView: onPointEvent: rawX=2090.1914   rawY=1115.1406   action=2   mIsInFsMode=false
06-10 00:59:02.222  6145  6145 I GestureStateMachine: getCurrentState = com.miui.home.recents.GestureStateMachine$AppDragState@e07f9ec
06-10 00:59:02.225  8761  8761 I LauncherOverlayCallback: handleMessage WHAT_LAUNCHER_STATE what：1
06-10 00:59:02.225  8761  8761 D LauncherOverlay.Window: launcherState 1
06-10 00:59:02.225  8761  8761 D LauncherOverlay.Window: resumedStateNow 0,resumedStateNew = 0
06-10 00:59:02.225  8761  8761 I LauncherOverlayCallback: handleMessage WHAT_ACTIVITY_STATE_CHANGED what：3
06-10 00:59:02.225  8761  8761 D LauncherOverlay.Window: onStart
06-10 00:59:02.225  8761  8761 D LauncherOverlay.Window: onResume
06-10 00:59:02.225  8761  8761 I LauncherOverlayCallback: handleMessage WHAT_LAUNCHER_STATE what：3
06-10 00:59:02.225  8761  8761 D LauncherOverlay.Window: launcherState 3
06-10 00:59:02.225  8761  8761 D LauncherOverlay.Window: resumedStateNow 0,resumedStateNew = 1
06-10 00:59:02.225  2250  2250 D RefreshRateSelector: Touch Boost
06-10 00:59:02.225  2250  2250 D MI-SF   : modeGroup0 mIsSupportAutomodeForMaxFpsSetting is 1(0), getCurrentBrightness() = 1879(528), mIsKeepAutoMode 0
06-10 00:59:02.225  2250  2250 D RefreshRateSelector: fixedMode_group: 0, isFindModeGroup 0
06-10 00:59:02.225  2250  2250 D RefreshRateSelector: find max refresh rate:120, mode Group:0
06-10 00:59:02.226  2250  2587 D RenderEngine: makePassBlurBetterDownShader layername:Wallpaper BBQ wrapper#84
06-10 00:59:02.228  6145  6145 D NavStubView: onTouchEvent: action=2, count=1
06-10 00:59:02.228  6145  6145 D NavStubView: remove LongPress check
06-10 00:59:02.228  6145  6145 D backgroundBlur: setBackgroundBlurRadius 98 com.miui.home.launcher.BlurView hashcode 579164
06-10 00:59:02.228  8761  8761 I NavBarHelper: mHasNavBar = true,mIsFSGOpen = true,mIsHideGestureLine = true
06-10 00:59:02.228  8761  8761 I AssistContentView: onApplyWindowInsets : false
06-10 00:59:02.228  6145  6145 D PassBlur: textureState not update, view com.miui.home.launcher.BlurView{8d65c V.ED..... ........ 0,0-1440,3200 #7f0a020f app:id/launcher_blur_view} visible is true
06-10 00:59:02.228  6145  6145 D backgroundBlur: clearMiBackgroundBlendColors com.miui.home.launcher.BlurView
06-10 00:59:02.228  6145  6145 D backgroundBlur: enablePassWindowBlur has set com.miui.home.launcher.BlurView enable:true
06-10 00:59:02.230  6145  6322 D HWUI    : backgroundBlur, blurRadius(183), blurType(-1), blurScaleRatio(0.000000)
06-10 00:59:02.230  6145  6145 W GestureStateMachine: AppDragState msg=3
06-10 00:59:02.230  6145  6145 D AnimStateManager: send event 6003 currentState = AppState windowElement = com.miui.home.recents.anim.WindowElement@a185dd9
06-10 00:59:02.230  6145  6145 I AnimStateManager: AppState handle event 6003
06-10 00:59:02.231  6145  6145 D WindowElementa185dd9: animTo, params=RectFParams(targetApps=null, startRect=null, targetRect=RectF(232.44019, 498.93433, 1344.2893, 2969.7102), startRadius=108.09644, endRadius=108.09644, startAlpha=1.0, endAlpha=1.0, animType=CLOSE_TO_DRAG, ignoreIcon=true, showTask=false, isQuickSwitchMode=false, targetView=null, animListener=null, clipAnimationHelper=null, clearLastListener=true, currentDisplayRotation=1, homeRotation=0, needFinishOnAnimEnd=true, currentTaskIndex=0, isSplitModeBack=false, isUseTranslucentAnim=false, runningTaskId=7394, touchRange=2), isRunning()=true
06-10 00:59:02.231  6145  6145 D WindowElementa185dd9: java.lang.Exception
06-10 00:59:02.231  6145  6145 D WindowElementa185dd9: 	at com.miui.home.recents.anim.WindowElement.animTo(WindowElement.kt:1341)
06-10 00:59:02.231  6145  6145 D WindowElementa185dd9: 	at com.miui.home.recents.anim.StateManager$AppState.onGestureAppMove(StateManager.kt:862)
06-10 00:59:02.231  6145  6145 D WindowElementa185dd9: 	at com.miui.home.recents.anim.StateManager$AppState.handleEvent(StateManager.kt:659)
06-10 00:59:02.231  6145  6145 D WindowElementa185dd9: 	at com.miui.home.recents.anim.StateManager.handleEventActually(StateManager.kt:115)
06-10 00:59:02.231  6145  6145 D WindowElementa185dd9: 	at com.miui.home.recents.anim.StateManager.sendEventActually(StateManager.kt:100)
06-10 00:59:02.231  6145  6145 D WindowElementa185dd9: 	at com.miui.home.recents.anim.StateManager.sendEvent(StateManager.kt:126)
06-10 00:59:02.231  6145  6145 D WindowElementa185dd9: 	at com.miui.home.recents.NavStubView.sendAppMoveEvent(NavStubView.java:3929)
06-10 00:59:02.231  6145  6145 D WindowElementa185dd9: 	at com.miui.home.recents.NavStubView.actionMoveAppDrag(NavStubView.java:3937)
06-10 00:59:02.231  6145  6145 D WindowElementa185dd9: 	at com.miui.home.recents.GestureStateMachine$AppDragState.processMessage(GestureStateMachine.java:511)
06-10 00:59:02.231  6145  6145 D WindowElementa185dd9: 	at com.android.internal.util.StateMachine$SmHandler.processMsg(StateMachine.java:1002)
06-10 00:59:02.231  6145  6145 D WindowElementa185dd9: 	at com.android.internal.util.StateMachine$SmHandler.handleMessage(StateMachine.java:820)
06-10 00:59:02.231  6145  6145 D WindowElementa185dd9: 	at android.os.Handler.dispatchMessage(Handler.java:107)
06-10 00:59:02.231  6145  6145 D WindowElementa185dd9: 	at android.os.Looper.loopOnce(Looper.java:249)
06-10 00:59:02.231  6145  6145 D WindowElementa185dd9: 	at android.os.Looper.loop(Looper.java:337)
06-10 00:59:02.231  6145  6145 D WindowElementa185dd9: 	at android.app.ActivityThread.main(ActivityThread.java:9604)
06-10 00:59:02.231  6145  6145 D WindowElementa185dd9: 	at java.lang.reflect.Method.invoke(Native Method)
06-10 00:59:02.231  6145  6145 D WindowElementa185dd9: 	at com.android.internal.os.RuntimeInit$MethodAndArgsCaller.run(RuntimeInit.java:615)
06-10 00:59:02.231  6145  6145 D WindowElementa185dd9: 	at com.android.internal.os.ZygoteInit.main(ZygoteInit.java:936)
06-10 00:59:02.231  6145  6145 D WindowElementa185dd9: updateFloatingIconView, animType=CLOSE_TO_DRAG
06-10 00:59:02.231  6145  6145 I RectFSpringAnim_218395427: setStartRect = RectF(227.11438, 488.28186, 1346.4823, 2975.766)
06-10 00:59:02.231  6145  6145 I RectFSpringAnim_218395427: resetAnimValue KEY_SURFACE_EXT_ALPHA mTargetRect = RectF(232.44019, 498.93433, 1344.2893, 2969.7102) endAlpha=1.0
06-10 00:59:02.231  6145  6145 I RectFSpringAnim_218395427: setAnimParamByType = CLOSE_TO_DRAG , magicSpeed = 1.0
06-10 00:59:02.231  6145  6145 E MultiSpringDynamicAnimation60be020: ERROR Not Found Bundle SurfaceExtAlpha
06-10 00:59:02.231  6145  6145 I RectFSpringAnim_218395427: updateAllAnimEndDirectly, centerX = 788.36475, centerY = 1734.3223, width = 1111.8491, height = 2470.776, rectF = RectF(232.44019, 498.93433, 1344.2893, 2969.7102), radius = 108.09644, alpha = 1.0
06-10 00:59:02.231  6145  6145 E MultiSpringDynamicAnimation60be020: ERROR Not Found Bundle SurfaceExtAlpha
06-10 00:59:02.231  6145  6145 D RecentBlurViewElement: animTo: params = RecentBlurParams(blurRadius=97.211754, dimming=0.6961567, dampingRatio=0.9, response=0.3)
06-10 00:59:02.231  6145  6145 I AnimStateManager: CommonState handle event 6003
06-10 00:59:02.231  6145  6145 D NavStubView: onPointEvent: rawX=2089.9639   rawY=1108.7197   action=2   mIsInFsMode=false
06-10 00:59:02.231  6145  6322 D HWUI    : backgroundBlur, blurRadius(98), blurType(-1), blurScaleRatio(0.000000)
06-10 00:59:02.231  6145  6145 I GestureStateMachine: getCurrentState = com.miui.home.recents.GestureStateMachine$AppDragState@e07f9ec
06-10 00:59:02.231  6145  6145 W GestureStateMachine: AppDragState msg=2
06-10 00:59:02.231  6145  6145 W GestureStateMachine: AppDragState msg=3
06-10 00:59:02.231  6145  6145 D AnimStateManager: send event 6003 currentState = AppState windowElement = com.miui.home.recents.anim.WindowElement@a185dd9
06-10 00:59:02.231  6145  6145 I AnimStateManager: AppState handle event 6003
06-10 00:59:02.231  6145  6145 D WindowElementa185dd9: animTo, params=RectFParams(targetApps=null, startRect=null, targetRect=RectF(237.89795, 509.7339, 1342.0421, 2963.3877), startRadius=107.34735, endRadius=107.34735, startAlpha=1.0, endAlpha=1.0, animType=CLOSE_TO_DRAG, ignoreIcon=true, showTask=false, isQuickSwitchMode=false, targetView=null, animListener=null, clipAnimationHelper=null, clearLastListener=true, currentDisplayRotation=1, homeRotation=0, needFinishOnAnimEnd=true, currentTaskIndex=0, isSplitModeBack=false, isUseTranslucentAnim=false, runningTaskId=7394, touchRange=2), isRunning()=true
06-10 00:59:02.231  6145  6145 D WindowElementa185dd9: java.lang.Exception
06-10 00:59:02.231  6145  6145 D WindowElementa185dd9: 	at com.miui.home.recents.anim.WindowElement.animTo(WindowElement.kt:1341)
06-10 00:59:02.231  6145  6145 D WindowElementa185dd9: 	at com.miui.home.recents.anim.StateManager$AppState.onGestureAppMove(StateManager.kt:862)
06-10 00:59:02.231  6145  6145 D WindowElementa185dd9: 	at com.miui.home.recents.anim.StateManager$AppState.handleEvent(StateManager.kt:659)
06-10 00:59:02.231  6145  6145 D WindowElementa185dd9: 	at com.miui.home.recents.anim.StateManager.handleEventActually(StateManager.kt:115)
06-10 00:59:02.231  6145  6145 D WindowElementa185dd9: 	at com.miui.home.recents.anim.StateManager.sendEventActually(StateManager.kt:100)
06-10 00:59:02.231  6145  6145 D WindowElementa185dd9: 	at com.miui.home.recents.anim.StateManager.sendEvent(StateManager.kt:126)
06-10 00:59:02.231  6145  6145 D WindowElementa185dd9: 	at com.miui.home.recents.NavStubView.sendAppMoveEvent(NavStubView.java:3929)
06-10 00:59:02.231  6145  6145 D WindowElementa185dd9: 	at com.miui.home.recents.NavStubView.actionMoveAppDrag(NavStubView.java:3937)
06-10 00:59:02.231  6145  6145 D WindowElementa185dd9: 	at com.miui.home.recents.GestureStateMachine$AppDragState.processMessage(GestureStateMachine.java:511)
06-10 00:59:02.231  6145  6145 D WindowElementa185dd9: 	at com.android.internal.util.StateMachine$SmHandler.processMsg(StateMachine.java:1002)
06-10 00:59:02.231  6145  6145 D WindowElementa185dd9: 	at com.android.internal.util.StateMachine$SmHandler.handleMessage(StateMachine.java:820)
06-10 00:59:02.231  6145  6145 D WindowElementa185dd9: 	at android.os.Handler.dispatchMessage(Handler.java:107)
06-10 00:59:02.231  6145  6145 D WindowElementa185dd9: 	at android.os.Looper.loopOnce(Looper.java:249)
06-10 00:59:02.231  6145  6145 D WindowElementa185dd9: 	at android.os.Looper.loop(Looper.java:337)
06-10 00:59:02.231  6145  6145 D WindowElementa185dd9: 	at android.app.ActivityThread.main(ActivityThread.java:9604)
06-10 00:59:02.231  6145  6145 D WindowElementa185dd9: 	at java.lang.reflect.Method.invoke(Native Method)
06-10 00:59:02.231  6145  6145 D WindowElementa185dd9: 	at com.android.internal.os.RuntimeInit$MethodAndArgsCaller.run(RuntimeInit.java:615)
06-10 00:59:02.231  6145  6145 D WindowElementa185dd9: 	at com.android.internal.os.ZygoteInit.main(ZygoteInit.java:936)
06-10 00:59:02.231  6145  6145 D WindowElementa185dd9: updateFloatingIconView, animType=CLOSE_TO_DRAG
06-10 00:59:02.231  6145  6145 I RectFSpringAnim_218395427: setStartRect = RectF(232.44019, 498.93433, 1344.2893, 2969.7102)
06-10 00:59:02.231  6145  6145 I RectFSpringAnim_218395427: resetAnimValue KEY_SURFACE_EXT_ALPHA mTargetRect = RectF(237.89795, 509.7339, 1342.0421, 2963.3877) endAlpha=1.0
06-10 00:59:02.231  6145  6145 I RectFSpringAnim_218395427: setAnimParamByType = CLOSE_TO_DRAG , magicSpeed = 1.0
06-10 00:59:02.231  6145  6145 E MultiSpringDynamicAnimation60be020: ERROR Not Found Bundle SurfaceExtAlpha
06-10 00:59:02.231  6145  6145 I RectFSpringAnim_218395427: updateAllAnimEndDirectly, centerX = 789.97003, centerY = 1736.5608, width = 1104.1442, height = 2453.6538, rectF = RectF(237.89795, 509.7339, 1342.0421, 2963.3877), radius = 107.34735, alpha = 1.0
06-10 00:59:02.231  6145  6145 E MultiSpringDynamicAnimation60be020: ERROR Not Found Bundle SurfaceExtAlpha
06-10 00:59:02.231  6145  6145 D RecentBlurViewElement: animTo: params = RecentBlurParams(blurRadius=96.676674, dimming=0.6890223, dampingRatio=0.9, response=0.3)
06-10 00:59:02.231  6145  6145 I AnimStateManager: CommonState handle event 6003
06-10 00:59:02.231 25984 26022 I PlayCommon: [1045] aliz.j(149): Connecting to server for timestamp: https://play.googleapis.com/play/log/timestamp
06-10 00:59:02.233 25984 26022 I DpmTcmClient: RegisterTcmMonitor from: $Proxy3
06-10 00:59:02.233  2250  2250 D RefreshRateSelector: Touch Boost
06-10 00:59:02.233  2250  2250 D MI-SF   : modeGroup0 mIsSupportAutomodeForMaxFpsSetting is 1(0), getCurrentBrightness() = 1879(528), mIsKeepAutoMode 0
06-10 00:59:02.233  2250  2250 D RefreshRateSelector: fixedMode_group: 0, isFindModeGroup 0
06-10 00:59:02.233  2250  2250 D RefreshRateSelector: find max refresh rate:120, mode Group:0
06-10 00:59:02.234  2250  2587 D RenderEngine: makePassBlurBetterDownShader layername:Wallpaper BBQ wrapper#84
06-10 00:59:02.236  6145  6145 D NavStubView: onTouchEvent: action=2, count=1
06-10 00:59:02.236  6145  6145 D NavStubView: remove LongPress check
06-10 00:59:02.236  6145  6145 D backgroundBlur: clearMiBackgroundBlendColors com.miui.home.launcher.BlurView
06-10 00:59:02.236  6145  6145 D backgroundBlur: enablePassWindowBlur has set com.miui.home.launcher.BlurView enable:true
06-10 00:59:02.238  6145  6145 D NavStubView: onPointEvent: rawX=2089.7646   rawY=1103.0879   action=2   mIsInFsMode=false
06-10 00:59:02.238  6145  6322 D HWUI    : backgroundBlur, blurRadius(183), blurType(-1), blurScaleRatio(0.000000)
06-10 00:59:02.238  6145  6145 I GestureStateMachine: getCurrentState = com.miui.home.recents.GestureStateMachine$AppDragState@e07f9ec
06-10 00:59:02.239  6145  6322 D HWUI    : backgroundBlur, blurRadius(98), blurType(-1), blurScaleRatio(0.000000)
06-10 00:59:02.239  3433  5133 I libsensor-displayalgo: the value of channelCali C:5196.594874,R:3647.524964,G:1197.079136,B:545.565998,scales C:1.187486,R:1.172675,G:1.376576,B:1.229123
06-10 00:59:02.239  3433  5133 D libsensor-displayalgo: brightness:469.000000,R:1625.792707,G:1504.745131,B:1302.244301,EVENT C:6448.500000,R:4469.500000,G:1600.500000,B:695.500000, lux: 25.636187,cct:2961.405762, irPara: 0
06-10 00:59:02.239  2843  5209 I MiuiNetworkPolicy: bandwidth: 1 KB/s, Max bandwidth: 200 KB/s
06-10 00:59:02.240  6116  6451 E FenceTime: FenceTime::applyTrustedSnapshot: signalTime mismatch. (313434000382516 (old) != -1 (new))
06-10 00:59:02.242  2250  2250 D RefreshRateSelector: Touch Boost
06-10 00:59:02.242  2250  2250 D MI-SF   : modeGroup0 mIsSupportAutomodeForMaxFpsSetting is 1(0), getCurrentBrightness() = 1879(528), mIsKeepAutoMode 0
06-10 00:59:02.242  2250  2250 D RefreshRateSelector: fixedMode_group: 0, isFindModeGroup 0
06-10 00:59:02.242  2250  2250 D RefreshRateSelector: find max refresh rate:120, mode Group:0
06-10 00:59:02.242  2250  2587 D RenderEngine: makePassBlurBetterDownShader layername:Wallpaper BBQ wrapper#84
06-10 00:59:02.244  6145  6145 D NavStubView: onTouchEvent: action=2, count=1
06-10 00:59:02.244  6145  6145 D NavStubView: remove LongPress check
06-10 00:59:02.244  6145  6145 D backgroundBlur: setBackgroundBlurRadius 99 com.miui.home.launcher.BlurView hashcode 579164
06-10 00:59:02.244  6145  6145 D PassBlur: textureState not update, view com.miui.home.launcher.BlurView{8d65c V.ED..... ........ 0,0-1440,3200 #7f0a020f app:id/launcher_blur_view} visible is true
06-10 00:59:02.245  6145  6145 D backgroundBlur: clearMiBackgroundBlendColors com.miui.home.launcher.BlurView
06-10 00:59:02.245  6145  6145 D backgroundBlur: enablePassWindowBlur has set com.miui.home.launcher.BlurView enable:true
06-10 00:59:02.246  6145  6145 W GestureStateMachine: AppDragState msg=3
06-10 00:59:02.246  6145  6322 D HWUI    : backgroundBlur, blurRadius(183), blurType(-1), blurScaleRatio(0.000000)
06-10 00:59:02.246  6145  6145 D AnimStateManager: send event 6003 currentState = AppState windowElement = com.miui.home.recents.anim.WindowElement@a185dd9
06-10 00:59:02.246  6145  6145 I AnimStateManager: AppState handle event 6003
06-10 00:59:02.246  6145  6145 D WindowElementa185dd9: animTo, params=RectFParams(targetApps=null, startRect=null, targetRect=RectF(242.68494, 519.2069, 1340.0709, 2957.8423), startRadius=106.69029, endRadius=106.69029, startAlpha=1.0, endAlpha=1.0, animType=CLOSE_TO_DRAG, ignoreIcon=true, showTask=false, isQuickSwitchMode=false, targetView=null, animListener=null, clipAnimationHelper=null, clearLastListener=true, currentDisplayRotation=1, homeRotation=0, needFinishOnAnimEnd=true, currentTaskIndex=0, isSplitModeBack=false, isUseTranslucentAnim=false, runningTaskId=7394, touchRange=2), isRunning()=true
06-10 00:59:02.246  6145  6145 D WindowElementa185dd9: java.lang.Exception
06-10 00:59:02.246  6145  6145 D WindowElementa185dd9: 	at com.miui.home.recents.anim.WindowElement.animTo(WindowElement.kt:1341)
06-10 00:59:02.246  6145  6145 D WindowElementa185dd9: 	at com.miui.home.recents.anim.StateManager$AppState.onGestureAppMove(StateManager.kt:862)
06-10 00:59:02.246  6145  6145 D WindowElementa185dd9: 	at com.miui.home.recents.anim.StateManager$AppState.handleEvent(StateManager.kt:659)
06-10 00:59:02.246  6145  6145 D WindowElementa185dd9: 	at com.miui.home.recents.anim.StateManager.handleEventActually(StateManager.kt:115)
06-10 00:59:02.246  6145  6145 D WindowElementa185dd9: 	at com.miui.home.recents.anim.StateManager.sendEventActually(StateManager.kt:100)
06-10 00:59:02.246  6145  6145 D WindowElementa185dd9: 	at com.miui.home.recents.anim.StateManager.sendEvent(StateManager.kt:126)
06-10 00:59:02.246  6145  6145 D WindowElementa185dd9: 	at com.miui.home.recents.NavStubView.sendAppMoveEvent(NavStubView.java:3929)
06-10 00:59:02.246  6145  6145 D WindowElementa185dd9: 	at com.miui.home.recents.NavStubView.actionMoveAppDrag(NavStubView.java:3937)
06-10 00:59:02.246  6145  6145 D WindowElementa185dd9: 	at com.miui.home.recents.GestureStateMachine$AppDragState.processMessage(GestureStateMachine.java:511)
06-10 00:59:02.246  6145  6145 D WindowElementa185dd9: 	at com.android.internal.util.StateMachine$SmHandler.processMsg(StateMachine.java:1002)
06-10 00:59:02.246  6145  6145 D WindowElementa185dd9: 	at com.android.internal.util.StateMachine$SmHandler.handleMessage(StateMachine.java:820)
06-10 00:59:02.246  6145  6145 D WindowElementa185dd9: 	at android.os.Handler.dispatchMessage(Handler.java:107)
06-10 00:59:02.246  6145  6145 D WindowElementa185dd9: 	at android.os.Looper.loopOnce(Looper.java:249)
06-10 00:59:02.246  6145  6145 D WindowElementa185dd9: 	at android.os.Looper.loop(Looper.java:337)
06-10 00:59:02.246  6145  6145 D WindowElementa185dd9: 	at android.app.ActivityThread.main(ActivityThread.java:9604)
06-10 00:59:02.246  6145  6145 D WindowElementa185dd9: 	at java.lang.reflect.Method.invoke(Native Method)
06-10 00:59:02.246  6145  6145 D WindowElementa185dd9: 	at com.android.internal.os.RuntimeInit$MethodAndArgsCaller.run(RuntimeInit.java:615)
06-10 00:59:02.246  6145  6145 D WindowElementa185dd9: 	at com.android.internal.os.ZygoteInit.main(ZygoteInit.java:936)
06-10 00:59:02.247  6145  6145 D WindowElementa185dd9: updateFloatingIconView, animType=CLOSE_TO_DRAG
06-10 00:59:02.247  6145  6145 I RectFSpringAnim_218395427: setStartRect = RectF(237.89795, 509.7339, 1342.0421, 2963.3877)
06-10 00:59:02.247  6145  6145 I RectFSpringAnim_218395427: resetAnimValue KEY_SURFACE_EXT_ALPHA mTargetRect = RectF(242.68494, 519.2069, 1340.0709, 2957.8423) endAlpha=1.0
06-10 00:59:02.247  6145  6145 I RectFSpringAnim_218395427: setAnimParamByType = CLOSE_TO_DRAG , magicSpeed = 1.0
06-10 00:59:02.247  6145  6145 E MultiSpringDynamicAnimation60be020: ERROR Not Found Bundle SurfaceExtAlpha
06-10 00:59:02.247  6145  6145 I RectFSpringAnim_218395427: updateAllAnimEndDirectly, centerX = 791.3779, centerY = 1738.5247, width = 1097.386, height = 2438.6353, rectF = RectF(242.68494, 519.2069, 1340.0709, 2957.8423), radius = 106.69029, alpha = 1.0
06-10 00:59:02.247  6145  6145 E MultiSpringDynamicAnimation60be020: ERROR Not Found Bundle SurfaceExtAlpha
06-10 00:59:02.247  6145  6145 D RecentBlurViewElement: animTo: params = RecentBlurParams(blurRadius=96.20736, dimming=0.68276477, dampingRatio=0.9, response=0.3)
06-10 00:59:02.247  6145  6145 I AnimStateManager: CommonState handle event 6003
06-10 00:59:02.247  6145  6145 D NavStubView: onPointEvent: rawX=2089.5566   rawY=1097.5264   action=2   mIsInFsMode=false
06-10 00:59:02.247  6145  6145 I GestureStateMachine: getCurrentState = com.miui.home.recents.GestureStateMachine$AppDragState@e07f9ec
06-10 00:59:02.247  6145  6322 D HWUI    : backgroundBlur, blurRadius(99), blurType(-1), blurScaleRatio(0.000000)
06-10 00:59:02.247  6116  6451 E FenceTime: FenceTime::applyTrustedSnapshot: signalTime mismatch. (313434000382516 (old) != -1 (new))
06-10 00:59:02.250  2250  2250 D RefreshRateSelector: Touch Boost
06-10 00:59:02.250  2250  2250 D MI-SF   : modeGroup0 mIsSupportAutomodeForMaxFpsSetting is 1(0), getCurrentBrightness() = 1879(528), mIsKeepAutoMode 0
06-10 00:59:02.250  2250  2250 D RefreshRateSelector: fixedMode_group: 0, isFindModeGroup 0
06-10 00:59:02.250  2250  2250 D RefreshRateSelector: find max refresh rate:120, mode Group:0
06-10 00:59:02.251  2250  2587 D RenderEngine: makePassBlurBetterDownShader layername:Wallpaper BBQ wrapper#84
06-10 00:59:02.252  6145  6145 D NavStubView: onTouchEvent: action=2, count=1
06-10 00:59:02.252  6145  6145 D NavStubView: remove LongPress check
06-10 00:59:02.253  6145  6145 D backgroundBlur: clearMiBackgroundBlendColors com.miui.home.launcher.BlurView
06-10 00:59:02.253  6145  6145 D backgroundBlur: enablePassWindowBlur has set com.miui.home.launcher.BlurView enable:true
06-10 00:59:02.253  6116  6451 E FenceTime: FenceTime::applyTrustedSnapshot: signalTime mismatch. (313434000382516 (old) != -1 (new))
06-10 00:59:02.254  6145  6145 W GestureStateMachine: AppDragState msg=3
06-10 00:59:02.255  6145  6322 D HWUI    : backgroundBlur, blurRadius(183), blurType(-1), blurScaleRatio(0.000000)
06-10 00:59:02.255  6145  6145 D AnimStateManager: send event 6003 currentState = AppState windowElement = com.miui.home.recents.anim.WindowElement@a185dd9
06-10 00:59:02.255  6145  6145 I AnimStateManager: AppState handle event 6003
06-10 00:59:02.255  6145  6145 D WindowElementa185dd9: animTo, params=RectFParams(targetApps=null, startRect=null, targetRect=RectF(247.41223, 528.5504, 1338.1243, 2952.355), startRadius=106.04146, endRadius=106.04146, startAlpha=1.0, endAlpha=1.0, animType=CLOSE_TO_DRAG, ignoreIcon=true, showTask=false, isQuickSwitchMode=false, targetView=null, animListener=null, clipAnimationHelper=null, clearLastListener=true, currentDisplayRotation=1, homeRotation=0, needFinishOnAnimEnd=true, currentTaskIndex=0, isSplitModeBack=false, isUseTranslucentAnim=false, runningTaskId=7394, touchRange=2), isRunning()=true
06-10 00:59:02.255  6145  6145 D WindowElementa185dd9: java.lang.Exception
06-10 00:59:02.255  6145  6145 D WindowElementa185dd9: 	at com.miui.home.recents.anim.WindowElement.animTo(WindowElement.kt:1341)
06-10 00:59:02.255  6145  6145 D WindowElementa185dd9: 	at com.miui.home.recents.anim.StateManager$AppState.onGestureAppMove(StateManager.kt:862)
06-10 00:59:02.255  6145  6145 D WindowElementa185dd9: 	at com.miui.home.recents.anim.StateManager$AppState.handleEvent(StateManager.kt:659)
06-10 00:59:02.255  6145  6145 D WindowElementa185dd9: 	at com.miui.home.recents.anim.StateManager.handleEventActually(StateManager.kt:115)
06-10 00:59:02.255  6145  6145 D WindowElementa185dd9: 	at com.miui.home.recents.anim.StateManager.sendEventActually(StateManager.kt:100)
06-10 00:59:02.255  6145  6145 D WindowElementa185dd9: 	at com.miui.home.recents.anim.StateManager.sendEvent(StateManager.kt:126)
06-10 00:59:02.255  6145  6145 D WindowElementa185dd9: 	at com.miui.home.recents.NavStubView.sendAppMoveEvent(NavStubView.java:3929)
06-10 00:59:02.255  6145  6145 D WindowElementa185dd9: 	at com.miui.home.recents.NavStubView.actionMoveAppDrag(NavStubView.java:3937)
06-10 00:59:02.255  6145  6145 D WindowElementa185dd9: 	at com.miui.home.recents.GestureStateMachine$AppDragState.processMessage(GestureStateMachine.java:511)
06-10 00:59:02.255  6145  6145 D WindowElementa185dd9: 	at com.android.internal.util.StateMachine$SmHandler.processMsg(StateMachine.java:1002)
06-10 00:59:02.255  6145  6145 D WindowElementa185dd9: 	at com.android.internal.util.StateMachine$SmHandler.handleMessage(StateMachine.java:820)
06-10 00:59:02.255  6145  6145 D WindowElementa185dd9: 	at android.os.Handler.dispatchMessage(Handler.java:107)
06-10 00:59:02.255  6145  6145 D WindowElementa185dd9: 	at android.os.Looper.loopOnce(Looper.java:249)
06-10 00:59:02.255  6145  6145 D WindowElementa185dd9: 	at android.os.Looper.loop(Looper.java:337)
06-10 00:59:02.255  6145  6145 D WindowElementa185dd9: 	at android.app.ActivityThread.main(ActivityThread.java:9604)
06-10 00:59:02.255  6145  6145 D WindowElementa185dd9: 	at java.lang.reflect.Method.invoke(Native Method)
06-10 00:59:02.255  6145  6145 D WindowElementa185dd9: 	at com.android.internal.os.RuntimeInit$MethodAndArgsCaller.run(RuntimeInit.java:615)
06-10 00:59:02.255  6145  6145 D WindowElementa185dd9: 	at com.android.internal.os.ZygoteInit.main(ZygoteInit.java:936)
06-10 00:59:02.255  6145  6145 D WindowElementa185dd9: updateFloatingIconView, animType=CLOSE_TO_DRAG
06-10 00:59:02.255  6145  6145 I RectFSpringAnim_218395427: setStartRect = RectF(242.68494, 519.2069, 1340.0709, 2957.8423)
06-10 00:59:02.255  6145  6145 I RectFSpringAnim_218395427: resetAnimValue KEY_SURFACE_EXT_ALPHA mTargetRect = RectF(247.41223, 528.5504, 1338.1243, 2952.355) endAlpha=1.0
06-10 00:59:02.255  6145  6145 I RectFSpringAnim_218395427: setAnimParamByType = CLOSE_TO_DRAG , magicSpeed = 1.0
06-10 00:59:02.255  6145  6145 E MultiSpringDynamicAnimation60be020: ERROR Not Found Bundle SurfaceExtAlpha
06-10 00:59:02.255  6145  6145 I RectFSpringAnim_218395427: updateAllAnimEndDirectly, centerX = 792.76825, centerY = 1740.4526, width = 1090.712, height = 2423.8047, rectF = RectF(247.41223, 528.5504, 1338.1243, 2952.355), radius = 106.04146, alpha = 1.0
06-10 00:59:02.255  6145  6145 E MultiSpringDynamicAnimation60be020: ERROR Not Found Bundle SurfaceExtAlpha
06-10 00:59:02.255  6145  6145 D RecentBlurViewElement: animTo: params = RecentBlurParams(blurRadius=95.7439, dimming=0.6765853, dampingRatio=0.9, response=0.3)
06-10 00:59:02.255  6145  6145 I AnimStateManager: CommonState handle event 6003
06-10 00:59:02.255  6145  6145 W GestureStateMachine: AppDragState msg=2
06-10 00:59:02.255  6145  6145 D NavStubView: onPointEvent: rawX=2089.4707   rawY=1092.25   action=2   mIsInFsMode=false
06-10 00:59:02.255  6145  6322 D HWUI    : backgroundBlur, blurRadius(99), blurType(-1), blurScaleRatio(0.000000)
06-10 00:59:02.255  6145  6145 I GestureStateMachine: getCurrentState = com.miui.home.recents.GestureStateMachine$AppDragState@e07f9ec
06-10 00:59:02.258  2250  2250 D RefreshRateSelector: Touch Boost
06-10 00:59:02.258  2250  2250 D MI-SF   : modeGroup0 mIsSupportAutomodeForMaxFpsSetting is 1(0), getCurrentBrightness() = 1879(528), mIsKeepAutoMode 0
06-10 00:59:02.258  2250  2250 D RefreshRateSelector: fixedMode_group: 0, isFindModeGroup 0
06-10 00:59:02.258  2250  2250 D RefreshRateSelector: find max refresh rate:120, mode Group:0
06-10 00:59:02.259  2250  2587 D RenderEngine: makePassBlurBetterDownShader layername:Wallpaper BBQ wrapper#84
06-10 00:59:02.261  6145  6145 D NavStubView: onTouchEvent: action=2, count=1
06-10 00:59:02.261  6145  6145 D NavStubView: remove LongPress check
06-10 00:59:02.261  6145  6145 D backgroundBlur: clearMiBackgroundBlendColors com.miui.home.launcher.BlurView
06-10 00:59:02.261  6145  6145 D backgroundBlur: enablePassWindowBlur has set com.miui.home.launcher.BlurView enable:true
06-10 00:59:02.263  6145  6322 D HWUI    : backgroundBlur, blurRadius(183), blurType(-1), blurScaleRatio(0.000000)
06-10 00:59:02.263  6145  6145 W GestureStateMachine: AppDragState msg=3
06-10 00:59:02.263  6145  6145 D AnimStateManager: send event 6003 currentState = AppState windowElement = com.miui.home.recents.anim.WindowElement@a185dd9
06-10 00:59:02.263  6145  6145 I AnimStateManager: AppState handle event 6003
06-10 00:59:02.264  6145  6145 D WindowElementa185dd9: animTo, params=RectFParams(targetApps=null, startRect=null, targetRect=RectF(251.89722, 537.52625, 1336.2777, 2947.2607), startRadius=105.42588, endRadius=105.42588, startAlpha=1.0, endAlpha=1.0, animType=CLOSE_TO_DRAG, ignoreIcon=true, showTask=false, isQuickSwitchMode=false, targetView=null, animListener=null, clipAnimationHelper=null, clearLastListener=true, currentDisplayRotation=1, homeRotation=0, needFinishOnAnimEnd=true, currentTaskIndex=0, isSplitModeBack=false, isUseTranslucentAnim=false, runningTaskId=7394, touchRange=2), isRunning()=true
06-10 00:59:02.264  6145  6145 D WindowElementa185dd9: java.lang.Exception
06-10 00:59:02.264  6145  6145 D WindowElementa185dd9: 	at com.miui.home.recents.anim.WindowElement.animTo(WindowElement.kt:1341)
06-10 00:59:02.264  6145  6145 D WindowElementa185dd9: 	at com.miui.home.recents.anim.StateManager$AppState.onGestureAppMove(StateManager.kt:862)
06-10 00:59:02.264  6145  6145 D WindowElementa185dd9: 	at com.miui.home.recents.anim.StateManager$AppState.handleEvent(StateManager.kt:659)
06-10 00:59:02.264  6145  6145 D WindowElementa185dd9: 	at com.miui.home.recents.anim.StateManager.handleEventActually(StateManager.kt:115)
06-10 00:59:02.264  6145  6145 D WindowElementa185dd9: 	at com.miui.home.recents.anim.StateManager.sendEventActually(StateManager.kt:100)
06-10 00:59:02.264  6145  6145 D WindowElementa185dd9: 	at com.miui.home.recents.anim.StateManager.sendEvent(StateManager.kt:126)
06-10 00:59:02.264  6145  6145 D WindowElementa185dd9: 	at com.miui.home.recents.NavStubView.sendAppMoveEvent(NavStubView.java:3929)
06-10 00:59:02.264  6145  6145 D WindowElementa185dd9: 	at com.miui.home.recents.NavStubView.actionMoveAppDrag(NavStubView.java:3937)
06-10 00:59:02.264  6145  6145 D WindowElementa185dd9: 	at com.miui.home.recents.GestureStateMachine$AppDragState.processMessage(GestureStateMachine.java:511)
06-10 00:59:02.264  6145  6145 D WindowElementa185dd9: 	at com.android.internal.util.StateMachine$SmHandler.processMsg(StateMachine.java:1002)
06-10 00:59:02.264  6145  6145 D WindowElementa185dd9: 	at com.android.internal.util.StateMachine$SmHandler.handleMessage(StateMachine.java:820)
06-10 00:59:02.264  6145  6145 D WindowElementa185dd9: 	at android.os.Handler.dispatchMessage(Handler.java:107)
06-10 00:59:02.264  6145  6145 D WindowElementa185dd9: 	at android.os.Looper.loopOnce(Looper.java:249)
06-10 00:59:02.264  6145  6145 D WindowElementa185dd9: 	at android.os.Looper.loop(Looper.java:337)
06-10 00:59:02.264  6145  6145 D WindowElementa185dd9: 	at android.app.ActivityThread.main(ActivityThread.java:9604)
06-10 00:59:02.264  6145  6145 D WindowElementa185dd9: 	at java.lang.reflect.Method.invoke(Native Method)
06-10 00:59:02.264  6145  6145 D WindowElementa185dd9: 	at com.android.internal.os.RuntimeInit$MethodAndArgsCaller.run(RuntimeInit.java:615)
06-10 00:59:02.264  6145  6145 D WindowElementa185dd9: 	at com.android.internal.os.ZygoteInit.main(ZygoteInit.java:936)
06-10 00:59:02.264  6145  6145 D WindowElementa185dd9: updateFloatingIconView, animType=CLOSE_TO_DRAG
06-10 00:59:02.264  6145  6145 I RectFSpringAnim_218395427: setStartRect = RectF(247.41223, 528.5504, 1338.1243, 2952.355)
06-10 00:59:02.264  6145  6145 I RectFSpringAnim_218395427: resetAnimValue KEY_SURFACE_EXT_ALPHA mTargetRect = RectF(251.89722, 537.52625, 1336.2777, 2947.2607) endAlpha=1.0
06-10 00:59:02.264  6145  6145 I RectFSpringAnim_218395427: setAnimParamByType = CLOSE_TO_DRAG , magicSpeed = 1.0
06-10 00:59:02.264  6145  6145 E MultiSpringDynamicAnimation60be020: ERROR Not Found Bundle SurfaceExtAlpha
06-10 00:59:02.264  6145  6145 I RectFSpringAnim_218395427: updateAllAnimEndDirectly, centerX = 794.08746, centerY = 1742.3936, width = 1084.3805, height = 2409.7344, rectF = RectF(251.89722, 537.52625, 1336.2777, 2947.2607), radius = 105.42588, alpha = 1.0
06-10 00:59:02.264  6145  6145 E MultiSpringDynamicAnimation60be020: ERROR Not Found Bundle SurfaceExtAlpha
06-10 00:59:02.264  6145  6145 D RecentBlurViewElement: animTo: params = RecentBlurParams(blurRadius=95.3042, dimming=0.6707226, dampingRatio=0.9, response=0.3)
06-10 00:59:02.264  6145  6145 I AnimStateManager: CommonState handle event 6003
06-10 00:59:02.264  6145  6145 D NavStubView: onPointEvent: rawX=2089.37   rawY=1087.5928   action=2   mIsInFsMode=false
06-10 00:59:02.264  6145  6322 D HWUI    : backgroundBlur, blurRadius(99), blurType(-1), blurScaleRatio(0.000000)
06-10 00:59:02.264  6145  6145 I GestureStateMachine: getCurrentState = com.miui.home.recents.GestureStateMachine$AppDragState@e07f9ec
06-10 00:59:02.264 25984 26022 D TrafficStats: tagSocket(123) with statsTag=0xffffffff, statsUid=-1
06-10 00:59:02.265  6116  6451 E FenceTime: FenceTime::applyTrustedSnapshot: signalTime mismatch. (313434000382516 (old) != -1 (new))
06-10 00:59:02.266  2250  2250 D RefreshRateSelector: Touch Boost
06-10 00:59:02.266  2250  2250 D MI-SF   : modeGroup0 mIsSupportAutomodeForMaxFpsSetting is 1(0), getCurrentBrightness() = 1879(528), mIsKeepAutoMode 0
06-10 00:59:02.266  2250  2250 D RefreshRateSelector: fixedMode_group: 0, isFindModeGroup 0
06-10 00:59:02.266  2250  2250 D RefreshRateSelector: find max refresh rate:120, mode Group:0
06-10 00:59:02.267  2250  2587 D RenderEngine: makePassBlurBetterDownShader layername:Wallpaper BBQ wrapper#84
06-10 00:59:02.269  6145  6145 D NavStubView: onTouchEvent: action=2, count=1
06-10 00:59:02.269  6145  6145 D NavStubView: remove LongPress check
06-10 00:59:02.269  6145  6145 D backgroundBlur: clearMiBackgroundBlendColors com.miui.home.launcher.BlurView
06-10 00:59:02.269  6145  6145 D backgroundBlur: enablePassWindowBlur has set com.miui.home.launcher.BlurView enable:true
06-10 00:59:02.270  6116  7488 E FrameEvents: addRelease: Did not find frame.
06-10 00:59:02.271  6145  6145 W GestureStateMachine: AppDragState msg=3
06-10 00:59:02.271  6145  6322 D HWUI    : backgroundBlur, blurRadius(183), blurType(-1), blurScaleRatio(0.000000)
06-10 00:59:02.271  6145  6145 D AnimStateManager: send event 6003 currentState = AppState windowElement = com.miui.home.recents.anim.WindowElement@a185dd9
06-10 00:59:02.271  6145  6145 I AnimStateManager: AppState handle event 6003
06-10 00:59:02.271  6145  6145 D WindowElementa185dd9: animTo, params=RectFParams(targetApps=null, startRect=null, targetRect=RectF(255.85583, 545.42395, 1334.6476, 2942.7393), startRadius=104.882545, endRadius=104.882545, startAlpha=1.0, endAlpha=1.0, animType=CLOSE_TO_DRAG, ignoreIcon=true, showTask=false, isQuickSwitchMode=false, targetView=null, animListener=null, clipAnimationHelper=null, clearLastListener=true, currentDisplayRotation=1, homeRotation=0, needFinishOnAnimEnd=true, currentTaskIndex=0, isSplitModeBack=false, isUseTranslucentAnim=false, runningTaskId=7394, touchRange=2), isRunning()=true
06-10 00:59:02.271  6145  6145 D WindowElementa185dd9: java.lang.Exception
06-10 00:59:02.271  6145  6145 D WindowElementa185dd9: 	at com.miui.home.recents.anim.WindowElement.animTo(WindowElement.kt:1341)
06-10 00:59:02.271  6145  6145 D WindowElementa185dd9: 	at com.miui.home.recents.anim.StateManager$AppState.onGestureAppMove(StateManager.kt:862)
06-10 00:59:02.271  6145  6145 D WindowElementa185dd9: 	at com.miui.home.recents.anim.StateManager$AppState.handleEvent(StateManager.kt:659)
06-10 00:59:02.271  6145  6145 D WindowElementa185dd9: 	at com.miui.home.recents.anim.StateManager.handleEventActually(StateManager.kt:115)
06-10 00:59:02.271  6145  6145 D WindowElementa185dd9: 	at com.miui.home.recents.anim.StateManager.sendEventActually(StateManager.kt:100)
06-10 00:59:02.271  6145  6145 D WindowElementa185dd9: 	at com.miui.home.recents.anim.StateManager.sendEvent(StateManager.kt:126)
06-10 00:59:02.271  6145  6145 D WindowElementa185dd9: 	at com.miui.home.recents.NavStubView.sendAppMoveEvent(NavStubView.java:3929)
06-10 00:59:02.271  6145  6145 D WindowElementa185dd9: 	at com.miui.home.recents.NavStubView.actionMoveAppDrag(NavStubView.java:3937)
06-10 00:59:02.271  6145  6145 D WindowElementa185dd9: 	at com.miui.home.recents.GestureStateMachine$AppDragState.processMessage(GestureStateMachine.java:511)
06-10 00:59:02.271  6145  6145 D WindowElementa185dd9: 	at com.android.internal.util.StateMachine$SmHandler.processMsg(StateMachine.java:1002)
06-10 00:59:02.271  6145  6145 D WindowElementa185dd9: 	at com.android.internal.util.StateMachine$SmHandler.handleMessage(StateMachine.java:820)
06-10 00:59:02.271  6145  6145 D WindowElementa185dd9: 	at android.os.Handler.dispatchMessage(Handler.java:107)
06-10 00:59:02.271  6145  6145 D WindowElementa185dd9: 	at android.os.Looper.loopOnce(Looper.java:249)
06-10 00:59:02.271  6145  6145 D WindowElementa185dd9: 	at android.os.Looper.loop(Looper.java:337)
06-10 00:59:02.271  6145  6145 D WindowElementa185dd9: 	at android.app.ActivityThread.main(ActivityThread.java:9604)
06-10 00:59:02.271  6145  6145 D WindowElementa185dd9: 	at java.lang.reflect.Method.invoke(Native Method)
06-10 00:59:02.271  6145  6145 D WindowElementa185dd9: 	at com.android.internal.os.RuntimeInit$MethodAndArgsCaller.run(RuntimeInit.java:615)
06-10 00:59:02.271  6145  6145 D WindowElementa185dd9: 	at com.android.internal.os.ZygoteInit.main(ZygoteInit.java:936)
06-10 00:59:02.271  6145  6145 D WindowElementa185dd9: updateFloatingIconView, animType=CLOSE_TO_DRAG
06-10 00:59:02.271  6145  6145 I RectFSpringAnim_218395427: setStartRect = RectF(251.89722, 537.52625, 1336.2777, 2947.2607)
06-10 00:59:02.271  6145  6145 I RectFSpringAnim_218395427: resetAnimValue KEY_SURFACE_EXT_ALPHA mTargetRect = RectF(255.85583, 545.42395, 1334.6476, 2942.7393) endAlpha=1.0
06-10 00:59:02.271  6145  6145 I RectFSpringAnim_218395427: setAnimParamByType = CLOSE_TO_DRAG , magicSpeed = 1.0
06-10 00:59:02.271  6145  6145 E MultiSpringDynamicAnimation60be020: ERROR Not Found Bundle SurfaceExtAlpha
06-10 00:59:02.271  6145  6145 I RectFSpringAnim_218395427: updateAllAnimEndDirectly, centerX = 795.2517, centerY = 1744.0815, width = 1078.7917, height = 2397.3154, rectF = RectF(255.85583, 545.42395, 1334.6476, 2942.7393), radius = 104.882545, alpha = 1.0
06-10 00:59:02.271  6145  6145 E MultiSpringDynamicAnimation60be020: ERROR Not Found Bundle SurfaceExtAlpha
06-10 00:59:02.271  6145  6145 D RecentBlurViewElement: animTo: params = RecentBlurParams(blurRadius=94.91609, dimming=0.66554797, dampingRatio=0.9, response=0.3)
06-10 00:59:02.271  6145  6145 I AnimStateManager: CommonState handle event 6003
06-10 00:59:02.272  6145  6145 W GestureStateMachine: AppDragState msg=2
06-10 00:59:02.272  6145  6145 D NavStubView: onPointEvent: rawX=2089.4004   rawY=1082.6562   action=2   mIsInFsMode=false
06-10 00:59:02.272  6145  6322 D HWUI    : backgroundBlur, blurRadius(99), blurType(-1), blurScaleRatio(0.000000)
06-10 00:59:02.272  6145  6145 I GestureStateMachine: getCurrentState = com.miui.home.recents.GestureStateMachine$AppDragState@e07f9ec
06-10 00:59:02.275  2250  2250 D RefreshRateSelector: Touch Boost
06-10 00:59:02.275  2250  2250 D MI-SF   : modeGroup0 mIsSupportAutomodeForMaxFpsSetting is 1(0), getCurrentBrightness() = 1879(528), mIsKeepAutoMode 0
06-10 00:59:02.275  2250  2250 D RefreshRateSelector: fixedMode_group: 0, isFindModeGroup 0
06-10 00:59:02.275  2250  2250 D RefreshRateSelector: find max refresh rate:120, mode Group:0
06-10 00:59:02.275  2250  2587 D RenderEngine: makePassBlurBetterDownShader layername:Wallpaper BBQ wrapper#84
06-10 00:59:02.277  6145  6145 D NavStubView: onTouchEvent: action=2, count=1
06-10 00:59:02.277  6145  6145 D NavStubView: remove LongPress check
06-10 00:59:02.278  6145  6145 D backgroundBlur: clearMiBackgroundBlendColors com.miui.home.launcher.BlurView
06-10 00:59:02.278  6145  6145 D backgroundBlur: enablePassWindowBlur has set com.miui.home.launcher.BlurView enable:true
06-10 00:59:02.278  6116  7488 E FrameEvents: addRelease: Did not find frame.
06-10 00:59:02.280  6145  6145 W GestureStateMachine: AppDragState msg=3
06-10 00:59:02.280  6145  6322 D HWUI    : backgroundBlur, blurRadius(183), blurType(-1), blurScaleRatio(0.000000)
06-10 00:59:02.280  6145  6145 D AnimStateManager: send event 6003 currentState = AppState windowElement = com.miui.home.recents.anim.WindowElement@a185dd9
06-10 00:59:02.280  6145  6145 I AnimStateManager: AppState handle event 6003
06-10 00:59:02.280  6145  6145 D WindowElementa185dd9: animTo, params=RectFParams(targetApps=null, startRect=null, targetRect=RectF(260.05188, 553.9324, 1332.9198, 2938.0835), startRadius=104.30661, endRadius=104.30661, startAlpha=1.0, endAlpha=1.0, animType=CLOSE_TO_DRAG, ignoreIcon=true, showTask=false, isQuickSwitchMode=false, targetView=null, animListener=null, clipAnimationHelper=null, clearLastListener=true, currentDisplayRotation=1, homeRotation=0, needFinishOnAnimEnd=true, currentTaskIndex=0, isSplitModeBack=false, isUseTranslucentAnim=false, runningTaskId=7394, touchRange=2), isRunning()=true
06-10 00:59:02.280  6145  6145 D WindowElementa185dd9: java.lang.Exception
06-10 00:59:02.280  6145  6145 D WindowElementa185dd9: 	at com.miui.home.recents.anim.WindowElement.animTo(WindowElement.kt:1341)
06-10 00:59:02.280  6145  6145 D WindowElementa185dd9: 	at com.miui.home.recents.anim.StateManager$AppState.onGestureAppMove(StateManager.kt:862)
06-10 00:59:02.280  6145  6145 D WindowElementa185dd9: 	at com.miui.home.recents.anim.StateManager$AppState.handleEvent(StateManager.kt:659)
06-10 00:59:02.280  6145  6145 D WindowElementa185dd9: 	at com.miui.home.recents.anim.StateManager.handleEventActually(StateManager.kt:115)
06-10 00:59:02.280  6145  6145 D WindowElementa185dd9: 	at com.miui.home.recents.anim.StateManager.sendEventActually(StateManager.kt:100)
06-10 00:59:02.280  6145  6145 D WindowElementa185dd9: 	at com.miui.home.recents.anim.StateManager.sendEvent(StateManager.kt:126)
06-10 00:59:02.280  6145  6145 D WindowElementa185dd9: 	at com.miui.home.recents.NavStubView.sendAppMoveEvent(NavStubView.java:3929)
06-10 00:59:02.280  6145  6145 D WindowElementa185dd9: 	at com.miui.home.recents.NavStubView.actionMoveAppDrag(NavStubView.java:3937)
06-10 00:59:02.280  6145  6145 D WindowElementa185dd9: 	at com.miui.home.recents.GestureStateMachine$AppDragState.processMessage(GestureStateMachine.java:511)
06-10 00:59:02.280  6145  6145 D WindowElementa185dd9: 	at com.android.internal.util.StateMachine$SmHandler.processMsg(StateMachine.java:1002)
06-10 00:59:02.280  6145  6145 D WindowElementa185dd9: 	at com.android.internal.util.StateMachine$SmHandler.handleMessage(StateMachine.java:820)
06-10 00:59:02.280  6145  6145 D WindowElementa185dd9: 	at android.os.Handler.dispatchMessage(Handler.java:107)
06-10 00:59:02.280  6145  6145 D WindowElementa185dd9: 	at android.os.Looper.loopOnce(Looper.java:249)
06-10 00:59:02.280  6145  6145 D WindowElementa185dd9: 	at android.os.Looper.loop(Looper.java:337)
06-10 00:59:02.280  6145  6145 D WindowElementa185dd9: 	at android.app.ActivityThread.main(ActivityThread.java:9604)
06-10 00:59:02.280  6145  6145 D WindowElementa185dd9: 	at java.lang.reflect.Method.invoke(Native Method)
06-10 00:59:02.280  6145  6145 D WindowElementa185dd9: 	at com.android.internal.os.RuntimeInit$MethodAndArgsCaller.run(RuntimeInit.java:615)
06-10 00:59:02.280  6145  6145 D WindowElementa185dd9: 	at com.android.internal.os.ZygoteInit.main(ZygoteInit.java:936)
06-10 00:59:02.280  6145  6145 D WindowElementa185dd9: updateFloatingIconView, animType=CLOSE_TO_DRAG
06-10 00:59:02.280  6145  6145 I RectFSpringAnim_218395427: setStartRect = RectF(255.85583, 545.42395, 1334.6476, 2942.7393)
06-10 00:59:02.280  6145  6145 I RectFSpringAnim_218395427: resetAnimValue KEY_SURFACE_EXT_ALPHA mTargetRect = RectF(260.05188, 553.9324, 1332.9198, 2938.0835) endAlpha=1.0
06-10 00:59:02.280  6145  6145 I RectFSpringAnim_218395427: setAnimParamByType = CLOSE_TO_DRAG , magicSpeed = 1.0
06-10 00:59:02.280  6145  6145 E MultiSpringDynamicAnimation60be020: ERROR Not Found Bundle SurfaceExtAlpha
06-10 00:59:02.280  6145  6145 I RectFSpringAnim_218395427: updateAllAnimEndDirectly, centerX = 796.48584, centerY = 1746.0079, width = 1072.8679, height = 2384.1511, rectF = RectF(260.05188, 553.9324, 1332.9198, 2938.0835), radius = 104.30661, alpha = 1.0
06-10 00:59:02.280  6145  6145 E MultiSpringDynamicAnimation60be020: ERROR Not Found Bundle SurfaceExtAlpha
06-10 00:59:02.280  6145  6145 D RecentBlurViewElement: animTo: params = RecentBlurParams(blurRadius=94.50472, dimming=0.6600629, dampingRatio=0.9, response=0.3)
06-10 00:59:02.280  6145  6145 I AnimStateManager: CommonState handle event 6003
06-10 00:59:02.280  6145  6145 D NavStubView: onPointEvent: rawX=2089.537   rawY=1077.7607   action=2   mIsInFsMode=false
06-10 00:59:02.280  6145  6322 D HWUI    : backgroundBlur, blurRadius(99), blurType(-1), blurScaleRatio(0.000000)
06-10 00:59:02.281  6145  6145 I GestureStateMachine: getCurrentState = com.miui.home.recents.GestureStateMachine$AppDragState@e07f9ec
06-10 00:59:02.283  2250  2250 D RefreshRateSelector: Touch Boost
06-10 00:59:02.283  2250  2250 D MI-SF   : modeGroup0 mIsSupportAutomodeForMaxFpsSetting is 1(0), getCurrentBrightness() = 1879(528), mIsKeepAutoMode 0
06-10 00:59:02.283  2250  2250 D RefreshRateSelector: fixedMode_group: 0, isFindModeGroup 0
06-10 00:59:02.283  2250  2250 D RefreshRateSelector: find max refresh rate:120, mode Group:0
06-10 00:59:02.284  2250  2587 D RenderEngine: makePassBlurBetterDownShader layername:Wallpaper BBQ wrapper#84
06-10 00:59:02.286  6145  6145 D NavStubView: onTouchEvent: action=2, count=1
06-10 00:59:02.286  6145  6145 D NavStubView: remove LongPress check
06-10 00:59:02.286  6145  6145 D backgroundBlur: clearMiBackgroundBlendColors com.miui.home.launcher.BlurView
06-10 00:59:02.286  6145  6145 D backgroundBlur: enablePassWindowBlur has set com.miui.home.launcher.BlurView enable:true
06-10 00:59:02.286  6116  7488 E FrameEvents: addRelease: Did not find frame.
06-10 00:59:02.288  6145  6145 W GestureStateMachine: AppDragState msg=3
06-10 00:59:02.288  6145  6322 D HWUI    : backgroundBlur, blurRadius(183), blurType(-1), blurScaleRatio(0.000000)
06-10 00:59:02.288  6145  6145 D AnimStateManager: send event 6003 currentState = AppState windowElement = com.miui.home.recents.anim.WindowElement@a185dd9
06-10 00:59:02.288  6145  6145 I AnimStateManager: AppState handle event 6003
06-10 00:59:02.288  6145  6145 D WindowElementa185dd9: animTo, params=RectFParams(targetApps=null, startRect=null, targetRect=RectF(264.213, 562.4767, 1331.2064, 2933.5732), startRadius=103.73548, endRadius=103.73548, startAlpha=1.0, endAlpha=1.0, animType=CLOSE_TO_DRAG, ignoreIcon=true, showTask=false, isQuickSwitchMode=false, targetView=null, animListener=null, clipAnimationHelper=null, clearLastListener=true, currentDisplayRotation=1, homeRotation=0, needFinishOnAnimEnd=true, currentTaskIndex=0, isSplitModeBack=false, isUseTranslucentAnim=false, runningTaskId=7394, touchRange=2), isRunning()=true
06-10 00:59:02.288  6145  6145 D WindowElementa185dd9: java.lang.Exception
06-10 00:59:02.288  6145  6145 D WindowElementa185dd9: 	at com.miui.home.recents.anim.WindowElement.animTo(WindowElement.kt:1341)
06-10 00:59:02.288  6145  6145 D WindowElementa185dd9: 	at com.miui.home.recents.anim.StateManager$AppState.onGestureAppMove(StateManager.kt:862)
06-10 00:59:02.288  6145  6145 D WindowElementa185dd9: 	at com.miui.home.recents.anim.StateManager$AppState.handleEvent(StateManager.kt:659)
06-10 00:59:02.288  6145  6145 D WindowElementa185dd9: 	at com.miui.home.recents.anim.StateManager.handleEventActually(StateManager.kt:115)
06-10 00:59:02.288  6145  6145 D WindowElementa185dd9: 	at com.miui.home.recents.anim.StateManager.sendEventActually(StateManager.kt:100)
06-10 00:59:02.288  6145  6145 D WindowElementa185dd9: 	at com.miui.home.recents.anim.StateManager.sendEvent(StateManager.kt:126)
06-10 00:59:02.288  6145  6145 D WindowElementa185dd9: 	at com.miui.home.recents.NavStubView.sendAppMoveEvent(NavStubView.java:3929)
06-10 00:59:02.288  6145  6145 D WindowElementa185dd9: 	at com.miui.home.recents.NavStubView.actionMoveAppDrag(NavStubView.java:3937)
06-10 00:59:02.288  6145  6145 D WindowElementa185dd9: 	at com.miui.home.recents.GestureStateMachine$AppDragState.processMessage(GestureStateMachine.java:511)
06-10 00:59:02.288  6145  6145 D WindowElementa185dd9: 	at com.android.internal.util.StateMachine$SmHandler.processMsg(StateMachine.java:1002)
06-10 00:59:02.288  6145  6145 D WindowElementa185dd9: 	at com.android.internal.util.StateMachine$SmHandler.handleMessage(StateMachine.java:820)
06-10 00:59:02.288  6145  6145 D WindowElementa185dd9: 	at android.os.Handler.dispatchMessage(Handler.java:107)
06-10 00:59:02.288  6145  6145 D WindowElementa185dd9: 	at android.os.Looper.loopOnce(Looper.java:249)
06-10 00:59:02.288  6145  6145 D WindowElementa185dd9: 	at android.os.Looper.loop(Looper.java:337)
06-10 00:59:02.288  6145  6145 D WindowElementa185dd9: 	at android.app.ActivityThread.main(ActivityThread.java:9604)
