06-10 00:59:02.059  6145  6562 E ActivityManagerWrapper: getRecentTasksForceIncludingTaskIdIfValid: getRecentTasks: size=10
06-10 00:59:02.059  6145  6562 E ActivityManagerWrapper:  mainTaskId=7394   userId=0   windowMode=1   baseIntent=Intent { act=android.intent.action.MAIN flag=270532608 cmp=ComponentInfo{com.DefaultCompany.HybridCLR/com.unity3d.player.UnityPlayerActivity} }
06-10 00:59:02.059  6145  6562 E ActivityManagerWrapper:  mainTaskId=7386   userId=0   windowMode=1   baseIntent=Intent { act=android.intent.action.MAIN flag=270532608 cmp=ComponentInfo{org.mozilla.firefox/org.mozilla.firefox.App} }
06-10 00:59:02.059  6145  6562 E ActivityManagerWrapper:  mainTaskId=7392   userId=0   windowMode=1   baseIntent=Intent { act=android.intent.action.VIEW flag=268435456 cmp=ComponentInfo{com.android.providers.downloads.ui/com.android.providers.downloads.ui.activity.BrowserDownloadActivity} }
06-10 00:59:02.059  6145  6562 E ActivityManagerWrapper:  mainTaskId=7391   userId=0   windowMode=1   baseIntent=Intent { act=android.intent.action.MAIN flag=270532608 cmp=ComponentInfo{com.android.settings/com.android.settings.MainSettings} }
06-10 00:59:02.059  6145  6562 E ActivityManagerWrapper:  mainTaskId=7365   userId=999   windowMode=1   baseIntent=Intent { act=android.intent.action.MAIN flag=270532608 cmp=ComponentInfo{com.ss.android.ugc.aweme/com.ss.android.ugc.aweme.splash.SplashActivity} }
06-10 00:59:02.059  6145  6562 E ActivityManagerWrapper:  mainTaskId=6725   userId=0   windowMode=1   baseIntent=Intent { act=android.intent.action.MAIN flag=270532608 cmp=ComponentInfo{com.tencent.mm/com.tencent.mm.ui.LauncherUI} }
06-10 00:59:02.059  6145  6562 E ActivityManagerWrapper:  mainTaskId=7390   userId=0   windowMode=1   baseIntent=Intent { act=android.settings.APPLICATION_DETAILS_SETTINGS flag=268468224 cmp=ComponentInfo{com.android.settings/com.android.settings.applications.InstalledAppDetails} }
06-10 00:59:02.059  6145  6562 E ActivityManagerWrapper:  mainTaskId=7083   userId=0   windowMode=1   baseIntent=Intent { act=android.intent.action.MAIN flag=270532608 cmp=ComponentInfo{com.tencent.mobileqq/com.tencent.mobileqq.activity.SplashActivity} }
06-10 00:59:02.059  6145  6562 E ActivityManagerWrapper:  mainTaskId=7328   userId=0   windowMode=1   baseIntent=Intent { act=android.intent.action.MAIN flag=270532608 cmp=ComponentInfo{com.miui.weather2/com.miui.weather2.ActivityWeatherMain} }
06-10 00:59:02.059  6145  6562 E ActivityManagerWrapper:  mainTaskId=7318   userId=0   windowMode=1   baseIntent=Intent { act=android.intent.action.MAIN flag=270532608 cmp=ComponentInfo{com.android.deskclock/com.android.deskclock.DeskClockTabActivity} }
06-10 00:59:02.059  2843  6956 W ActivityManagerServiceImpl: Sending non-protected broadcast com.xiaomi.joyose.action.GAME_STATUS_UPDATE from system 10813:com.xiaomi.joyose/1000 pkg com.xiaomi.joyose. Callers=
06-10 00:59:02.059  2843  5209 I MiuiNetworkPolicyTrafficLimit: updateWhiteListUidForMobileTraffic uid=10122,add=true
06-10 00:59:02.059  6145  6562 D WorldCirculate: getWorldCirculateInfo, taskInfo.baseIntent=Intent { act=android.intent.action.VIEW cat=[android.intent.category.BROWSABLE] dat=http://192.168.5.2:8888/... typ=application/octet-stream flg=0x10000000 cmp=com.android.providers.downloads.ui/.activity.BrowserDownloadActivity }, displayId=-1, but get Display failed
06-10 00:59:02.059  6145  6145 D Launcher: Launcher.DeviceConfig onResume bounds = Rect(0, 0 - 1440, 3200)
06-10 00:59:02.059  6145  6145 D Launcher.DropTargetBar: update uninstall active when NO drag, active=false (edit=7, isUninstallDialogShowing=false, isWidgetPreviewShowing=false, isDefaultScreenPreviewShowing=false, isMenuVisible=false)
06-10 00:59:02.059  6145  6145 D Launcher.Lifecycle: onResume:UserHandle{0},df56e83,false
06-10 00:59:02.059  6145  6145 W Settings: Setting device_provisioned has moved from android.provider.Settings.Secure to android.provider.Settings.Global.
06-10 00:59:02.059  6145  6446 D MiBridge: requestCpuHighFreq---- uid: 10129 level: 1 timeoutms:500
06-10 00:59:02.059  3209  3215 W MiuiBooster: "MiuiBoosterService requestCpuHighFreq: 10129, 1, 500"
06-10 00:59:02.059  3209  3215 W MiuiBooster: "requestCpuHighFreq,final level:1,final timeoutms:500"
06-10 00:59:02.059  3209  3215 W MiuiBooster: "perf_hint_hc start"
06-10 00:59:02.059  3209  3215 W MiuiBooster: "big_core_value[level-1]:4095"
06-10 00:59:02.059  3209  3215 W MiuiBooster: "little_core_value[level-1]:4095"
06-10 00:59:02.059  3209  3215 W MiuiBooster: "prime_core_value[level - 1]:4095"
06-10 00:59:02.059  3209  3215 W MiuiBooster: "perf_handle:373204"
06-10 00:59:02.059  2843  5209 I MiuiNetworkPolicy: updateUidState uid = 6101, uidState = 3
06-10 00:59:02.059  6145  6446 D MiBridge: requestCpuHighFreq handle: 1
06-10 00:59:02.060  6145  6446 D Launcher_CPUBooster: boostCpuToMax:0
06-10 00:59:02.060  2843  5209 D MiuiNetworkPolicyTrafficLimit: updateWhiteListUidForMobileTraffic rst=true
06-10 00:59:02.060  2843  5209 D MiuiNetworkPolicyTrafficLimit: updateWhiteListUidForMobileTraffic rst=true
06-10 00:59:02.060  2843  5209 D MiuiNetworkPolicyTrafficLimit: updateWhiteListUidForMobileTraffic rst=true
06-10 00:59:02.060  6145  6145 D ShortcutIcon: setMessage textnull
06-10 00:59:02.060  6145  6562 D WorldCirculate: getWorldCirculateInfo, taskInfo.baseIntent=Intent { act=android.settings.APPLICATION_DETAILS_SETTINGS dat=package: flg=0x10008000 cmp=com.android.settings/.applications.InstalledAppDetails }, displayId=-1, but get Display failed
06-10 00:59:02.061  6145  6145 D SoscSplitStateController: updateDividerFixedState: isFixed = true
06-10 00:59:02.061  6145  6145 E Launcher.application: setClickAppWaitForCallback = false
06-10 00:59:02.061  6145  6145 D Launcher.FullbackHome: FallbackHomeCompat::needKillSelf::needKillSelf = false
06-10 00:59:02.061  6145  6145 D Launcher_UnlockAnimationStateMachine: onResume = IDLE
06-10 00:59:02.061  8761  2220 D LauncherOverlay: setActivityState:3
06-10 00:59:02.061  6145  6145 I Launcher: changeMIUIWidgetEditMode false
06-10 00:59:02.061  6145  6145 D NavStubView: setAssistantInEditMode: false
06-10 00:59:02.061  6145  6145 D ServiceDeliveryReplaceHelper: onResume: widget to serviceDeliver isReplace true
06-10 00:59:02.061  6145  6562 D TaskSnapshotCompatVV: getIsInvalidateFromTaskSnapshot, return, mTaskSnapshot=null, mTaskSnapshotClazz=null
06-10 00:59:02.061  6116  6215 D SoScSplitScreenController: updateDividerFixedState isFixed:true
06-10 00:59:02.062  6145  6145 W ActivityThread: Activity top position already set to onTop=true
06-10 00:59:02.062  6145  6311 W GestureStubView_Left: onDisplayChanged
06-10 00:59:02.062  6145  6311 W GestureStubView_Left: adaptRotation   currentRotation=0   mRotation=1
06-10 00:59:02.062  6145  6145 D NavStubView: onPointEvent: rawX=2063.6172   rawY=1261.5381   action=2   mIsInFsMode=false
06-10 00:59:02.062  6145  6311 D GestureStubView_Left: mNotchRect=Rect(678, 0 - 762, 122)
06-10 00:59:02.062  6145  6145 I GestureStateMachine: getCurrentState = com.miui.home.recents.GestureStateMachine$AppWaitToDragState@b94e49f
06-10 00:59:02.062  6145  6311 W GestureStubView_Left: adaptRotation   currentRotation=0   mRotation=0
06-10 00:59:02.062  6145  6145 W GestureStateMachine: AppWaitToDragState msg=2, mMsgUpType = -1
06-10 00:59:02.062  6145  6311 D GestureStubView_Left: resetRenderProperty: setSize   isLayoutParamChanged=true
06-10 00:59:02.062  6145  6311 E GestureStubView_Left: rotateGesture---requestApplyInsets
06-10 00:59:02.062  6145  6311 W GestureStubView_Right: onDisplayChanged
06-10 00:59:02.062  6145  6311 W GestureStubView_Right: adaptRotation   currentRotation=0   mRotation=1
06-10 00:59:02.062  6145  6311 D GestureStubView_Right: mNotchRect=Rect(678, 0 - 762, 122)
06-10 00:59:02.062  6145  6311 W GestureStubView_Right: adaptRotation   currentRotation=0   mRotation=0
06-10 00:59:02.062  6145  6311 D GestureStubView_Right: resetRenderProperty: setSize   isLayoutParamChanged=true
06-10 00:59:02.062  6145  6311 E GestureStubView_Right: rotateGesture---requestApplyInsets
06-10 00:59:02.063  2843  6954 I SmartPower: com.miui.personalassistant/10122(8761): idle->visible(46582ms) R(become visible) adj=0.
06-10 00:59:02.063 10813 17701 W ContextImpl: Calling a method in the system process without a qualified user: android.app.ContextImpl.sendStickyBroadcast:1627 android.content.ContextWrapper.sendStickyBroadcast:693 com.xiaomi.joyose.smartop.gamebooster.control.f.a:515 com.xiaomi.joyose.smartop.smartp.SmartPPkgStatusManager.f:19 com.xiaomi.joyose.smartop.smartp.SmartPPkgStatusManager.a:0 
06-10 00:59:02.064  2843  3234 W ParceledListSlice: Element #14 is 26912 bytes.
06-10 00:59:02.065  6800 14756 E Market-RetrofitRequest: connectFailed: https://app.market.xiaomi.com/apm/app, IP = 2406:d440:106:5700:1117:9e8e:1ac:de9c
06-10 00:59:02.066  6800 14756 I Market-RetrofitRequest: connectStart : https://app.market.xiaomi.com/apm/app
06-10 00:59:02.066  6104  6822 D NetworkMetricsController: processUidChangeEvent :activity is:ComponentInfo{com.miui.home/com.miui.home.launcher.Launcher}
06-10 00:59:02.066  6104  6822 D NetworkMetricsController: processUidChangeEvent :mCurApptype is NONE tempAppType is NONE
06-10 00:59:02.066  6800 14756 D TrafficStats: tagSocket(204) with statsTag=0xffffffff, statsUid=-1
06-10 00:59:02.067  2843  2871 I DisplayDeviceRepository: Display device changed render timings: "内置屏幕", renderFrameRate=120.00001, presentationDeadlineNanos=11333333, appVsyncOffsetNanos=1000000
06-10 00:59:02.067  2250  2250 D RefreshRateSelector: Touch Boost
06-10 00:59:02.067  2250  2250 D MI-SF   : modeGroup0 mIsSupportAutomodeForMaxFpsSetting is 1(0), getCurrentBrightness() = 1879(528), mIsKeepAutoMode 0
06-10 00:59:02.067  2250  2250 D RefreshRateSelector: fixedMode_group: 0, isFindModeGroup 0
06-10 00:59:02.067  2250  2250 D RefreshRateSelector: find max refresh rate:120, mode Group:0
06-10 00:59:02.069  2843  5285 D GreezeManager: iso uid:10119 p:{30117} :false
06-10 00:59:02.070  2843  5285 D GreezeManager: iso uid:10151 p:{7621} :false
06-10 00:59:02.070  2843  2910 D BrightnessThermalClamper: Thermal status observer already started
06-10 00:59:02.071  2843  6954 I BLASTSyncEngine: SyncGroup 16098:  Unfinished container:ActivityRecord{1119abb u0 com.miui.home/.launcher.Launcher t2}
06-10 00:59:02.071  2843  6954 I BLASTSyncEngine: isActivitySyncFinished isSyncFinished false ActivityRecord{1119abb u0 com.miui.home/.launcher.Launcher t2}
06-10 00:59:02.071  6145  6145 D NavStubView: onTouchEvent: action=2, count=1
06-10 00:59:02.071  6145  6145 D NavStubView: remove LongPress check
06-10 00:59:02.071  6145  6145 D backgroundBlur: setBackgroundBlurRadius 5 com.miui.home.launcher.BlurView hashcode 579164
06-10 00:59:02.071  6145  6145 D PassBlur: textureState not update, view com.miui.home.launcher.BlurView{8d65c V.ED..... ......ID 0,0-1440,3200 #7f0a020f app:id/launcher_blur_view} visible is true
06-10 00:59:02.071  6145  6145 D backgroundBlur: clearMiBackgroundBlendColors com.miui.home.launcher.BlurView
06-10 00:59:02.071  6145  6145 D backgroundBlur: enablePassWindowBlur has set com.miui.home.launcher.BlurView enable:true
06-10 00:59:02.072  2244  3577 D AudioFlingerImpl: setGameParameters keyvalue: screen_state=on
06-10 00:59:02.072  1983  5295 D AHAL: AudioDeviceCustom: SetParameters: 94: Enter: kvpairs is screen_state=on
06-10 00:59:02.072  1983  5295 D AHAL: AudioDevice: SetParameters: 1616: Enter: kvpairs is screen_state=on
06-10 00:59:02.072  1983  5295 D AHAL: AudioVoice: VoiceSetParameters: 122: Enter params: screen_state=on
06-10 00:59:02.072  1983  5295 D AHAL: AudioVoice: VoiceSetParameters: 379: Exit ret: 0
06-10 00:59:02.072  1983  5295 D AHAL: hfp: hfp_set_parameters: 444: enter
06-10 00:59:02.072  1983  5295 D AHAL: FM: fm_set_parameters: 261: Enter
06-10 00:59:02.072  1983  5295 D AHAL: FM: fm_set_parameters: 319: Exit
06-10 00:59:02.072  1983  5295 D AHAL: Loopback_karaoke: karaoke_set_parameters: 394: Enter
06-10 00:59:02.072  1983  5295 D AHAL: Loopback_karaoke: karaoke_set_parameters: 501: Exit
06-10 00:59:02.072  1983  5295 D AHAL: AudioDevice: SetParameters: 1721: enter fcsam_setParameters_v2
06-10 00:59:02.072  1983  5295 D AHAL: AudioDevice: SetParameters: 1751:  - screen = on
06-10 00:59:02.072  1983  5295 D PAL: API: pal_set_param: 1133: Enter: param id 8 (PAL_PARAM_ID_SCREEN_STATE)
06-10 00:59:02.072  1983  5295 D PAL: ResourceManager: setParameter: 9202: Enter param id: 0x8 (PAL_PARAM_ID_SCREEN_STATE)
06-10 00:59:02.072  1983  5295 I PAL: ResourceManager: setParameter: 9225: Screen State:1
06-10 00:59:02.072  1983  5295 D PAL: ResourceManager: setParameter: 10303: Exit status: 0
06-10 00:59:02.072  1983  5295 D PAL: API: pal_set_param: 1148: Exit, status 0
06-10 00:59:02.072  1983  5295 D AHAL: AudioDevice: SetParameters: 2386: Exit: -2
06-10 00:59:02.073  1983  5295 D r_submix: adev_set_parameters() kvpairs='screen_state=on'
06-10 00:59:02.071  2843  2843 D NetworkMetricsTracker: onDisplayChanged mIsScreenOn=true
06-10 00:59:02.073  2843  5223 D NetworkMetricsTracker: onUpdateDeviceState mIsScreenOn=true,mIsMobileDataOn=false,mIsCallStateIdle=true,mIsFeatureEnable=true,mIsStaticStatus=true,mIsCallStateLingering=false,mIsSelfStudyEnabled=false
06-10 00:59:02.074  6104  6811 D FiveGPowerController: onDisplayChanged to STATE ON
06-10 00:59:02.074  6104  6811 D FiveGPowerController: onDisplayChanged isLastScreenOn is still on,ignore current displayChanged!!!
06-10 00:59:02.074 32421 32566 I BtGatt.ScanManager: msg.what = MSG_SCREEN_ON, msg.arg1 = None
06-10 00:59:02.075  2843  2859 I BLASTSyncEngine: SyncGroup 16098:  Unfinished container:ActivityRecord{1119abb u0 com.miui.home/.launcher.Launcher t2}
06-10 00:59:02.075  2843  2859 I BLASTSyncEngine: isActivitySyncFinished isSyncFinished false ActivityRecord{1119abb u0 com.miui.home/.launcher.Launcher t2}
06-10 00:59:02.071  6116  6116 D BadgeCoordinator: recevie broadbcast ACTION_APPLICATION_MESSAGE_QUERY, requestFirstTime=false
06-10 00:59:02.076  6116  6910 D MiuiGxzwAnimView: onDisplayChanged: oldState = 2, newState = 2
06-10 00:59:02.076  7000  7000 D MiuiFastConnectService_Plugin: onReceive(): action = com.xiaomi.joyose.GAME_START
06-10 00:59:02.076  7000  7000 D MiuiFastConnectService_Plugin: game_start_state: false
06-10 00:59:02.074  8761  8761 W rsonalassistant: type=1400 audit(0.0:1456099): avc:  denied  { read } for  name="u:object_r:vendor_display_prop:s0" dev="tmpfs" ino=503 scontext=u:r:untrusted_app:s0:c512,c768 tcontext=u:object_r:vendor_display_prop:s0 tclass=file permissive=0 app=com.miui.personalassistant
06-10 00:59:02.074  6145  6145 W com.miui.home: type=1400 audit(0.0:1456100): avc:  denied  { read } for  name="u:object_r:vendor_display_prop:s0" dev="tmpfs" ino=503 scontext=u:r:platform_app:s0:c512,c768 tcontext=u:object_r:vendor_display_prop:s0 tclass=file permissive=0 app=com.miui.home
06-10 00:59:02.074  6145  6145 W com.miui.home: type=1400 audit(0.0:1456101): avc:  denied  { read } for  name="u:object_r:vendor_display_prop:s0" dev="tmpfs" ino=503 scontext=u:r:platform_app:s0:c512,c768 tcontext=u:object_r:vendor_display_prop:s0 tclass=file permissive=0 app=com.miui.home
06-10 00:59:02.077  6104  6893 D MiuiDualMobileTrafficStats[0] : onDisplayChanged: displayId = 0
06-10 00:59:02.077 13147 13387 D VA_ActivityUtils: getTopActivity packageName:ComponentInfo{com.DefaultCompany.HybridCLR/com.unity3d.player.UnityPlayerActivity}
06-10 00:59:02.077 13147 13387 D VA_AppStateWatcher: currentPkgName:com.DefaultCompany.HybridCLR, lastPkgName:com.DefaultCompany.HybridCLR
06-10 00:59:02.077 13147 13387 E VA_AppStateWatcher: handleMessage: return!
06-10 00:59:02.077  6104  6894 D MiuiDualMobileTrafficStats[1] : onDisplayChanged: displayId = 0
06-10 00:59:02.077  8761  8761 W libc    : Access denied finding property "vendor.display.enable_optimal_refresh_rate"
06-10 00:59:02.077  6145  6145 D PassBlur: checkConfigRot blurRot:0 will 0 (false ? -1 : 0 + 0) amRot 0 0
06-10 00:59:02.077  8761  8761 W libc    : Access denied finding property "vendor.gpp.create_frc_extension"
06-10 00:59:02.077  6104  6896 D ServiceStateMonitor: handleMessage=2
06-10 00:59:02.077  2843  2872 D WindowManager: Collecting in transition 16098: WallpaperWindowToken{1037319 token=android.os.Binder@88d0260} init visibleRequested:false
06-10 00:59:02.078  2843  2872 D WindowManager: linkFixedRotationTransform WallpaperWindowToken{1037319 token=android.os.Binder@88d0260} other=ActivityRecord{1119abb u0 com.miui.home/.launcher.Launcher t2}
06-10 00:59:02.077  6116  6116 V AODAutoDensityController: on display changed 0 context dpi:586 origin dpi:560 target dpi:586
06-10 00:59:02.078  6116  6116 V AutoDensityController: on display changed 0 context dpi:586 origin dpi:560 target dpi:586
06-10 00:59:02.078  6145  6145 W libc    : Access denied finding property "vendor.display.enable_optimal_refresh_rate"
06-10 00:59:02.078  6145  6145 W libc    : Access denied finding property "vendor.gpp.create_frc_extension"
06-10 00:59:02.078  6116  6116 D ControlCenterWindowViewController: on display changed 0
06-10 00:59:02.078  6145  6145 D PassBlur: checkConfigRot blurRot:0 will 0 (false ? -1 : 0 + 0) amRot 0 0
06-10 00:59:02.078  6145  6145 D PassBlur: checkSurTexSize mDispRect [0,0][360,800], configRot 0, mSurfaceSize.XY 1440 3200
06-10 00:59:02.079  6145  6145 W libc    : Access denied finding property "vendor.display.enable_optimal_refresh_rate"
06-10 00:59:02.079  6145  6145 W libc    : Access denied finding property "vendor.gpp.create_frc_extension"
06-10 00:59:02.079  6145  6145 D SurfaceComposerClient: PassBlur, Transaction setUpdateTextureFlag 1 0.2500
06-10 00:59:02.079  8761  8761 I NavBarHelper: mHasNavBar = true,mIsFSGOpen = true,mIsHideGestureLine = true
06-10 00:59:02.079  8761  8761 I AssistContentView: onApplyWindowInsets : false
06-10 00:59:02.079  8761  8761 D VRI[personalassistant]: vri.reportNextDraw android.view.ViewRootImpl.performTraversals:4958 android.view.ViewRootImpl.doTraversal:3557 android.view.ViewRootImpl$TraversalRunnable.run:11581 android.view.Choreographer$CallbackRecord.run:1747 android.view.Choreographer$CallbackRecord.run:1756 
06-10 00:59:02.079  5967  5967 D MiWallpaper-SnowmountainSuperWallpaper: refresh_rate120
06-10 00:59:02.079  8761  8761 D VRI[personalassistant]: vri.Setup new sync=wmsSync-VRI[personalassistant]#66
06-10 00:59:02.079  5967  5967 D MiWallpaper-SnowmountainSuperWallpaper: sendUnityMessage real Refresh_120 time: 1749488342079
06-10 00:59:02.079  6104  6844 D TelephonySensorManager: msg.what = 5
06-10 00:59:02.079 10813 17701 W ContextImpl: Calling a method in the system process without a qualified user: android.app.ContextImpl.sendStickyBroadcast:1627 android.content.ContextWrapper.sendStickyBroadcast:693 com.xiaomi.joyose.smartop.gamebooster.control.f.a:523 com.xiaomi.joyose.smartop.smartp.SmartPPkgStatusManager.f:19 com.xiaomi.joyose.smartop.smartp.SmartPPkgStatusManager.a:0 
06-10 00:59:02.069  8854 10910 D FreeformUtil: retrieveFirstNoFreeformRootTaskInfo: windowMode = 1
06-10 00:59:02.080  8854 10910 I VideoToolBoxService: not support vtb. skipExit : false
06-10 00:59:02.080  6145  6145 D RecentsContainer: onApplyWindowInsets, insets=WindowInsets{
06-10 00:59:02.080  6145  6145 D RecentsContainer:     statusBars=null max=Insets{left=0, top=123, right=0, bottom=0} vis=false boundingRects=null maxBoundingRects=[Rect(0, 0 - 1440, 123)]
06-10 00:59:02.080  6145  6145 D RecentsContainer:     navigationBars=null max=null vis=false boundingRects=null maxBoundingRects=null
06-10 00:59:02.080  6145  6145 D RecentsContainer:     captionBar=null max=null vis=false boundingRects=null maxBoundingRects=null
06-10 00:59:02.080  6145  6145 D RecentsContainer:     ime=null max=null vis=false boundingRects=null maxBoundingRects=null
06-10 00:59:02.080  6145  6145 D RecentsContainer:     systemGestures=Insets{left=0, top=164, right=0, bottom=0} max=Insets{left=0, top=164, right=0, bottom=0} vis=true boundingRects=[Rect(0, 0 - 1440, 164)] maxBoundingRects=[Rect(0, 0 - 1440, 164)]
06-10 00:59:02.080  6145  6145 D RecentsContainer:     mandatorySystemGestures=Insets{left=0, top=164, right=0, bottom=0} max=Insets{left=0, top=164, right=0, bottom=0} vis=true boundingRects=[Rect(0, 0 - 1440, 164)] maxBoundingRects=[Rect(0, 0 - 1440, 164)]
06-10 00:59:02.080  6145  6145 D RecentsContainer:     tappableElement=Insets{left=0, top=123, right=0, bottom=0} max=Insets{left=0, top=123, right=0, bottom=0} vis=true boundingRects=[Rect(0, 0 - 1440, 123)] maxBoundingRects=[Rect(0, 0 - 1440, 123)]
06-10 00:59:02.080  6145  6145 D RecentsContainer:     displayCutout=Insets{left=0, top=122, right=0, bottom=0} max=Insets{left=0, top=122, right=0, bottom=0} vis=true boundingRects=[Rect(0, 0 - 1440, 122)] maxBoundingRects=[Rect(0, 0 - 1440, 122)]
06-10 00:59:02.080  6145  6145 D RecentsContainer:     windowDecor=null max=null vis=false boundingRects=null maxBoundingRects=null
06-10 00:59:02.080  6145  6145 D RecentsContainer:     systemOverlays=null max=null vis=false boundingRects=null maxBoundingRects=null
06-10 00:59:02.080  6145  6145 D RecentsContainer:     cutout=DisplayCutout{insets=Rect(0, 122 - 0, 0) waterfall=Insets{left=0, top=0, right=0, bottom=0} boundingRect={Bounds=[Rect(0, 0 - 0, 0), Rect(678, 0 - 762, 122), Rect(0, 0 - 0, 0), Rect(0, 0 - 0, 0)]} cutoutPathParserInfo={CutoutPathParserInfo{displayWidth=1440 displayHeight=3200 physicalDisplayWidth=1440 physicalDisplayHeight=3200 density={3.5} cutoutSpec={M 0,0 H -42 V 122 H 42 V 0 H 0 Z} rotation={0} scale={1.0} physicalPixelDisplaySizeRatio={1.0}}} sideOverrides={}}
06-10 00:59:02.080  6145  6145 D RecentsContainer:     roundedCorners=RoundedCorners{[RoundedCorner{position=TopLeft, radius=140, center=Point(140, 140)}, RoundedCorner{position=TopRight, radius=140, center=Point(1300, 140)}, RoundedCorner{position=BottomRight, radius=140, center=Point(1300, 3060)}, RoundedCorner{position=BottomLeft, radius=140, center=Point(140, 3060)}]}
06-10 00:59:02.080  6145  6145 D RecentsContainer:     privacyIndicatorBounds=PrivacyIndicatorBounds {static bounds=Rect(49, 0 - 95, 123) rotation=0}
06-10 00:59:02.080  6145  6145 D RecentsContainer:     displayShape=DisplayShape{ spec=1406003047 displayWidth=1440 displayHeight=3200 physicalPixelDisplaySizeRatio=1.0 rotation=0 offsetX=0 offsetY=0 scale=1.0}
06-10 00:59:02.080  6145  6145 D RecentsContainer:     forceConsumingTypes=
06-10 00:59:02.080  6145  6145 D RecentsContainer:     suppressScrimTypes=
06-10 00:59:02.080  6145  6145 D RecentsContainer:     compatInsetsTypes=statusBars navigationBars captionBar displayCutout systemOverlays
06-10 00:59:02.080  6145  6145 D RecentsContainer:     compatIgnoreVisibility=true
06-10 00:59:02.080  6145  6145 D RecentsContainer:     systemWindowInsetsConsumed=false
06-10 00:59:02.080  6145  6145 D RecentsContainer:     stableInsetsConsumed=false
06-10 00:59:02.080  6145  6145 D RecentsContainer:     displayCutoutConsumed=false
06-10 00:59:02.080  6145  6145 D RecentsContainer:     
06-10 00:59:02.080  6145  6145 D RecentsContainer:     frameWidth=1440
06-10 00:59:02.080  6145  6145 D RecentsContainer:     frameHeight=3200}, rotation=0
06-10 00:59:02.080  6145  6145 D RecentsContainer: modifySystemInsets: systemInsets= Rect(0, 123 - 0, 0) modifySystemInsets= Rect(0, 123 - 0, 0)
06-10 00:59:02.080  8854 10910 D AppPredictManager: ForegroundAppChange: com.miui.home, ignore !
06-10 00:59:02.080  8854 10910 I AppPredictService: difTIme = 50384
06-10 00:59:02.080  6145  6145 D VRI[Launcher]: vri.reportNextDraw android.view.ViewRootImpl.performTraversals:4958 android.view.ViewRootImpl.doTraversal:3557 android.view.ViewRootImpl$TraversalRunnable.run:11581 android.view.Choreographer$CallbackRecord.run:1747 android.view.Choreographer$CallbackRecord.run:1756 
06-10 00:59:02.080  6145  6145 D VRI[Launcher]: vri.Setup new sync=wmsSync-VRI[Launcher]#0
06-10 00:59:02.080  8854 10491 E SuggestManager: openApp name = com.miui.home
06-10 00:59:02.080  8854 10491 I NewAutoTaskManager: app use - delay = 9223372036854775807, doRemove = false, doPost = false
06-10 00:59:02.081  2843  2872 I BLASTSyncEngine: SyncGroup 16098:  Unfinished container:ActivityRecord{1119abb u0 com.miui.home/.launcher.Launcher t2}
06-10 00:59:02.081  2843  2872 I BLASTSyncEngine: isActivitySyncFinished isSyncFinished false ActivityRecord{1119abb u0 com.miui.home/.launcher.Launcher t2}
06-10 00:59:02.081 10813 17701 W ContextImpl: Calling a method in the system process without a qualified user: android.app.ContextImpl.sendStickyBroadcast:1627 android.content.ContextWrapper.sendStickyBroadcast:693 com.xiaomi.joyose.smartop.gamebooster.control.f.a:531 com.xiaomi.joyose.smartop.smartp.SmartPPkgStatusManager.f:19 com.xiaomi.joyose.smartop.smartp.SmartPPkgStatusManager.a:0 
06-10 00:59:02.081  8854 10910 I BeautyService: onForegroundInfoChanged: Cur=com.miui.home	 last=com.DefaultCompany.HybridCLR
06-10 00:59:02.082  5967  5967 D MiWallpaper-SnowmountainSuperWallpaper: Engine onOffsetsChanged super wallpaper-xOffset=1.0;yOffset=0.0;xOffsetStep=0.33333334;yOffsetStep=0.0;xPixelOffset=-1760;yPixelOffset=0
06-10 00:59:02.082  5967  5967 D MiWallpaper-SnowmountainSuperWallpaper: Engine onVisibilityChanged, visible: true mIsPreview = false
06-10 00:59:02.082  5967  5967 D MiWallpaper-SnowmountainSuperWallpaper: unityResume
06-10 00:59:02.082  2843  2872 I BLASTSyncEngine: SyncGroup 16098:  Unfinished container:ActivityRecord{1119abb u0 com.miui.home/.launcher.Launcher t2}
06-10 00:59:02.082  2843  2872 I BLASTSyncEngine: isActivitySyncFinished isSyncFinished false ActivityRecord{1119abb u0 com.miui.home/.launcher.Launcher t2}
06-10 00:59:02.083 10395 10525 D MilletUtils: setUidState, uid = 10129 allow = true
06-10 00:59:02.083  2843  6956 D MiSensorServiceImpl: PowerKeeperSensor resume iUid:10129 but app has not in Controlled
06-10 00:59:02.084  2250  2250 E PassBlur: PassBlur.construct com.miui.home/com.miui.home.launcher.Launcher#181330
06-10 00:59:02.084  2250  2250 W libc    : Access denied finding property "vendor.gpp.create_frc_extension"
06-10 00:59:02.086  2843  6518 I BLASTSyncEngine: SyncGroup 16098:  Unfinished container:ActivityRecord{1119abb u0 com.miui.home/.launcher.Launcher t2}
06-10 00:59:02.086  2843  6518 I BLASTSyncEngine: isActivitySyncFinished isSyncFinished false ActivityRecord{1119abb u0 com.miui.home/.launcher.Launcher t2}
06-10 00:59:02.087  2843  2869 W WindowManager:  displayMetricsChanged=false physicalDisplayChanged=false displayId=0 newUniqueId=local:4630946545580055171 currentUnique=local:4630946545580055171
06-10 00:59:02.087  2843  2869 D DisplayContentStubImpl: Display{#0 state=ON size=1440x3200 ROTATION_0} isActivityEmbeddingSplitEnable false
06-10 00:59:02.088  2843  2869 I BLASTSyncEngine: SyncGroup 16098:  Unfinished container:ActivityRecord{1119abb u0 com.miui.home/.launcher.Launcher t2}
06-10 00:59:02.088  2843  2869 I BLASTSyncEngine: isActivitySyncFinished isSyncFinished false ActivityRecord{1119abb u0 com.miui.home/.launcher.Launcher t2}
06-10 00:59:02.088  2843  5454 D WifiFeatureControl: gameState: false, battleState: false
06-10 00:59:02.089  2843  2872 I ActivityTaskManager: visible for Task{dc8460f #7394 type=standard A=10314:com.DefaultCompany.HybridCLR} visible = true isAnimating = false TRANSITION = false PARENTS = false CHILDREN = false
06-10 00:59:02.089  6145  6145 D DragContainerLayout: dispatch draw with clip rect: null
06-10 00:59:02.089 32421 21857 D BtGatt.ScanManagerInjector: onEvent() - mForegroundGameUid = -1
06-10 00:59:02.089  6104  6826 D NetworkSpeedTracker: onDisplayChanged mIsScreenOn=true
06-10 00:59:02.089  6104  6826 D NetworkSpeedTracker: onUpdateDeviceState eventType=4,mIsScreenOn=true,mIsMobileDataOn=false
06-10 00:59:02.089  6104  6826 D NetworkSpeedTracker: stopDataPoll
06-10 00:59:02.090  2843  2862 I android_os_HwBinder: HwBinder: Starting thread pool for getting: vendor.xiaomi.hardware.micharge@1.0::IMiCharge/default
06-10 00:59:02.090  5967  6029 D MiWallpaper-cong:  unity message Refresh_60 time: 1749488342090
06-10 00:59:02.090  5967  6029 D MiWallpaper-cong:  unity message Refresh_120 time: 1749488342090
06-10 00:59:02.090 13147  3583 I VA_ActivityStateHelper: activityResumed componentName ComponentInfo{com.miui.home/com.miui.home.launcher.Launcher}
06-10 00:59:02.090  5967  6029 D MiWallpaper-cong:  unity message Refresh_60 time: 1749488342090
06-10 00:59:02.090  5967  6029 D MiWallpaper-cong:  unity message Refresh_120 time: 1749488342090
06-10 00:59:02.090  2843  6957 D ProcessManager: pms : packageName = com.DefaultCompany.HybridCLR gameScene =0 appState = 4
06-10 00:59:02.091  2143  5195 I vendor.xiaomi.hardware.micharge@1.0-service: ReadFilePathValue path = /sys/class/qcom-battery/pd_verifed value = 0
06-10 00:59:02.091  8761  8803 I travelService_ActivityObserverUtils: activityResumed ComponentInfo{com.miui.home/com.miui.home.launcher.Launcher}
06-10 00:59:02.091  8761  8803 I travelService_TopActivityMonitor: appUmeInfoListFromServer is null
06-10 00:59:02.091  8761  8803 I travelService_TopActivityMonitor: user change app but last app packageName out of ume range
06-10 00:59:02.091  8761  8803 I travelService_TopActivityMonitor: appInfoListFromServer is null
06-10 00:59:02.091  8761  8803 I travelService_TopActivityMonitor: user change app but last app packageName out of crgt range
06-10 00:59:02.091 10813 17701 I GameSceneIdSender: sendGameSceneId, gamePackage: com.DefaultCompany.HybridCLR, sceneId: SCENE_ID_DEFAULT-0, gameStatus: GAME_GOTO_BACKGROUND-4
06-10 00:59:02.091 10813 17701 E g_AT    : is not perf version
06-10 00:59:02.092 10813 17701 E SmartPhoneTag_j: RELEASE RET: 1
06-10 00:59:02.092 10813 17701 I GameSAGTMonitor: SAGT release handleID is 0
06-10 00:59:02.092 10813 17701 E GameSAGTMonitor: setSagtAutoPenityClose
06-10 00:59:02.092 13147  3583 I VA_ActivityStateHelper: activityResumed mAiSkillPush is false
06-10 00:59:02.092  9385  2916 I AIRC_CounterTrack: collect: signal-TopActivityPerception
06-10 00:59:02.093  9385  2916 I MMKV    : <MMKV.cpp:1170::sync> MMKV::sync, SyncFlag = 1
06-10 00:59:02.097  2250  5775 D MI-SF   : updateGameFlag 0
06-10 00:59:02.097 21652 10582 D AppUpdateXmsfLauncher: activityResumed intent : Intent { cmp=com.miui.home/.launcher.Launcher (has extras) }
06-10 00:59:02.098 10512 20554 D auth    : [XMS][Auth] ActivityObserver activityResumed packageName: com.miui.home
06-10 00:59:02.098  8761  8803 I ActivityObserverUtil: activityResumed ComponentInfo{com.miui.home/com.miui.home.launcher.Launcher}
06-10 00:59:02.098  6104  6844 D TelephonySensorManager: already registered:33171034
06-10 00:59:02.098  6104  6844 D TelephonySensorManager: insterenSim: true, airplaneMode: false, screenOn: true, enabled: true, cloudDisabled: false
06-10 00:59:02.098  6104  6844 D TelephonySensorManager: already registered:33171094
06-10 00:59:02.099  8761  8803 I TopActivityMonitor: send TopActivityChangeEvent=TopActivityChangeEvent(prev=ComponentInfo{com.DefaultCompany.HybridCLR/com.unity3d.player.UnityPlayerActivity}, current=ComponentInfo{com.miui.home/com.miui.home.launcher.Launcher},appChanged=true)
06-10 00:59:02.099  6104  7254 D DataLowLatencyServiceEnhanced: handleMessage msg.what:4
06-10 00:59:02.100 10813 17701 I GID     : PKG: com.miui.home IG ? false
06-10 00:59:02.100  5967  5967 D MiWallpaper-SnowmountainSuperWallpaper: Engine onVisibilityChanged, holder != null true
06-10 00:59:02.100  5967  5967 D MiWallpaper-SnowmountainSuperWallpaper: Engine onVisibilityChanged,mHolder.getSurface() =  Surface(name=null mNativeObject=-5476376610625043280)/@0x75c3394
06-10 00:59:02.100  5967  5967 D MiWallpaper-SnowmountainSuperWallpaper: Engine onVisibilityChanged, visible2: true mIsPreview = false 1
06-10 00:59:02.101  6145  6322 D HWUI    : backgroundBlur     makeBackGroundImage if(!mSnapshot && mSurfaceTex). will return
06-10 00:59:02.101 32421  3581 D BtGatt.ScanManagerInjector: resume scans when game stop 
06-10 00:59:02.101  6145  6322 E HWUI    : backgroundBlur,     drawChildBackground src is null., src(196.999985|149.000031|247.249985|199.250031)
06-10 00:59:02.102 10813 17701 I GID     : PKG: com.miui.home IG ? false
06-10 00:59:02.102  6145  6322 D HWUI    : backgroundBlur     makeBackGroundImage if(!mSnapshot && mSurfaceTex). will return
06-10 00:59:02.102 10813 17701 W ContextImpl: Calling a method in the system process without a qualified user: android.app.ContextImpl.sendBroadcast:1260 android.content.ContextWrapper.sendBroadcast:522 v.d.i:39 com.xiaomi.joyose.smartop.gamebooster.control.f.a:2099 com.xiaomi.joyose.smartop.smartp.SmartPPkgStatusManager.f:19 
06-10 00:59:02.103 32421 32566 I BtGatt.ScanManager: msg.what = MSG_RESUME_SCANS, msg.arg1 = GAME_MODE
06-10 00:59:02.103 32421 32566 D BtGatt.ScanManager: handling starting scan
06-10 00:59:02.104  2843  6957 I BLASTSyncEngine: SyncGroup 16098:  Unfinished container:ActivityRecord{1119abb u0 com.miui.home/.launcher.Launcher t2}
06-10 00:59:02.104  2843  6957 I BLASTSyncEngine: isActivitySyncFinished isSyncFinished false ActivityRecord{1119abb u0 com.miui.home/.launcher.Launcher t2}
06-10 00:59:02.104  2843  2859 W ActivityManagerServiceImpl: Sending non-protected broadcast com.android.phone.intent.action.CHANGE_LEVEL from system 10813:com.xiaomi.joyose/1000 pkg com.xiaomi.joyose. Callers=
06-10 00:59:02.104 32421 32566 V BtGatt.ScanManager: isForeground: true for com.xiaomi.bluetooth:1002
06-10 00:59:02.105 32421 32566 D BtGatt.ScanManager: Scan mode update during screen on from 0 to 0
06-10 00:59:02.105 32421 32566 D BtGatt.ScanManager: processBeforeScanModeChange: Not started yet
06-10 00:59:02.105 32421 32566 D BtGatt.ScanManager: track LE scan event: callerPackage = [com.xiaomi.bluetooth], scanMode = [0], reportDelayMillis = [0], behavior = [769], scannerId = [2], duration = [0]
06-10 00:59:02.105 10813 17701 I GameBoosterUtils: setNetworkLowDelayPolicy, enable: false
06-10 00:59:02.105  5967  5967 D MiWallpaper-SnowmountainSuperWallpaper: Engine onOffsetsChanged super wallpaper-xOffset=1.0;yOffset=0.0;xOffsetStep=0.33333334;yOffsetStep=0.0;xPixelOffset=-1760;yPixelOffset=0
06-10 00:59:02.105  5967  5967 D MiWallpaper-SnowmountainSuperWallpaper: refresh_rate120
06-10 00:59:02.106 10813 17701 E SmartPhoneTag_j: RELEASE RET: 1
06-10 00:59:02.106  2843  2872 I BLASTSyncEngine: SyncGroup 16098:  Unfinished container:ActivityRecord{1119abb u0 com.miui.home/.launcher.Launcher t2}
06-10 00:59:02.106  2843  2872 I BLASTSyncEngine: isActivitySyncFinished isSyncFinished false ActivityRecord{1119abb u0 com.miui.home/.launcher.Launcher t2}
06-10 00:59:02.106 10813 17701 I SmartPhoneTag_g: BL: getEND block: false blockNew: 0
06-10 00:59:02.107 32421 32566 I bt_shim_scanner: packages/modules/MiuiBluetooth/system/main/shim/le_scanning_manager.cc:283 ScanFilterEnable: in shim layer
06-10 00:59:02.107 32421 32507 D BT_OneTrack_I/F: region:CN
06-10 00:59:02.107 10813 17701 E SmartPhoneTag_j: RELEASE RET: 1
06-10 00:59:02.107 32421 32550 D BtGatt.ScanHelper: onScanFilterEnableDisabled() - clientIf=2, status=0, action=1
06-10 00:59:02.107 32421 32550 D BtGatt.ScanManager: callback done for scannerId - 2 status - 0
06-10 00:59:02.107 32421 32566 D BtGatt.ScanManager: configureScanFilters rssiThreshold: -128, 0
06-10 00:59:02.107 32421 32566 I bt_shim_scanner: packages/modules/MiuiBluetooth/system/main/shim/le_scanning_manager.cc:259 ScanFilterAdd: in shim layer
06-10 00:59:02.107 10813 17701 I SmartPhoneTag_g: BL: getEND block: false blockNew: 0
06-10 00:59:02.107 32421 32550 D BtGatt.ScanHelper: onScanFilterConfig() - clientIf=2, action = 0 status = 0, filterType=0, availableSpace=0
06-10 00:59:02.107 32421 32550 D BtGatt.ScanManager: callback done for scannerId - 2 status - 0
06-10 00:59:02.107 32421 32566 D BtGatt.ScanManager: configureFilterParamter 500 10000 1 0 rssiThreshold -128
06-10 00:59:02.107 32421 32566 I bt_shim_scanner: packages/modules/MiuiBluetooth/system/main/shim/le_scanning_manager.cc:221 ScanFilterParamSetup: in shim layer, clientIf=2
06-10 00:59:02.108  6145  6145 D VRI[Launcher]: vri.reportDrawFinished
06-10 00:59:02.107 32421 32550 D BtGatt.ScanHelper: onScanFilterParamsConfigured() - clientIf=2, status=0, action=0, availableSpace=0
06-10 00:59:02.108 32421 32550 D BtGatt.ScanManager: callback done for scannerId - 2 status - 0
06-10 00:59:02.108  6104  6104 D Modem_MESystem: GAME_SCENE_NEW forgroud=1
06-10 00:59:02.108  6104  7409 D Modem_ModemEnhanceMain: handleMessage msg id: 15
06-10 00:59:02.108  6104  7409 D Modem_ModemEnhanceMain: handleMessage msg id: 15 value=false
06-10 00:59:02.108  6104  7409 D Modem_MEModuleSignal: onStateChanged: type = 15, value = false
06-10 00:59:02.108  6104  7409 D Modem_MEModuleSignalGesture: onStateChanged: type = 15, value = false
06-10 00:59:02.108  6104  7409 D Modem_MEModuleSignalGesture: isGameState = false
06-10 00:59:02.108  6104  7409 D Modem_MESensor: stopListenSensor type=14
06-10 00:59:02.108  6145  6145 I Launcher.widget: onInvisible com.clover.daysmatter.ui.widget.SingleEventFlatWidget
06-10 00:59:02.108  6145  6145 I Launcher.widget: onInvisible cn.ninebot.device.appWidget.widget.MiddleDeviceAppWidget
06-10 00:59:02.108  6104  6104 D NetworkMetricsController: receive actioncom.android.phone.intent.action.CHANGE_LEVEL
06-10 00:59:02.109 32421 32566 I bt_shim_scanner: packages/modules/MiuiBluetooth/system/main/shim/le_scanning_manager.cc:259 ScanFilterAdd: in shim layer
06-10 00:59:02.109  6104  6104 D OemDataEnhance: mIntentReceiver action=com.android.phone.intent.action.CHANGE_LEVEL
06-10 00:59:02.109  6104  6843 D HingeNetworkManager: EVENT_SET_LEVEL
06-10 00:59:02.109  6104  6866 D OemDataEnhance: setGamingModeStatus gameStatus=1,phoneId=1
06-10 00:59:02.109  6145  6145 W Launcher: onDisplayChanged: newRotation=1, mCurrentRotation=1
06-10 00:59:02.109  6104  6866 D MI_RIL_OEM_HOOK(com.android.phone): MI_DECOUPLE_HOOK-legacy, qcRilFeatureCtlCmnLegacy, phoneId = 1, ctlCode = 1, featureType = 51
06-10 00:59:02.109  2843  6957 I SensorService: 	>>> actuating h/w activate handle=0x100010f enabled=0
06-10 00:59:02.109  6104  6866 D MI_RIL_OEM_HOOK(com.android.phone): MI_DECOUPLE_HOOK-legacy, sendRilOemHookMsgAsync: Outgoing Data is 514f454d484f4f4bb002080004000000330000000100000001000000
06-10 00:59:02.109  6145  6145 W GestureStateMachine: AppWaitToDragState msg=3, mMsgUpType = -1
06-10 00:59:02.109  6145  6145 D NavStubView: onPointEvent: rawX=2067.6006   rawY=1219.0498   action=2   mIsInFsMode=false
06-10 00:59:02.109  6145  6145 I GestureStateMachine: getCurrentState = com.miui.home.recents.GestureStateMachine$AppWaitToDragState@b94e49f
06-10 00:59:02.109  6145  6145 W Launcher: onDisplayChanged: newRotation=1, mCurrentRotation=1
06-10 00:59:02.109  6145  6145 D NavStubView: onTouchEvent: action=2, count=1
06-10 00:59:02.109  6145  6145 D NavStubView: remove LongPress check
06-10 00:59:02.110  6145  6145 D backgroundBlur: setBackgroundBlurRadius 33 com.miui.home.launcher.BlurView hashcode 579164
06-10 00:59:02.110  6145  6145 D PassBlur: textureState not update, view com.miui.home.launcher.BlurView{8d65c V.ED..... ........ 0,0-1440,3200 #7f0a020f app:id/launcher_blur_view} visible is true
06-10 00:59:02.110  6145  6145 D backgroundBlur: clearMiBackgroundBlendColors com.miui.home.launcher.BlurView
06-10 00:59:02.110  6145  6145 D backgroundBlur: enablePassWindowBlur has set com.miui.home.launcher.BlurView enable:true
06-10 00:59:02.110  2843  2872 I WindowManager: wms.showSurfaceRobustly mWin:Window{a6e60d9 u0 com.miui.miwallpaper.snowmountain.superwallpaper.SnowmountainSuperWallpaper}
06-10 00:59:02.110 32421 32550 D BtGatt.ScanHelper: onScanFilterConfig() - clientIf=2, action = 0 status = 0, filterType=0, availableSpace=0
06-10 00:59:02.110 32421 32550 D BtGatt.ScanManager: callback done for scannerId - 2 status - 0
06-10 00:59:02.110  6104  7254 D DataLowLatencyServiceEnhanced: Low Latency Level Changed Event Received
06-10 00:59:02.110  6104  7254 D DataLowLatencyServiceEnhanced: handleMessage msg.what:2
06-10 00:59:02.110  2843  2872 I ActivityTaskManager: visible for Task{dc8460f #7394 type=standard A=10314:com.DefaultCompany.HybridCLR} visible = true isAnimating = false TRANSITION = false PARENTS = false CHILDREN = false
06-10 00:59:02.110  6104  7254 D DataLowLatencyServiceEnhanced: setLevel: rat[0],level_ul[1],level_dl[1],slotid[1],enableConnectionEx[false],scene[0]
06-10 00:59:02.110  6104  7254 D DataLowLatencyServiceEnhanced: getDefaultConfig slotId=1
06-10 00:59:02.112  6145  6322 D HWUI    : backgroundBlur     makeBackGroundImage if(!mSnapshot && mSurfaceTex). will return
06-10 00:59:02.112  6145  6322 E HWUI    : backgroundBlur,     drawChildBackground src is null., src(196.999985|149.000031|247.249985|199.250031)
06-10 00:59:02.112  2843  9229 D WindowManager: wms.finishDrawingLocked: mDrawState=COMMIT_DRAW_PENDING Window{1a1f3fb u0 com.miui.home/com.miui.home.launcher.Launcher} in Surface(name=com.miui.home/com.miui.home.launcher.Launcher#181330)/@0xa5fb803
06-10 00:59:02.112  6145  6322 D HWUI    : backgroundBlur     makeBackGroundImage if(!mSnapshot && mSurfaceTex). will return
06-10 00:59:02.112  1989  1989 D vendor.qti.bluetooth@1.1-wake_lock: Acquire wakelock is acquired 
06-10 00:59:02.112  6050  6050 D QcrilMsgTunnelIfaceManager: handleMessage what = 3
06-10 00:59:02.112  6050  6050 I QcrilOemhookMsgTunnel: [1]invokeOemRilRequestRaw: serial=26762 length=28
06-10 00:59:02.113  2012  2012 I sensors-hal: activate:119, android.sensor.device_orientation/271 en=0
06-10 00:59:02.113 32421 32566 D BtGatt.ScanManager: configureFilterParamter 500 10000 1 0 rssiThreshold -128
06-10 00:59:02.113 32421 32566 I bt_shim_scanner: packages/modules/MiuiBluetooth/system/main/shim/le_scanning_manager.cc:221 ScanFilterParamSetup: in shim layer, clientIf=2
06-10 00:59:02.114 32421 32550 D BtGatt.ScanHelper: onScanFilterParamsConfigured() - clientIf=2, status=0, action=0, availableSpace=0
06-10 00:59:02.114 32421 32550 D BtGatt.ScanManager: callback done for scannerId - 2 status - 0
06-10 00:59:02.114  1975  2057 E minksocket: MinkIPC_QRTR_Service: client with node 1 port 4d9a went down
06-10 00:59:02.115  2843  2872 I WindowManager: wms.showSurfaceRobustly mWin:Window{1a1f3fb u0 com.miui.home/com.miui.home.launcher.Launcher}
06-10 00:59:02.115  1975  2060 E minksocket: MinkIPC_QRTR_Service: client with node 1 port 4d9a went down
06-10 00:59:02.115  2843  2872 D WindowManager: Final targets: [Task{8b16333 #1 type=home}, Task{dc8460f #7394 type=standard A=10314:com.DefaultCompany.HybridCLR}, WallpaperWindowToken{1037319 token=android.os.Binder@88d0260}]
06-10 00:59:02.115  6104  6866 D MI_RIL_OEM_HOOK(com.android.phone): MI_DECOUPLE_HOOK-legacy, sendOemRilRequestRawAsync done
06-10 00:59:02.115  6104  6866 D MI_RIL_OEM_HOOK(com.android.phone): MI_DECOUPLE_HOOK-legacy, qcRilFeatureCtlCmnLegacy retVoid
06-10 00:59:02.115 32421 32566 D BtGatt.ScanManager: start gattClientScanNative from startRegularScan()
06-10 00:59:02.115 32421 32566 I bt_shim_scanner: packages/modules/MiuiBluetooth/system/main/shim/le_scanning_manager.cc:186 Scan: in shim layer started
06-10 00:59:02.115  6145  6145 D RecentsImpl: activityResumed in another display, appDisplayId = 0, homeDisplayId = 0
06-10 00:59:02.115  6145  6145 D RecentsImpl: mActivityStateObserver com.miui.home.launcher.Launcher
06-10 00:59:02.115 32421 32566 D BtGatt.ScanManager: configureRegularScanParams() - queue=1
06-10 00:59:02.115  6145  6145 W GestureStateMachine: AppWaitToDragState msg=2, mMsgUpType = -1
06-10 00:59:02.115  6145  6145 W GestureStateMachine: AppWaitToDragState msg=3, mMsgUpType = -1
06-10 00:59:02.115  6145  6145 D NavStubView: onPointEvent: rawX=2077.6367   rawY=1185.1094   action=2   mIsInFsMode=false
06-10 00:59:02.115  6145  6145 I GestureStateMachine: getCurrentState = com.miui.home.recents.GestureStateMachine$AppWaitToDragState@b94e49f
06-10 00:59:02.115  2012  2012 I sensors-hal: ~ssc_qmi:63, ~ssc_qmi
06-10 00:59:02.115  2012  2012 I sensors-hal: activate:130, android.sensor.device_orientation/271 en=0 completed
06-10 00:59:02.115  6145  6145 D NavStubView: onTouchEvent: action=2, count=1
06-10 00:59:02.115  6145  6145 D NavStubView: remove LongPress check
06-10 00:59:02.116  6145  6145 D backgroundBlur: setBackgroundBlurRadius 41 com.miui.home.launcher.BlurView hashcode 579164
06-10 00:59:02.116  6145  6145 D PassBlur: textureState not update, view com.miui.home.launcher.BlurView{8d65c V.ED..... ........ 0,0-1440,3200 #7f0a020f app:id/launcher_blur_view} visible is true
06-10 00:59:02.116  6145  6145 D backgroundBlur: clearMiBackgroundBlendColors com.miui.home.launcher.BlurView
06-10 00:59:02.116  6145  6145 D backgroundBlur: enablePassWindowBlur has set com.miui.home.launcher.BlurView enable:true
06-10 00:59:02.116  6145  6311 D GestureStubView_Left: gatherTransparentRegion: need render w:82  h:1920
06-10 00:59:02.116 32421 32566 I bt_shim_scanner: packages/modules/MiuiBluetooth/system/main/shim/le_scanning_manager.cc:186 Scan: in shim layer stopped
06-10 00:59:02.116 32421 32566 W BtGatt.ScanManager: trackLeScan() - mLastStartTime = 0
06-10 00:59:02.116 32421 32566 D BtGatt.ScanManager: Start gattClientScanNative with old scanMode -2147483648 new scanMode 0 ( in MS: 660 / 66, in scan unit: 660 / 66, scanPhyMask: 5 ) [ScanClient scanModeApp 0 scanModeUsed 0 [appScanStats android.uid.bluetooth:1002]]
06-10 00:59:02.116 32421 32566 W BtGatt.JNI: packages/modules/MiuiBluetooth/android/app/jni/com_android_bluetooth_gatt.cpp:1597 gattSetScanParametersNative: gattSetScanParametersNative
06-10 00:59:02.116 32421 32566 I bt_shim_scanner: packages/modules/MiuiBluetooth/system/main/shim/le_scanning_manager.cc:364 SetScanParameters: in shim layer, scannerId=2, scan_interval=1056, scan_window=105
06-10 00:59:02.116 32421 32566 I bt_shim_scanner: packages/modules/MiuiBluetooth/system/main/shim/le_scanning_manager.cc:186 Scan: in shim layer started
06-10 00:59:02.116 32421 32566 D BtGatt.ScanManager: recordNativeStartScan() - mLastNativeScanParams = 13
06-10 00:59:02.116 32421 32566 D BtGatt.ScanManager: apply scan timeout (300000)to scannerId 2
06-10 00:59:02.119 32421 32532 I bluetooth: packages/modules/MiuiBluetooth/system/gd/hci/le_scanning_manager.cc:690 stop_scan: Scanning already stopped, return!
06-10 00:59:02.119 32421 32532 I bluetooth: packages/modules/MiuiBluetooth/system/gd/hci/le_address_manager.cc:229 register_client: Client registered
06-10 00:59:02.119 32421 32532 I bluetooth: packages/modules/MiuiBluetooth/system/gd/hci/le_address_manager.cc:244 unregister_client: Client unregistered
06-10 00:59:02.119 32421 32532 I bluetooth: packages/modules/MiuiBluetooth/system/gd/hci/le_scanning_manager.cc:690 stop_scan: Scanning already stopped, return!
06-10 00:59:02.119 32421 32532 I bluetooth: packages/modules/MiuiBluetooth/system/gd/hci/le_address_manager.cc:229 register_client: Client registered
06-10 00:59:02.119  2843  2872 D WindowManager: Calling onTransitionReady info={id=16098 t=TO_FRONT f=0x80 trk=0 opt={t=FROM_STYLE} r=[0@Point(0, 0)] c=[{WCT{RemoteToken{ff5cbd6 Task{8b16333 #1 type=home}}} m=TO_FRONT f=SHOW_WALLPAPER|MOVE_TO_TOP leash=Surface(name=Task=1#47)/@0xa5e9aa2 sb=Rect(0, 0 - 3200, 1440) eb=Rect(0, 0 - 3200, 1440) d=0 endFixedRotation=0 taskParent=-1},{WCT{RemoteToken{44726d7 Task{dc8460f #7394 type=standard A=10314:com.DefaultCompany.HybridCLR}}} m=TO_BACK f=NONE leash=Surface(name=Task=7394#181298)/@0x7a20f6e sb=Rect(0, 0 - 3200, 1440) eb=Rect(0, 0 - 3200, 1440) d=0 taskParent=-1},{null m=TO_FRONT f=IS_WALLPAPER leash=Surface(name=Surface(name=WallpaperWindowToken{1037319 token=android.os.Binder@88d0260}#80)/@0x9dfcfde - rotation-leash#181332)/@0xfbbcb0 sb=Rect(0, 0 - 3200, 1440) eb=Rect(0, 0 - 1440, 3200) d=0 r=1->0:-1}] mk=[false] noAni=[false] df=[false] rsa=[false] oa=[false] nc=[0]}, mToken=Token{ecd2729 TransitionRecord{85d9fe4 id=16098 type=TO_FRONT flags=0x80}}
06-10 00:59:02.120 32421 32550 D BtGatt.ScanHelper: onScanParamSetupCompleted : 0
06-10 00:59:02.122  6116  6215 I MultiTaskingTaskRepository: needSkip: is home task
06-10 00:59:02.122  6116  6116 E onWindowDecorRectChanged: start size:0
