--------- beginning of main
06-10 00:58:59.254  2089  2276 D SDM     : HWDeviceDRM::SetupConcurrentWriteback: Tear down the Concurrent Writeback topology
06-10 00:58:59.256  2089  5138 D SDM     : HWCSession::NotifyCWBStatus: Notify the client about buffer status 0. Display: 0
06-10 00:58:59.256  2089  5138 I SDM     : HWCSession::ProcessCWBStatus: CWB queue is empty. display_index: 0
06-10 00:58:59.260  3433  5125 D libsensor-parseRGB: the value of RGB [28.812111 27.816427 26.047695]
06-10 00:58:59.312  2174  9988 D StNfcHal: (#0D713) Rx 6f 02 09 21 20 00 12 04 b3 2c 47 37 
06-10 00:58:59.312  2174  9987 D StNfcHal: HalStopTimer 
06-10 00:58:59.313  8618  9950 D libnfc_nci: nfc_ncif_process_event; NFC received ntf gid:15
06-10 00:58:59.314  8618  9950 I libnfc_nci: StFwNtfManager::handleVsLogData; data_len: 0x000C 
06-10 00:58:59.314  8618  9950 I libnfc_nci: StFwNtfManager::StSendFwLogData; send (21) 6b: 1204...
06-10 00:58:59.323  2174  9988 D StNfcHal: (#0D714) Rx 6f 02 0d 21 20 00 0a 08 01 00 01 52 b3 2c 52 bb 
06-10 00:58:59.323  2174  9987 D StNfcHal: HalStopTimer 
06-10 00:58:59.324  8618  9950 D libnfc_nci: nfc_ncif_process_event; NFC received ntf gid:15
06-10 00:58:59.324  8618  9950 I libnfc_nci: StFwNtfManager::handleVsLogData; data_len: 0x0010 
06-10 00:58:59.324  8618  9950 I libnfc_nci: StFwNtfManager::StSendFwLogData; send (21) 10b: 0a08...
06-10 00:58:59.334  2174  9988 D StNfcHal: (#0D715) Rx 6f 02 0f 21 20 00 0a 0a 07 00 03 05 00 08 b3 2c 58 2f 
06-10 00:58:59.334  2174  9987 D StNfcHal: HalStopTimer 
06-10 00:58:59.335  8618  9950 D libnfc_nci: nfc_ncif_process_event; NFC received ntf gid:15
06-10 00:58:59.335  8618  9950 I libnfc_nci: StFwNtfManager::handleVsLogData; data_len: 0x0012 
06-10 00:58:59.336  8618  9950 I libnfc_nci: StFwNtfManager::StSendFwLogData; send (21) 12b: 0a0a...
06-10 00:58:59.364  2174  9988 D StNfcHal: (#0D716) Rx 6f 02 11 21 20 00 0a 0c 19 00 05 00 ff ff 00 03 b3 2c 75 bf 
06-10 00:58:59.364  2174  9987 D StNfcHal: HalStopTimer 
06-10 00:58:59.365  8618  9950 D libnfc_nci: nfc_ncif_process_event; NFC received ntf gid:15
06-10 00:58:59.365  8618  9950 I libnfc_nci: StFwNtfManager::handleVsLogData; data_len: 0x0014 
06-10 00:58:59.366  8618  9950 I libnfc_nci: StFwNtfManager::StSendFwLogData; send (21) 14b: 0a0c...
06-10 00:58:59.377  2174  9988 D StNfcHal: (#0D717) Rx 6f 02 0f 21 20 00 0a 0a 0a 00 03 26 01 00 b3 2c 81 4d 
06-10 00:58:59.377  2174  9987 D StNfcHal: HalStopTimer 
06-10 00:58:59.378  8618  9950 D libnfc_nci: nfc_ncif_process_event; NFC received ntf gid:15
06-10 00:58:59.378  8618  9950 I libnfc_nci: StFwNtfManager::handleVsLogData; data_len: 0x0012 
06-10 00:58:59.378  8618  9950 I libnfc_nci: StFwNtfManager::StSendFwLogData; send (21) 12b: 0a0a...
06-10 00:58:59.388  2174  9988 D StNfcHal: (#0D718) Rx 6f 02 09 21 20 00 13 04 b3 2c 83 8b 
06-10 00:58:59.388  2174  9987 D StNfcHal: HalStopTimer 
06-10 00:58:59.389  8618  9950 D libnfc_nci: nfc_ncif_process_event; NFC received ntf gid:15
06-10 00:58:59.389  8618  9950 I libnfc_nci: StFwNtfManager::handleVsLogData; data_len: 0x000C 
06-10 00:58:59.389  8618  9950 I libnfc_nci: StFwNtfManager::StSendFwLogData; send (21) 6b: 1304...
06-10 00:58:59.436  2089  2799 I vendor.qti.hardware.display.composer-service: FrameNotifyProcess Sensor: notify citsensorservice to trigger cwb
06-10 00:58:59.437  3433  5124 I libsensor-parseRGB: request dump start for mRequestDisplayId 0
06-10 00:58:59.438  3433  5124 D vendor.xiaomi.sensor.citsensorservice@2.0-service: handle id:10 wxh:1536x3200 uwxuh:1440x3200 size: 14745600 fd:16 fd_meta:17 flags:0x228 usage:0x33  format:0x3 layer_count: 1 reserved_size = 0
06-10 00:58:59.441  3433  5133 I libsensor-displayalgo: the value of channelCali C:5196.594874,R:3647.524964,G:1197.079136,B:545.565998,scales C:1.187486,R:1.172675,G:1.376576,B:1.229123
06-10 00:58:59.441  3433  5133 D libsensor-displayalgo: brightness:469.000000,R:1625.792707,G:1504.745131,B:1302.244301,EVENT C:6502.500000,R:4496.000000,G:1620.500000,B:705.000000, lux: 26.661491,cct:3038.054688, irPara: 0
06-10 00:58:59.441  2089  2757 W SDM     : HWCSession::GetDisplayIndex: Display index not found for display 3.
06-10 00:58:59.441  2089  2757 D SDM     : HWCSession::SetCWBOutputBuffer: CWB config passed by cwb_client : tappoint 1  CWB_ROI : (473.000000 173.000000 714.000000 414.000000). Display 0
06-10 00:58:59.472  2089  2276 D SDM     : HWDeviceDRM::SetupConcurrentWriteback: Tear down the Concurrent Writeback topology
06-10 00:58:59.476  2089  5138 D SDM     : HWCSession::NotifyCWBStatus: Notify the client about buffer status 0. Display: 0
06-10 00:58:59.477  2089  5138 I SDM     : HWCSession::ProcessCWBStatus: CWB queue is empty. display_index: 0
06-10 00:58:59.488  3433  5125 D libsensor-parseRGB: the value of RGB [28.812111 27.816427 26.047695]
06-10 00:58:59.640  3433  5133 I libsensor-displayalgo: the value of channelCali C:5196.594874,R:3647.524964,G:1197.079136,B:545.565998,scales C:1.187486,R:1.172675,G:1.376576,B:1.229123
06-10 00:58:59.641  3433  5133 D libsensor-displayalgo: brightness:469.000000,R:1625.792707,G:1504.745131,B:1302.244301,EVENT C:6499.000000,R:4491.500000,G:1619.500000,B:704.500000, lux: 26.574076,cct:3045.085205, irPara: 0
06-10 00:58:59.653  2089  2799 I vendor.qti.hardware.display.composer-service: FrameNotifyProcess Sensor: notify citsensorservice to trigger cwb
06-10 00:58:59.653  3433  5124 I libsensor-parseRGB: request dump start for mRequestDisplayId 0
06-10 00:58:59.654  3433  5124 D vendor.xiaomi.sensor.citsensorservice@2.0-service: handle id:10 wxh:1536x3200 uwxuh:1440x3200 size: 14745600 fd:16 fd_meta:17 flags:0x228 usage:0x33  format:0x3 layer_count: 1 reserved_size = 0
06-10 00:58:59.654  2089  2757 W SDM     : HWCSession::GetDisplayIndex: Display index not found for display 3.
06-10 00:58:59.655  2089  2757 D SDM     : HWCSession::SetCWBOutputBuffer: CWB config passed by cwb_client : tappoint 1  CWB_ROI : (473.000000 173.000000 714.000000 414.000000). Display 0
06-10 00:58:59.686  2089  2276 D SDM     : HWDeviceDRM::SetupConcurrentWriteback: Tear down the Concurrent Writeback topology
06-10 00:58:59.688  2089  5138 D SDM     : HWCSession::NotifyCWBStatus: Notify the client about buffer status 0. Display: 0
06-10 00:58:59.689  2089  5138 I SDM     : HWCSession::ProcessCWBStatus: CWB queue is empty. display_index: 0
06-10 00:58:59.698  3433  5125 D libsensor-parseRGB: the value of RGB [28.812111 27.816427 26.047695]
--------- beginning of system
06-10 00:58:59.721  2843  5356 D HyperStabilitySdkService: checkDmabufStatus done, exceedLimitsList:[], totalDmabufSize:0
06-10 00:58:59.741  6116  6116 D ControlCenterHeaderExpandController: onExpansionChanged: progress =  0.0
06-10 00:58:59.748  6116  6116 D ControlCenterHeaderExpandController: onExpansionChanged: progress =  0.0
06-10 00:58:59.767  6116  6116 D ControlCenterHeaderExpandController: onExpansionChanged: progress =  0.0
06-10 00:58:59.772  6116  7513 E FrameEvents: addRelease: Did not find frame.
06-10 00:58:59.803  2174  9988 D StNfcHal: (#0D719) Rx 6f 02 0a 21 20 00 1b 05 00 b3 2d ec de 
06-10 00:58:59.804  2174  9987 D StNfcHal: HalStopTimer 
06-10 00:58:59.806  8618  9950 D libnfc_nci: nfc_ncif_process_event; NFC received ntf gid:15
06-10 00:58:59.806  8618  9950 I libnfc_nci: StFwNtfManager::handleVsLogData; data_len: 0x000D 
06-10 00:58:59.807  8618  9950 I libnfc_nci: StFwNtfManager::StSendFwLogData; send (21) 7b: 1b05...
06-10 00:58:59.811  2174  9988 D StNfcHal: (#0D71A) Rx 6f 02 3a 21 20 00 a2 0a 01 01 00 22 00 09 b3 2d ed ed a2 0a 02 03 ff f5 ff c6 b3 2d f4 6d 14 05 
06-10 00:58:59.811  2174  9988 D StNfcHal: (#0D71A) rx 01 b3 2d f4 70 a2 0a 06 03 ff e5 ff b8 b3 2d f4 74 a2 0a 07 03 00 05 ff d4 b3 2d f4 76 
06-10 00:58:59.811  2174  9987 D StNfcHal: HalStopTimer 
06-10 00:58:59.812  8618  9950 D libnfc_nci: nfc_ncif_process_event; NFC received ntf gid:15
06-10 00:58:59.812  8618  9950 I libnfc_nci: StFwNtfManager::handleVsLogData; data_len: 0x003D 
06-10 00:58:59.812  8618  9950 I libnfc_nci: StFwNtfManager::StSendFwLogData; send (21) 12b: a20a...
06-10 00:58:59.813  8618  9950 I libnfc_nci: StFwNtfManager::StSendFwLogData; send (21) 12b: a20a...
06-10 00:58:59.813  8618  9950 I libnfc_nci: StFwNtfManager::StSendFwLogData; send (21) 7b: 1405...
06-10 00:58:59.813  8618  9950 I libnfc_nci: StFwNtfManager::StSendFwLogData; send (21) 12b: a20a...
06-10 00:58:59.813  8618  9950 I libnfc_nci: StFwNtfManager::StSendFwLogData; send (21) 12b: a20a...
06-10 00:58:59.820 30505 30516 I AONFaceEnpu: frame: 1, width: 123, height: 37, center.x: 64, center.y: 202, gaze: 20
06-10 00:58:59.821 30505 30516 D AONFaceEnpu: mAONCallback mFace： 0, 0, 1
06-10 00:58:59.840  3433  5133 I libsensor-displayalgo: the value of channelCali C:5196.594874,R:3647.524964,G:1197.079136,B:545.565998,scales C:1.187486,R:1.172675,G:1.376576,B:1.229123
06-10 00:58:59.840  3433  5133 D libsensor-displayalgo: brightness:469.000000,R:1625.792707,G:1504.745131,B:1302.244301,EVENT C:6493.000000,R:4482.000000,G:1620.000000,B:705.000000, lux: 26.490643,cct:3083.732666, irPara: 0
06-10 00:58:59.869  2089  2799 I vendor.qti.hardware.display.composer-service: FrameNotifyProcess Sensor: notify citsensorservice to trigger cwb
06-10 00:58:59.870  3433  5124 I libsensor-parseRGB: request dump start for mRequestDisplayId 0
06-10 00:58:59.870  3433  5124 D vendor.xiaomi.sensor.citsensorservice@2.0-service: handle id:10 wxh:1536x3200 uwxuh:1440x3200 size: 14745600 fd:16 fd_meta:17 flags:0x228 usage:0x33  format:0x3 layer_count: 1 reserved_size = 0
06-10 00:58:59.871  2089  2757 W SDM     : HWCSession::GetDisplayIndex: Display index not found for display 3.
06-10 00:58:59.871  2089  2757 D SDM     : HWCSession::SetCWBOutputBuffer: CWB config passed by cwb_client : tappoint 1  CWB_ROI : (473.000000 173.000000 714.000000 414.000000). Display 0
06-10 00:58:59.903  2089  2276 D SDM     : HWDeviceDRM::SetupConcurrentWriteback: Tear down the Concurrent Writeback topology
06-10 00:58:59.905  2089  5138 D SDM     : HWCSession::NotifyCWBStatus: Notify the client about buffer status 0. Display: 0
06-10 00:58:59.906  2089  5138 I SDM     : HWCSession::ProcessCWBStatus: CWB queue is empty. display_index: 0
06-10 00:58:59.915  3433  5125 D libsensor-parseRGB: the value of RGB [28.812111 27.816427 26.047695]
06-10 00:59:00.003  2843  2843 W BroadcastQueue: Delivery state of BroadcastRecord{653cb1c android.intent.action.TIME_TICK/u-1} to BroadcastFilter{aa1d861 10292/u0 ReceiverList{c0c0fc8 5967 com.miui.miwallpaper.snowmountain:snowmountainSuperWallpaper/10292/u0 remote:73e786b}} via null changed from PENDING to SKIPPED because mBroadcastConsumerSkipAndCanceled
06-10 00:59:00.003  2843  2843 W BroadcastQueue: Delivery state of BroadcastRecord{653cb1c android.intent.action.TIME_TICK/u-1} to BroadcastFilter{ddc30b8 1000/u0 ReceiverList{a07c71b 6116 com.android.systemui/1000/u0 remote:1d1fd2a}} via null changed from PENDING to SKIPPED because mBroadcastConsumerSkipAndCanceled
06-10 00:59:00.003  2843  2843 W BroadcastQueue: Delivery state of BroadcastRecord{653cb1c android.intent.action.TIME_TICK/u-1} to BroadcastFilter{6dcb222 1000/u0 ReceiverList{fa123ed 6116 com.android.systemui/1000/u0 remote:f4a6204}} via null changed from PENDING to SKIPPED because mBroadcastConsumerSkipAndCanceled
06-10 00:59:00.003  2843  2843 W BroadcastQueue: Delivery state of BroadcastRecord{653cb1c android.intent.action.TIME_TICK/u-1} to BroadcastFilter{4dd249f 1000/u-1 ReceiverList{13c0e3e 6116 com.android.systemui/1000/u-1 remote:90a2ef9}} via null changed from PENDING to SKIPPED because mBroadcastConsumerSkipAndCanceled
06-10 00:59:00.004  2843  2843 W BroadcastQueue: Delivery state of BroadcastRecord{653cb1c android.intent.action.TIME_TICK/u-1} to BroadcastFilter{74deef9 1000/u0 ReceiverList{88681c0 6116 com.android.systemui/1000/u0 remote:6641743}} via null changed from PENDING to SKIPPED because mBroadcastConsumerSkipAndCanceled
06-10 00:59:00.009  6116  6116 D MiuiClockController: Listener updateTime
06-10 00:59:00.017  6116  6116 D NotificationHeaderExpandController: onExpansionChanged: progress =  0.0
06-10 00:59:00.018  6116  6116 D NotificationHeaderExpandController: onExpansionChanged: progress =  0.0
06-10 00:59:00.019  6116  6116 D ControlCenterHeaderExpandController: onExpansionChanged: progress =  0.0
06-10 00:59:00.020 30505 30516 I AONFaceEnpu: frame: 2, width: 110, height: 37, center.x: 74, center.y: 202, gaze: 0
06-10 00:59:00.021 30505 30516 D AONFaceEnpu: mAONCallback mFace： 0, 0, 1
06-10 00:59:00.033  6116  6116 D ControlCenterHeaderExpandController: onExpansionChanged: progress =  0.0
06-10 00:59:00.038  6116  6682 E FrameEvents: addRelease: Did not find frame.
06-10 00:59:00.040  3433  5133 I libsensor-displayalgo: the value of channelCali C:5196.594874,R:3647.524964,G:1197.079136,B:545.565998,scales C:1.187486,R:1.172675,G:1.376576,B:1.229123
06-10 00:59:00.040  3433  5133 D libsensor-displayalgo: brightness:469.000000,R:1625.792707,G:1504.745131,B:1302.244301,EVENT C:6460.000000,R:4474.500000,G:1604.500000,B:698.500000, lux: 25.780960,cct:2995.682129, irPara: 0
06-10 00:59:00.054  6116  6116 D ControlCenterHeaderExpandController: onExpansionChanged: progress =  0.0
06-10 00:59:00.069  2089  2799 I vendor.qti.hardware.display.composer-service: FrameNotifyProcess Sensor: notify citsensorservice to trigger cwb
06-10 00:59:00.071  3433  5124 I libsensor-parseRGB: request dump start for mRequestDisplayId 0
06-10 00:59:00.071  3433  5124 D vendor.xiaomi.sensor.citsensorservice@2.0-service: handle id:10 wxh:1536x3200 uwxuh:1440x3200 size: 14745600 fd:16 fd_meta:17 flags:0x228 usage:0x33  format:0x3 layer_count: 1 reserved_size = 0
06-10 00:59:00.072  2089  2757 W SDM     : HWCSession::GetDisplayIndex: Display index not found for display 3.
06-10 00:59:00.072  2089  2757 D SDM     : HWCSession::SetCWBOutputBuffer: CWB config passed by cwb_client : tappoint 1  CWB_ROI : (473.000000 173.000000 714.000000 414.000000). Display 0
06-10 00:59:00.079  2843  2910 D DisplayPowerControllerImpl: updateBrightnessChangeStatus: animating: true, displayState: 2, slowChange: false, appliedDimming: false, currentBrightness: 0.11466359, currentSdrBrightness: 0.11466359, targetBrightness: 8.54597E-4, targetSdrBrightness: 8.54597E-4, previousDisplayPolicy: 3, currentDisplayPolicy: 2
06-10 00:59:00.080  2843  2910 D RampRateController: updateBrightnessRate: screenBrightnessFloat: brightness rate changing from [zero_rate] to [dim_rate], rate: 0.46812636
06-10 00:59:00.080  2843  2910 D RampRateController: updateBrightnessRate: sdrScreenBrightnessFloat: brightness rate changing from [zero_rate] to [dim_rate], rate: 0.46812636
06-10 00:59:00.090  2843  2910 I DisplayPowerController2[0]: Brightness [8.54597E-4] reason changing to: 'manual [ dim ]', previous reason: 'manual'.
06-10 00:59:00.091  2843  2910 I DisplayPowerController2[0]: BrightnessEvent: disp=0, physDisp=local:4630946545580055171, displayState=ON, displayPolicy=DIM, brt=8.54597E-4, initBrt=0.11466359, rcmdBrt=NaN, preBrt=NaN, lux=0.0, preLux=0.0, hbmMax=0.499938, hbmMode=off, rbcStrength=50, thrmMax=1.0, powerFactor=1.0, wasShortTermModelActive=false, flags=, reason=manual [ dim ], autoBrightness=false, strategy=InvalidBrightnessStrategy, autoBrightnessMode=default
06-10 00:59:00.097  2089  2757 D SDM     : DisplayBuiltIn::SetPanelBrightness: Primary: Display Setting brightness to level 1865 (11.380762 percent)
06-10 00:59:00.097  2250  2584 D MI-SF   : callback LOCKFPS value 1
06-10 00:59:00.098  2250  2584 D MI-SF   : isIdleTimerSkip is 1,mSetIdleForceFlag = 0
06-10 00:59:00.102  2089  2276 D SDM     : HWDeviceDRM::SetupConcurrentWriteback: Tear down the Concurrent Writeback topology
06-10 00:59:00.105  2089  5138 D SDM     : HWCSession::NotifyCWBStatus: Notify the client about buffer status 0. Display: 0
06-10 00:59:00.106  2089  5138 I SDM     : HWCSession::ProcessCWBStatus: CWB queue is empty. display_index: 0
06-10 00:59:00.106  2089  2757 D SDM     : DisplayBuiltIn::SetPanelBrightness: Primary: Display Setting brightness to level 1738 (10.605370 percent)
06-10 00:59:00.109  2174  9988 D StNfcHal: (#0D71B) Rx 6f 02 0f 21 20 00 a2 0a 08 06 00 03 ff b7 b3 2e f6 3c 
06-10 00:59:00.109  2174  9987 D StNfcHal: HalStopTimer 
06-10 00:59:00.109  8618  9950 D libnfc_nci: nfc_ncif_process_event; NFC received ntf gid:15
06-10 00:59:00.110  8618  9950 I libnfc_nci: StFwNtfManager::handleVsLogData; data_len: 0x0012 
06-10 00:59:00.110  8618  9950 I libnfc_nci: StFwNtfManager::StSendFwLogData; send (21) 12b: a20a...
06-10 00:59:00.116  3433  5125 D libsensor-parseRGB: the value of RGB [28.160132 27.193492 25.475767]
06-10 00:59:00.120  2174  9988 D StNfcHal: (#0D71C) Rx 6f 02 34 21 20 00 a2 0a 09 06 00 00 ff b7 b3 2e fb e4 a2 0a 0b 06 ff f4 ff b0 b3 2e fb ec a2 0a 
06-10 00:59:00.120  2174  9988 D StNfcHal: (#0D71C) rx 0b 07 ff f4 ff b0 b3 2e fb ef 15 05 03 b3 2e fb f8 12 04 b3 2e fc af 
06-10 00:59:00.120  2174  9987 D StNfcHal: HalStopTimer 
06-10 00:59:00.121  8618  9950 D libnfc_nci: nfc_ncif_process_event; NFC received ntf gid:15
06-10 00:59:00.121  8618  9950 I libnfc_nci: StFwNtfManager::handleVsLogData; data_len: 0x0037 
06-10 00:59:00.121  2089  2757 D SDM     : DisplayBuiltIn::SetPanelBrightness: Primary: Display Setting brightness to level 1620 (9.882919 percent)
06-10 00:59:00.121  8618  9950 I libnfc_nci: StFwNtfManager::StSendFwLogData; send (21) 12b: a20a...
06-10 00:59:00.122  8618  9950 I libnfc_nci: StFwNtfManager::StSendFwLogData; send (21) 12b: a20a...
06-10 00:59:00.122  8618  9950 I libnfc_nci: StFwNtfManager::StSendFwLogData; send (21) 12b: a20a...
06-10 00:59:00.122  8618  9950 I libnfc_nci: StFwNtfManager::StSendFwLogData; send (21) 7b: 1505...
06-10 00:59:00.123  8618  9950 I libnfc_nci: StFwNtfManager::StSendFwLogData; send (21) 6b: 1204...
06-10 00:59:00.130  2174  9988 D StNfcHal: (#0D71D) Rx 6f 02 0d 21 20 00 0a 08 01 00 01 52 b3 2f 08 33 
06-10 00:59:00.130  2174  9987 D StNfcHal: HalStopTimer 
06-10 00:59:00.130  8618  9950 D libnfc_nci: nfc_ncif_process_event; NFC received ntf gid:15
06-10 00:59:00.130  8618  9950 I libnfc_nci: StFwNtfManager::handleVsLogData; data_len: 0x0010 
06-10 00:59:00.131  8618  9950 I libnfc_nci: StFwNtfManager::StSendFwLogData; send (21) 10b: 0a08...
06-10 00:59:00.138  2089  2757 D SDM     : DisplayBuiltIn::SetPanelBrightness: Primary: Display Setting brightness to level 1510 (9.209833 percent)
06-10 00:59:00.140  2174  9988 D StNfcHal: (#0D71E) Rx 6f 02 0f 21 20 00 0a 0a 07 00 03 05 00 08 b3 2f 0d a7 
06-10 00:59:00.140  2174  9987 D StNfcHal: HalStopTimer 
06-10 00:59:00.140  8618  9950 D libnfc_nci: nfc_ncif_process_event; NFC received ntf gid:15
06-10 00:59:00.140  8618  9950 I libnfc_nci: StFwNtfManager::handleVsLogData; data_len: 0x0012 
06-10 00:59:00.141  8618  9950 I libnfc_nci: StFwNtfManager::StSendFwLogData; send (21) 12b: 0a0a...
06-10 00:59:00.146  2769  3146 D AudioTrackImpl: [audioTrackData][zero] 48s(f:0 m:0 s:0 k:0 z:48001) : pid 2769 uid 10314 sessionId 63345 sr 48000 ch 2 fmt 1
06-10 00:59:00.157  2089  2757 D SDM     : DisplayBuiltIn::SetPanelBrightness: Primary: Display Setting brightness to level 1407 (8.582738 percent)
06-10 00:59:00.172  2174  9988 D StNfcHal: (#0D71F) Rx 6f 02 11 21 20 00 0a 0c 19 00 05 00 ff ff 00 03 b3 2f 2b 37 
06-10 00:59:00.173  2174  9987 D StNfcHal: HalStopTimer 
06-10 00:59:00.173  8618  9950 D libnfc_nci: nfc_ncif_process_event; NFC received ntf gid:15
06-10 00:59:00.174  8618  9950 I libnfc_nci: StFwNtfManager::handleVsLogData; data_len: 0x0014 
06-10 00:59:00.174  8618  9950 I libnfc_nci: StFwNtfManager::StSendFwLogData; send (21) 14b: 0a0c...
06-10 00:59:00.175  2089  2757 D SDM     : DisplayBuiltIn::SetPanelBrightness: Primary: Display Setting brightness to level 1311 (7.998544 percent)
06-10 00:59:00.184  2174  9988 D StNfcHal: (#0D720) Rx 6f 02 0f 21 20 00 0a 0a 0a 00 03 26 01 00 b3 2f 36 c5 
06-10 00:59:00.185  2174  9987 D StNfcHal: HalStopTimer 
06-10 00:59:00.187  8618  9950 D libnfc_nci: nfc_ncif_process_event; NFC received ntf gid:15
06-10 00:59:00.188  8618  9950 I libnfc_nci: StFwNtfManager::handleVsLogData; data_len: 0x0012 
06-10 00:59:00.188  8618  9950 I libnfc_nci: StFwNtfManager::StSendFwLogData; send (21) 12b: 0a0a...
06-10 00:59:00.192  2089  2757 D SDM     : DisplayBuiltIn::SetPanelBrightness: Primary: Display Setting brightness to level 1222 (7.454349 percent)
06-10 00:59:00.197  2174  9988 D StNfcHal: (#0D721) Rx 6f 02 09 21 20 00 13 04 b3 2f 39 04 
06-10 00:59:00.197  2174  9987 D StNfcHal: HalStopTimer 
06-10 00:59:00.201  8618  9950 D libnfc_nci: nfc_ncif_process_event; NFC received ntf gid:15
06-10 00:59:00.201  8618  9950 I libnfc_nci: StFwNtfManager::handleVsLogData; data_len: 0x000C 
06-10 00:59:00.201  8618  9950 I libnfc_nci: StFwNtfManager::StSendFwLogData; send (21) 6b: 1304...
06-10 00:59:00.205  2089  2757 D SDM     : DisplayBuiltIn::SetPanelBrightness: Primary: Display Setting brightness to level 1139 (6.947188 percent)
06-10 00:59:00.222  2089  2757 D SDM     : DisplayBuiltIn::SetPanelBrightness: Primary: Display Setting brightness to level 1062 (6.474545 percent)
06-10 00:59:00.239  2089  2757 D SDM     : DisplayBuiltIn::SetPanelBrightness: Primary: Display Setting brightness to level 989 (6.034057 percent)
06-10 00:59:00.240  3433  5133 I libsensor-displayalgo: the value of channelCali C:4950.545675,R:3489.083317,G:1133.309249,B:518.691814,scales C:1.187486,R:1.172675,G:1.376576,B:1.229123
06-10 00:59:00.240  3433  5133 D libsensor-displayalgo: brightness:469.000000,R:1545.953125,G:1431.604132,B:1240.166451,EVENT C:6453.000000,R:4472.000000,G:1603.500000,B:696.500000, lux: 29.845512,cct:2949.876953, irPara: 0
06-10 00:59:00.255  2089  2757 D SDM     : DisplayBuiltIn::SetPanelBrightness: Primary: Display Setting brightness to level 922 (5.623517 percent)
06-10 00:59:00.271  2089  2757 D SDM     : DisplayBuiltIn::SetPanelBrightness: Primary: Display Setting brightness to level 860 (5.240889 percent)
06-10 00:59:00.285  2089  2799 I vendor.qti.hardware.display.composer-service: FrameNotifyProcess Sensor: notify citsensorservice to trigger cwb
06-10 00:59:00.286  3433  5124 I libsensor-parseRGB: request dump start for mRequestDisplayId 0
06-10 00:59:00.286  3433  5124 D vendor.xiaomi.sensor.citsensorservice@2.0-service: handle id:10 wxh:1536x3200 uwxuh:1440x3200 size: 14745600 fd:16 fd_meta:17 flags:0x228 usage:0x33  format:0x3 layer_count: 1 reserved_size = 0
06-10 00:59:00.287  2089  2757 W SDM     : HWCSession::GetDisplayIndex: Display index not found for display 3.
06-10 00:59:00.287  2089  2757 D SDM     : HWCSession::SetCWBOutputBuffer: CWB config passed by cwb_client : tappoint 1  CWB_ROI : (473.000000 173.000000 714.000000 414.000000). Display 0
06-10 00:59:00.289  2089 18966 D SDM     : DisplayBuiltIn::SetPanelBrightness: Primary: Display Setting brightness to level 801 (4.884274 percent)
06-10 00:59:00.308  2089 18966 D SDM     : DisplayBuiltIn::SetPanelBrightness: Primary: Display Setting brightness to level 747 (4.551908 percent)
06-10 00:59:00.319  2089  2276 D SDM     : HWDeviceDRM::SetupConcurrentWriteback: Tear down the Concurrent Writeback topology
06-10 00:59:00.322  2089  5138 D SDM     : HWCSession::NotifyCWBStatus: Notify the client about buffer status 0. Display: 0
06-10 00:59:00.322  2089  5138 I SDM     : HWCSession::ProcessCWBStatus: CWB queue is empty. display_index: 0
06-10 00:59:00.324  2089 18966 D SDM     : DisplayBuiltIn::SetPanelBrightness: Primary: Display Setting brightness to level 696 (4.242355 percent)
06-10 00:59:00.332  3433  5125 D libsensor-parseRGB: the value of RGB [23.944181 23.161534 21.767399]
06-10 00:59:00.339  2089 18966 D SDM     : DisplayBuiltIn::SetPanelBrightness: Primary: Display Setting brightness to level 649 (3.954036 percent)
06-10 00:59:00.343  3312  3312 I cnss-daemon: nl80211 response handler invoked
06-10 00:59:00.343  3312  3312 I cnss-daemon: nl80211_response_handler: cmd 103, vendorID 4980, subcmd 13  received
06-10 00:59:00.343  2026 32643 I WifiHAL : event received NL80211_CMD_VENDOR, vendor_id = 0x1374, subcmd = 0xd
06-10 00:59:00.356  2089 18966 D SDM     : DisplayBuiltIn::SetPanelBrightness: Primary: Display Setting brightness to level 605 (3.685460 percent)
06-10 00:59:00.372  2089 18966 D SDM     : DisplayBuiltIn::SetPanelBrightness: Primary: Display Setting brightness to level 564 (3.435253 percent)
06-10 00:59:00.389  2089 18966 D SDM     : DisplayBuiltIn::SetPanelBrightness: Primary: Display Setting brightness to level 526 (3.202150 percent)
06-10 00:59:00.389  2250  2793 E MI-SF   : Force skip idle timer[true]
06-10 00:59:00.389  2250  2793 D MI-SF   : isIdleTimerSkip is 1,mSetIdleForceFlag = 0
06-10 00:59:00.389  2250  2793 D MI-SF   : isTpIdleScene ,mAverageFrameRate is 60, 0 
06-10 00:59:00.389  2250  2793 D MI-SF   : modeGroup0 mIsSupportAutomodeForMaxFpsSetting is 1(1), getCurrentBrightness() = 526(528), mIsKeepAutoMode 0
06-10 00:59:00.389  2250  2793 D RefreshRateSelector: fixedMode_group: 0, isFindModeGroup 0
06-10 00:59:00.389  2250  2793 D RefreshRateSelector: find max refresh rate:60, mode Group:0
06-10 00:59:00.389  2250  2793 D DisplayModeController: setDesiredMode 4630946545580055171 {mode={fps=60.00 Hz, modePtr={id=0, vsyncRate=60.00 Hz, peakRefreshRate=60.00 Hz}}, emitEvent=true, force=false}
06-10 00:59:00.390  2089 18966 I SDM     : HWEventsDRM::SetEventState: Setup vsync event for CRTC 176, Connector 65
06-10 00:59:00.400  2089 18966 I SDM     : HWCFunctionTimer::noticeTimerFps: displayid:65, fps: 60
06-10 00:59:00.400  2089 18966 I SDM     : HWCDisplay::SetActiveConfigWithConstraints: display:65-0, config: 0, WxH 1440x3200, fps 60
06-10 00:59:00.401  2089 18966 W SDM     : HWDeviceDRM::GetSupportedBitClkRate: Requested rate not supported: 1360000000
06-10 00:59:00.401  2089 18966 I SDM     : HWDeviceDRM::UpdateMixerAttributes: Mixer WxH 1440x3200-1 for Peripheral
06-10 00:59:00.402  2089 18966 I SDM     : HWCDisplay::SubmitDisplayConfig: Active configuration changed from config 1 to 0
06-10 00:59:00.402  2089 18966 I SDM     : HWCDisplay::SubmitDisplayConfig: Active WxH 1440x3200 ,ddic_mode:normal, timing_fps: 60, sf_fps: 60
06-10 00:59:00.405  2089 18966 D SDM     : DisplayBuiltIn::SetPanelBrightness: Primary: Display Setting brightness to level 490 (2.987212 percent)
06-10 00:59:00.409  2139  2385 D FPSMonitor: threadFuncFpsMonitor display 0, fps 60
06-10 00:59:00.418  2250  2250 D MI-SF   : isTpIdleScene ,mAverageFrameRate is 60, 0 
06-10 00:59:00.418  2250  2250 D MI-SF   : modeGroup0 mIsSupportAutomodeForMaxFpsSetting is 1(1), getCurrentBrightness() = 490(528), mIsKeepAutoMode 0
06-10 00:59:00.418  2250  2250 D RefreshRateSelector: fixedMode_group: 0, isFindModeGroup 0
06-10 00:59:00.418  2250  2250 D RefreshRateSelector: find max refresh rate:60, mode Group:0
06-10 00:59:00.419  2843  2871 I DisplayDeviceRepository: Display device changed: DisplayDeviceInfo{"内置屏幕": uniqueId="local:4630946545580055171", 1440 x 3200, modeId 1, renderFrameRate 60.000004, defaultModeId 2, userPreferredModeId -1, supportedModes [{id=1, width=1440, height=3200, fps=60.000004, vsync=60.000004, synthetic=false, alternativeRefreshRates=[30.000002, 40.0, 90.0, 120.00001], supportedHdrTypes=[1, 2, 3, 4]}, {id=2, width=1440, height=3200, fps=120.00001, vsync=120.00001, synthetic=false, alternativeRefreshRates=[30.000002, 40.0, 60.000004, 60.000004, 60.000004, 60.000004, 60.000004, 90.0], supportedHdrTypes=[1, 2, 3, 4]}, {id=3, width=1440, height=3200, fps=90.0, vsync=90.0, synthetic=false, alternativeRefreshRates=[30.000002, 40.0, 60.000004, 60.000004, 60.000004, 60.000004, 60.000004, 120.00001], supportedHdrTypes=[1, 2, 3, 4]}, {id=4, width=1440, height=3200, fps=40.0, vsync=40.0, synthetic=false, alternativeRefreshRates=[30.000002, 60.000004, 60.000004, 60.000004, 60.000004, 60.000004, 90.0, 120.00001], supportedHdrTypes=[1, 2, 3, 4]}, {id=5, width=1440, height=3200, fps=30.000002, vsync=30.000002, synthetic=false, alternativeRefreshRates=[40.0, 60.000004, 60.000004, 60.000004, 60.000004, 60.000004, 90.0, 120.00001], supportedHdrTypes=[1, 2, 3, 4]}], colorMode 0, supportedColorModes [0, 7, 9], hdrCapabilities HdrCapabilities{mSupportedHdrTypes=[1, 2, 3, 4], mMaxLuminance=900.0, mMaxAverageLuminance=450.1615, mMinLuminance=0.323}, allmSupported false, gameContentTypeSupported false, density 560, 521.768 x 521.694 dpi, appVsyncOff 1000000, presDeadline 16666666, cutout DisplayCutout{insets=Rect(0, 122 - 0, 0) waterfall=Insets{left=0, top=0, right=0, bottom=0} boundingRect={Bounds=[Rect(0, 0 - 0, 0), Rect(678, 0 - 762, 122), Rect(0, 0 - 0, 0), Rect(0, 0 - 0, 0)]} cutoutPathParserInfo={CutoutPathParserInfo{displayWidth=1440 displayHeight=3200 physicalDisplayWidth=1440 physicalDisplayHeight=3200 density={3.5} cutoutSpec={M 0,0 H -42 V 122 H 42 V 0 H 0 Z} rotation={0} scale={1.0} physicalPixelDisplaySizeRatio={1.0}}} sideOverrides={}}, touch INTERNAL, rotation 0, type INTERNAL, address {port=131, model=0x40446d58ef1f1a}, deviceProductInfo DeviceProductInfo{name=, manufacturerPnpId=QCM, productId=1, modelYear=null, manufactureDate=ManufactureDate{week=27, year=2006}, connectionToSinkType=0}, state ON, committedState ON, frameRateOverride , brightnessMinimum 0.0, brightnessMaximum 1.0, brightnessDefault 0.07496032, hdrSdrRatio NaN, roundedCorners RoundedCorners{[RoundedCorner{position=TopLeft, radius=140, center=Point(140, 140)}, RoundedCorner{position=TopRight, radius=140, center=Point(1300, 140)}, RoundedCorner{position=BottomRight, radius=140, center=Point(1300, 3060)}, RoundedCorner{position=BottomLeft, radius=140, center=Point(140, 3060)}]}, FLAG_ALLOWED_TO_BE_DEFAULT_DISPLAY, FLAG_ROTATES_WITH_CONTENT, FLAG_SECURE, FLAG_SUPPORTS_PROTECTED_BUFFERS, FLAG_TRUSTED, installOrientation 0, displayShape DisplayShape{ spec=1406003047 displayWidth=1440 displayHeight=3200 physicalPixelDisplaySizeRatio=1.0 rotation=0 offsetX=0 offsetY=0 scale=1.0}}
06-10 00:59:00.419 30505 30516 I AONFaceEnpu: frame: 3, width: 105, height: 37, center.x: 55, center.y: 202, gaze: 0
06-10 00:59:00.419 30505 30516 D AONFaceEnpu: mAONCallback mFace： 0, 0, 1
06-10 00:59:00.422  2089  2757 D SDM     : DisplayBuiltIn::SetPanelBrightness: Primary: Display Setting brightness to level 457 (2.783952 percent)
06-10 00:59:00.436  2089  2757 D SDM     : DisplayBuiltIn::SetPanelBrightness: Primary: Display Setting brightness to level 426 (2.594522 percent)
06-10 00:59:00.440  3433  5133 I libsensor-displayalgo: the value of channelCali C:2927.649861,R:2097.175731,G:656.459812,B:292.409948,scales C:1.187486,R:1.172675,G:1.376576,B:1.229123
06-10 00:59:00.440  3433  5133 D libsensor-displayalgo: brightness:238.000000,R:1082.031632,G:1005.745538,B:877.353076,EVENT C:4462.000000,R:3059.000000,G:1127.500000,B:490.500000, lux: 28.499542,cct:3343.207520, irPara: 0
06-10 00:59:00.453  2089  2757 D SDM     : DisplayBuiltIn::SetPanelBrightness: Primary: Display Setting brightness to level 397 (2.417982 percent)
06-10 00:59:00.455  2089  2200 I MiStcImpl: Dispatching command: 3 PCC
06-10 00:59:00.458  2843  5381 W ActivityManager: pid 2843 system sent binder code 31101 with flags 0 to frozen apps and got error -74
06-10 00:59:00.475  2089  2757 D SDM     : DisplayBuiltIn::SetPanelBrightness: Primary: Display Setting brightness to level 370 (2.253454 percent)
06-10 00:59:00.476  2089  2200 I MiStcImpl: Dispatching command: 3 PCC
06-10 00:59:00.478  2843  5381 W ActivityManager: pid 2843 system sent binder code 31101 with flags 0 to frozen apps and got error -74
06-10 00:59:00.492  2089  2799 I vendor.qti.hardware.display.composer-service: FrameNotifyProcess Sensor: notify citsensorservice to trigger cwb
06-10 00:59:00.493  2089  2757 D SDM     : DisplayBuiltIn::SetPanelBrightness: Primary: Display Setting brightness to level 345 (2.100121 percent)
06-10 00:59:00.494  3433  5124 I libsensor-parseRGB: request dump start for mRequestDisplayId 0
06-10 00:59:00.494  3433  5124 D vendor.xiaomi.sensor.citsensorservice@2.0-service: handle id:10 wxh:1536x3200 uwxuh:1440x3200 size: 14745600 fd:16 fd_meta:17 flags:0x228 usage:0x33  format:0x3 layer_count: 1 reserved_size = 0
06-10 00:59:00.494  2089  2200 I MiStcImpl: Dispatching command: 3 PCC
06-10 00:59:00.494  2089  2757 W SDM     : HWCSession::GetDisplayIndex: Display index not found for display 3.
06-10 00:59:00.494  2089  2757 D SDM     : HWCSession::SetCWBOutputBuffer: CWB config passed by cwb_client : tappoint 1  CWB_ROI : (473.000000 173.000000 714.000000 414.000000). Display 0
06-10 00:59:00.503  2089  2757 D SDM     : DisplayBuiltIn::SetPanelBrightness: Primary: Display Setting brightness to level 322 (1.957222 percent)
06-10 00:59:00.505  2843  5381 W ActivityManager: pid 2843 system sent binder code 31101 with flags 0 to frozen apps and got error -74
06-10 00:59:00.506  2089  2200 I MiStcImpl: Dispatching command: 3 PCC
06-10 00:59:00.509  2843  5381 W ActivityManager: pid 2843 system sent binder code 31101 with flags 0 to frozen apps and got error -74
06-10 00:59:00.514  2233  2233 I [THP-ALG]: alg_input_report:Touch Down: id: 0
06-10 00:59:00.519  2089  2276 D SDM     : HWDeviceDRM::SetupConcurrentWriteback: Tear down the Concurrent Writeback topology
06-10 00:59:00.521  2089  2757 D SDM     : DisplayBuiltIn::SetPanelBrightness: Primary: Display Setting brightness to level 300 (1.825520 percent)
06-10 00:59:00.522  2089  5138 D SDM     : HWCSession::NotifyCWBStatus: Notify the client about buffer status 0. Display: 0
06-10 00:59:00.523  2089  5138 I SDM     : HWCSession::ProcessCWBStatus: CWB queue is empty. display_index: 0
06-10 00:59:00.523  2089  2200 I MiStcImpl: Dispatching command: 3 PCC
06-10 00:59:00.526  2843  5381 W ActivityManager: pid 2843 system sent binder code 31101 with flags 0 to frozen apps and got error -74
06-10 00:59:00.531  3433  5125 D libsensor-parseRGB: the value of RGB [21.907761 21.206872 19.949212]
06-10 00:59:00.539  2089  2757 D SDM     : DisplayBuiltIn::SetPanelBrightness: Primary: Display Setting brightness to level 280 (1.701148 percent)
06-10 00:59:00.540  2089  2200 I MiStcImpl: Dispatching command: 3 PCC
06-10 00:59:00.544  2843  5381 W ActivityManager: pid 2843 system sent binder code 31101 with flags 0 to frozen apps and got error -74
06-10 00:59:00.548  2843  5382 I SmartPower: com.miui.systemAdSolution/10153(14102): background->idle(3001ms) R(broadcast start Intent { act=android.intent.action.BATTERY_CHANGED flg=0x60000010 (has extras) }) adj=100.
06-10 00:59:00.555  2089  2757 D SDM     : DisplayBuiltIn::SetPanelBrightness: Primary: Display Setting brightness to level 261 (1.585529 percent)
06-10 00:59:00.556  2089  2200 I MiStcImpl: Dispatching command: 3 PCC
06-10 00:59:00.559  2843  5381 W ActivityManager: pid 2843 system sent binder code 31101 with flags 0 to frozen apps and got error -74
06-10 00:59:00.564  2843  5382 I SmartPower: com.tencent.wetype/10436(16390): background->idle(3005ms) R(broadcast start Intent { act=android.intent.action.BATTERY_CHANGED flg=0x60000010 (has extras) }) adj=905.
06-10 00:59:00.568  2843  5382 I SmartPower: com.mi.health/10237(29793): background->idle(3007ms) R(broadcast start Intent { act=android.intent.action.BATTERY_CHANGED flg=0x60000010 (has extras) }) adj=965.
06-10 00:59:00.568  2843  5382 I SmartPower: com.mi.health:device/10237(29821): background->idle(3010ms) R(broadcast start Intent { act=android.intent.action.BATTERY_CHANGED flg=0x60000010 (has extras) }) adj=965.
06-10 00:59:00.572  2089  2757 D SDM     : DisplayBuiltIn::SetPanelBrightness: Primary: Display Setting brightness to level 243 (1.477883 percent)
06-10 00:59:00.573  2089  2200 I MiStcImpl: Dispatching command: 3 PCC
06-10 00:59:00.576  2843  5381 W ActivityManager: pid 2843 system sent binder code 31101 with flags 0 to frozen apps and got error -74
06-10 00:59:00.589  2089  2757 D SDM     : DisplayBuiltIn::SetPanelBrightness: Primary: Display Setting brightness to level 227 (1.377598 percent)
06-10 00:59:00.589  2089  2200 I MiStcImpl: Dispatching command: 3 PCC
06-10 00:59:00.592  2843  5381 W ActivityManager: pid 2843 system sent binder code 31101 with flags 0 to frozen apps and got error -74
06-10 00:59:00.604  2843  4958 I MIUIInput: [MotionEvent] notifyMotion - eventTime=313432481096000, deviceId=7, source=0x1002, policyFlags=0x0, action=0x0, flags=0x80, downTime=313432481096000
06-10 00:59:00.604  2250  2796 D MI-SF	 : TouchMonitorThread: BTN_TOUCH: 0x1
06-10 00:59:00.605  2089  2757 D SDM     : DisplayBuiltIn::SetPanelBrightness: Primary: Display Setting brightness to level 211 (1.284138 percent)
06-10 00:59:00.607  2250  2250 D RefreshRateSelector: Touch Boost
06-10 00:59:00.607  2250  2250 D MI-SF   : modeGroup0 mIsSupportAutomodeForMaxFpsSetting is 1(1), getCurrentBrightness() = 211(528), mIsKeepAutoMode 0
06-10 00:59:00.607  2250  2250 D RefreshRateSelector: fixedMode_group: 0, isFindModeGroup 0
06-10 00:59:00.607  2250  2250 D RefreshRateSelector: find max refresh rate:60, mode Group:0
06-10 00:59:00.607  2843  4800 W AttentionManagerService: Attention check failed, callers: com.android.server.attention.AttentionManagerService.cancelAttentionCheck:350 com.android.server.attention.AttentionManagerService$LocalService.cancelAttentionCheck:548 com.android.server.power.AttentionDetector.cancelCurrentRequestIfAny:304 
06-10 00:59:00.608  2089  2200 I MiStcImpl: Dispatching command: 3 PCC
06-10 00:59:00.608  2843  4800 I AttentionDetector: Failed to check attention: 3, ID: 37
06-10 00:59:00.609  2174  9988 D StNfcHal: (#0D722) Rx 6f 02 09 21 20 00 12 04 b3 30 a3 13 
06-10 00:59:00.609  2174  9987 D StNfcHal: HalStopTimer 
06-10 00:59:00.610 30505 30516 I AonAttentionService: onCancelAttentionCheck start
06-10 00:59:00.610 30505 30516 I AONAdapter: <======unregisterListener type: 4, current client num: 13
06-10 00:59:00.610 30505 30516 D AONFaceEnpu: FaceEventUnRegister type: 4, FaceEventUnRegister 0, 0, 0
06-10 00:59:00.611  8618  9950 D libnfc_nci: nfc_ncif_process_event; NFC received ntf gid:15
06-10 00:59:00.611  8618  9950 I libnfc_nci: StFwNtfManager::handleVsLogData; data_len: 0x000C 
06-10 00:59:00.612  8618  9950 I libnfc_nci: StFwNtfManager::StSendFwLogData; send (21) 6b: 1204...
06-10 00:59:00.612  2843  2910 D DisplayPowerControllerImpl: updateBrightnessChangeStatus: animating: true, displayState: 2, slowChange: false, appliedDimming: false, currentBrightness: 0.012841379, currentSdrBrightness: 0.012841379, targetBrightness: 0.11466359, targetSdrBrightness: 0.11466359, previousDisplayPolicy: 2, currentDisplayPolicy: 3
06-10 00:59:00.616  2843  5381 W ActivityManager: pid 2843 system sent binder code 31101 with flags 0 to frozen apps and got error -74
06-10 00:59:00.621  2174  9988 D StNfcHal: (#0D723) Rx 6f 02 0d 21 20 00 0a 08 01 00 01 52 b3 30 ae 97 
06-10 00:59:00.621  2174  9987 D StNfcHal: HalStopTimer 
06-10 00:59:00.621  2843  2910 I DisplayPowerController2[0]: Brightness [0.11466359] reason changing to: 'manual', previous reason: 'manual [ dim ]'.
06-10 00:59:00.621  2843  2910 I DisplayPowerController2[0]: BrightnessEvent: disp=0, physDisp=local:4630946545580055171, displayState=ON, displayPolicy=BRIGHT, brt=0.11466359, initBrt=8.54597E-4, rcmdBrt=NaN, preBrt=NaN, lux=0.0, preLux=0.0, hbmMax=0.499938, hbmMode=off, rbcStrength=50, thrmMax=1.0, powerFactor=1.0, wasShortTermModelActive=false, flags=, reason=manual, autoBrightness=false, strategy=InvalidBrightnessStrategy, autoBrightnessMode=default
06-10 00:59:00.622  8618  9950 D libnfc_nci: nfc_ncif_process_event; NFC received ntf gid:15
06-10 00:59:00.622  8618  9950 I libnfc_nci: StFwNtfManager::handleVsLogData; data_len: 0x0010 
06-10 00:59:00.623  8618  9950 I libnfc_nci: StFwNtfManager::StSendFwLogData; send (21) 10b: 0a08...
06-10 00:59:00.623  2843  2871 D DisplayManagerService: Ignore redundant display event 0/4 to 10274/741
06-10 00:59:00.624  2843  2871 D DisplayManagerService: Ignore redundant display event 0/4 to 10271/6666
06-10 00:59:00.624  2843  2871 D DisplayManagerService: Ignore redundant display event 0/4 to 10151/6800
06-10 00:59:00.624  2843  2871 D DisplayManagerService: Ignore redundant display event 0/4 to 10130/8637
06-10 00:59:00.624  2843  2871 D DisplayManagerService: Ignore redundant display event 0/4 to 99910238/14826
06-10 00:59:00.624  2843  2871 D DisplayManagerService: Ignore redundant display event 0/4 to 10148/25084
06-10 00:59:00.624  2843  2871 D DisplayManagerService: Ignore redundant display event 0/4 to 10119/29928
06-10 00:59:00.624  2843  2871 D DisplayManagerService: Ignore redundant display event 0/4 to 10114/31135
06-10 00:59:00.624  2843  2871 D DisplayManagerService: Ignore redundant display event 0/4 to 10270/31569
06-10 00:59:00.624 30505 30516 D AONFaceEnpu: FaceEventUnRegister mPeriodUnThread.start() completed.
06-10 00:59:00.625 30505  3513 D AONFaceEnpu: FaceEventManager SM reference[0 0 0], mAONPolicy: POLICY_SIGNAL_MODE
06-10 00:59:00.625 30505  3513 I AONFaceEnpu: FaceEventManager change status from FS_EXIST_ROIEYE to FS_NONE
06-10 00:59:00.625 30505  3513 D AONFaceEnpu: FaceEnpuAONCancel
06-10 00:59:00.625  2089  2757 D SDM     : DisplayBuiltIn::SetPanelBrightness: Primary: Display Setting brightness to level 236 (1.432549 percent)
06-10 00:59:00.626  2089  2200 I MiStcImpl: Dispatching command: 3 PCC
06-10 00:59:00.627 30505  3513 I AONAdapter: unSubscribe FACEEYEGAZE success!!!
06-10 00:59:00.629  1975  2057 E minksocket: MinkIPC_QRTR_Service: client with node 1 port 4da4 went down
06-10 00:59:00.629  1975  2060 E minksocket: MinkIPC_QRTR_Service: client with node 1 port 4da4 went down
06-10 00:59:00.631  2174  9988 D StNfcHal: (#0D724) Rx 6f 02 0f 21 20 00 0a 0a 07 00 03 05 00 08 b3 30 b4 0b 
06-10 00:59:00.631  2174  9987 D StNfcHal: HalStopTimer 
06-10 00:59:00.636  2089  2757 D SDM     : DisplayBuiltIn::SetPanelBrightness: Primary: Display Setting brightness to level 260 (1.580726 percent)
06-10 00:59:00.637  2089  2200 I MiStcImpl: Dispatching command: 3 PCC
06-10 00:59:00.639  3433  5133 I libsensor-displayalgo: the value of channelCali C:1453.845433,R:1041.204570,G:327.141453,B:140.072824,scales C:1.187486,R:1.172675,G:1.376576,B:1.229123
06-10 00:59:00.639  3433  5133 D libsensor-displayalgo: brightness:100.000000,R:889.847481,G:828.416123,B:724.163523,EVENT C:2703.500000,R:1781.000000,G:734.500000,B:325.000000, lux: 23.169424,cct:4055.716309, irPara: 0
06-10 00:59:00.640  2843  5381 W ActivityManager: pid 2843 system sent binder code 31101 with flags 0 to frozen apps and got error -74
06-10 00:59:00.640  8618  9950 D libnfc_nci: nfc_ncif_process_event; NFC received ntf gid:15
06-10 00:59:00.640  8618  9950 I libnfc_nci: StFwNtfManager::handleVsLogData; data_len: 0x0012 
06-10 00:59:00.640  8618  9950 I libnfc_nci: StFwNtfManager::StSendFwLogData; send (21) 12b: 0a0a...
06-10 00:59:00.641  2843  5381 W ActivityManager: pid 2843 system sent binder code 31101 with flags 0 to frozen apps and got error -74
06-10 00:59:00.653  2089  2757 D SDM     : DisplayBuiltIn::SetPanelBrightness: Primary: Display Setting brightness to level 284 (1.728677 percent)
06-10 00:59:00.655  2089  2200 I MiStcImpl: Dispatching command: 3 PCC
06-10 00:59:00.657  2843  5381 W ActivityManager: pid 2843 system sent binder code 31101 with flags 0 to frozen apps and got error -74
06-10 00:59:00.662  2174  9988 D StNfcHal: (#0D725) Rx 6f 02 11 21 20 00 0a 0c 19 00 05 00 ff ff 00 03 b3 30 d1 9a 
06-10 00:59:00.662  2174  9987 D StNfcHal: HalStopTimer 
06-10 00:59:00.662  8618  9950 D libnfc_nci: nfc_ncif_process_event; NFC received ntf gid:15
06-10 00:59:00.662  8618  9950 I libnfc_nci: StFwNtfManager::handleVsLogData; data_len: 0x0014 
06-10 00:59:00.663  8618  9950 I libnfc_nci: StFwNtfManager::StSendFwLogData; send (21) 14b: 0a0c...
06-10 00:59:00.671  2089  2757 D SDM     : DisplayBuiltIn::SetPanelBrightness: Primary: Display Setting brightness to level 308 (1.876407 percent)
06-10 00:59:00.672  2089  2200 I MiStcImpl: Dispatching command: 3 PCC
06-10 00:59:00.675  2174  9988 D StNfcHal: (#0D726) Rx 6f 02 0f 21 20 00 0a 0a 0a 00 03 26 01 00 b3 30 dd 28 
06-10 00:59:00.676  2174  9987 D StNfcHal: HalStopTimer 
06-10 00:59:00.677  8618  9950 D libnfc_nci: nfc_ncif_process_event; NFC received ntf gid:15
06-10 00:59:00.677  8618  9950 I libnfc_nci: StFwNtfManager::handleVsLogData; data_len: 0x0012 
06-10 00:59:00.677  2843  5381 W ActivityManager: pid 2843 system sent binder code 31101 with flags 0 to frozen apps and got error -74
06-10 00:59:00.677  8618  9950 I libnfc_nci: StFwNtfManager::StSendFwLogData; send (21) 12b: 0a0a...
06-10 00:59:00.686  2089  2757 D SDM     : DisplayBuiltIn::SetPanelBrightness: Primary: Display Setting brightness to level 333 (2.023918 percent)
06-10 00:59:00.687  2174  9988 D StNfcHal: (#0D727) Rx 6f 02 09 21 20 00 13 04 b3 30 df 67 
06-10 00:59:00.687  2174  9987 D StNfcHal: HalStopTimer 
06-10 00:59:00.687  8618  9950 D libnfc_nci: nfc_ncif_process_event; NFC received ntf gid:15
06-10 00:59:00.687  2089  2200 I MiStcImpl: Dispatching command: 3 PCC
06-10 00:59:00.688  8618  9950 I libnfc_nci: StFwNtfManager::handleVsLogData; data_len: 0x000C 
06-10 00:59:00.688  8618  9950 I libnfc_nci: StFwNtfManager::StSendFwLogData; send (21) 6b: 1304...
06-10 00:59:00.689  2843  5381 W ActivityManager: pid 2843 system sent binder code 31101 with flags 0 to frozen apps and got error -74
06-10 00:59:00.701  2089  2799 I vendor.qti.hardware.display.composer-service: FrameNotifyProcess Sensor: notify citsensorservice to trigger cwb
06-10 00:59:00.701  3433  5124 I libsensor-parseRGB: request dump start for mRequestDisplayId 0
06-10 00:59:00.701  3433  5124 D vendor.xiaomi.sensor.citsensorservice@2.0-service: handle id:10 wxh:1536x3200 uwxuh:1440x3200 size: 14745600 fd:16 fd_meta:17 flags:0x228 usage:0x33  format:0x3 layer_count: 1 reserved_size = 0
06-10 00:59:00.702  2089  2757 W SDM     : HWCSession::GetDisplayIndex: Display index not found for display 3.
06-10 00:59:00.702  2089  2757 D SDM     : HWCSession::SetCWBOutputBuffer: CWB config passed by cwb_client : tappoint 1  CWB_ROI : (473.000000 173.000000 714.000000 414.000000). Display 0
06-10 00:59:00.704  2089  2757 D SDM     : DisplayBuiltIn::SetPanelBrightness: Primary: Display Setting brightness to level 357 (2.171218 percent)
06-10 00:59:00.705  2089  2200 I MiStcImpl: Dispatching command: 3 PCC
06-10 00:59:00.707  2843  5381 W ActivityManager: pid 2843 system sent binder code 31101 with flags 0 to frozen apps and got error -74
06-10 00:59:00.720  2089  2757 D SDM     : DisplayBuiltIn::SetPanelBrightness: Primary: Display Setting brightness to level 381 (2.318312 percent)
06-10 00:59:00.721  2089  2200 I MiStcImpl: Dispatching command: 3 PCC
06-10 00:59:00.723  2843  5381 W ActivityManager: pid 2843 system sent binder code 31101 with flags 0 to frozen apps and got error -74
06-10 00:59:00.735  2089  2276 D SDM     : HWDeviceDRM::SetupConcurrentWriteback: Tear down the Concurrent Writeback topology
06-10 00:59:00.737  2089  5138 D SDM     : HWCSession::NotifyCWBStatus: Notify the client about buffer status 0. Display: 0
06-10 00:59:00.737  2089  2757 D SDM     : DisplayBuiltIn::SetPanelBrightness: Primary: Display Setting brightness to level 405 (2.465193 percent)
06-10 00:59:00.738  2089  5138 I SDM     : HWCSession::ProcessCWBStatus: CWB queue is empty. display_index: 0
06-10 00:59:00.738  2089  2200 I MiStcImpl: Dispatching command: 3 PCC
06-10 00:59:00.738  2843  2891 I ExtM    : the number of flushable pages is relatively few
06-10 00:59:00.742  2843  5381 W ActivityManager: pid 2843 system sent binder code 31101 with flags 0 to frozen apps and got error -74
06-10 00:59:00.752  2089  2757 D SDM     : DisplayBuiltIn::SetPanelBrightness: Primary: Display Setting brightness to level 429 (2.611861 percent)
06-10 00:59:00.755  2233  2233 I [THP-APP]: release_check_add_point:slot: 0, slot_trend_filter_status 1
06-10 00:59:00.756  2843  4958 I MIUIInput: [MotionEvent] notifyMotion - eventTime=313432633054000, deviceId=7, source=0x1002, policyFlags=0x0, action=0x1, flags=0x80, downTime=313432481096000
06-10 00:59:00.756  2250  2796 D MI-SF	 : TouchMonitorThread: BTN_TOUCH: 0x0
06-10 00:59:00.762  3433  5125 D libsensor-parseRGB: the value of RGB [22.070298 21.363576 20.092866]
06-10 00:59:00.763  2233  2233 I [THP-HAL]: release_all:force:0
06-10 00:59:00.769  2089  2757 D SDM     : DisplayBuiltIn::SetPanelBrightness: Primary: Display Setting brightness to level 453 (2.758236 percent)
06-10 00:59:00.785  2089  2757 D SDM     : DisplayBuiltIn::SetPanelBrightness: Primary: Display Setting brightness to level 477 (2.904349 percent)
06-10 00:59:00.803  2089  2757 D SDM     : DisplayBuiltIn::SetPanelBrightness: Primary: Display Setting brightness to level 501 (3.050214 percent)
06-10 00:59:00.820  2089  2757 D SDM     : DisplayBuiltIn::SetPanelBrightness: Primary: Display Setting brightness to level 525 (3.195899 percent)
06-10 00:59:00.835  2250  2793 E MI-SF   : Force skip idle timer[false]
06-10 00:59:00.835  2089  2757 D SDM     : DisplayBuiltIn::SetPanelBrightness: Primary: Display Setting brightness to level 548 (3.341424 percent)
06-10 00:59:00.835  2250  2793 D RefreshRateSelector: Touch Boost
06-10 00:59:00.835  2250  2793 D MI-SF   : modeGroup0 mIsSupportAutomodeForMaxFpsSetting is 1(1), getCurrentBrightness() = 548(528), mIsKeepAutoMode 0
06-10 00:59:00.835  2250  2793 D RefreshRateSelector: fixedMode_group: 37486848, isFindModeGroup 1
06-10 00:59:00.835  2250  2793 D RefreshRateSelector: find max refresh rate:60, mode Group:37486848
06-10 00:59:00.836  2250  2793 D DisplayModeController: setDesiredMode 4630946545580055171 {mode={fps=60.00 Hz, modePtr={id=1, vsyncRate=60.00 Hz, peakRefreshRate=60.00 Hz}}, emitEvent=true, force=false}
06-10 00:59:00.836  2089  2757 I SDM     : HWEventsDRM::SetEventState: Setup vsync event for CRTC 176, Connector 65
